2023-11-17 17:11:46.027  1861-2861  WifiScoreReport         system_server                        I   rawScore = 84, score = 60, wifiInfo.score = 60
2023-11-17 17:11:46.630  1088-5897  StNfcHal                android.hardware.nfc@1.2-service.st  E  echo thread wakeup from chip...
2023-11-17 17:11:46.733 30810-30814 bms_file                bms_behavior                         E  file /sys/class/hw_power/charger/direct_charger/direct_charge_succ is invalid
2023-11-17 17:11:46.736 30810-30814 bms_file                bms_behavior                         E  file /sys/class/hw_power/charger/direct_charger/direct_charge_succ is invalid
2023-11-17 17:11:46.759 30810-30814 bms_file                bms_behavior                         E  file /sys/class/hw_power/charger/direct_charger/direct_charge_succ is invalid
2023-11-17 17:11:46.762 30810-30814 bms_file                bms_behavior                         E  file /sys/class/hw_power/charger/direct_charger/direct_charge_succ is invalid
2023-11-17 17:11:46.765 30810-30814 bms_behavior            bms_behavior                         I  thermal reason invalid
2023-11-17 17:11:46.781 16697-16697 top                     pid-16697                            W  type=1400 audit(0.0:1079575): avc: denied { read } for scontext=u:r:bms:s0 tcontext=u:r:servicemanager:s0 tclass=file permissive=0
2023-11-17 17:11:46.781 16697-16697 top                     pid-16697                            W  type=1400 audit(0.0:1079576): avc: denied { read } for scontext=u:r:bms:s0 tcontext=u:r:hwservicemanager:s0 tclass=file permissive=0
2023-11-17 17:11:46.781 16697-16697 top                     pid-16697                            W  type=1400 audit(0.0:1079577): avc: denied { read } for scontext=u:r:bms:s0 tcontext=u:r:vndservicemanager:s0 tclass=file permissive=0
2023-11-17 17:11:46.781 16697-16697 top                     pid-16697                            W  type=1400 audit(0.0:1079578): avc: denied { read } for scontext=u:r:bms:s0 tcontext=u:r:vendor_hal_keymaster_qti:s0 tclass=file permissive=0
2023-11-17 17:11:46.781 16697-16697 top                     pid-16697                            W  type=1400 audit(0.0:1079579): avc: denied { read } for scontext=u:r:bms:s0 tcontext=u:r:vendor_hal_qseecom_default:s0 tclass=file permissive=0
2023-11-17 17:11:46.822  1861-1861  NetLinkManager          system_server                        I  getPriorityAppState, slaveIccid is null, start timer
2023-11-17 17:11:46.864  1861-2861  TrafficMonitor          system_server                        I  update:rxPkts:38,txPkts:38,rxBytes:12458,txBytes:6297
2023-11-17 17:11:46.865  1861-2861  TrafficMonitor          system_server                        I  gettimer:interval=2000
2023-11-17 17:11:46.887  1088-5897  StNfcHal                android.hardware.nfc@1.2-service.st  E  echo thread wakeup from chip...
2023-11-17 17:11:47.047 30810-30814 bms_behavior            bms_behavior                         I  cpu info: 0.0 top -n1 -bq -o %CPU,CMDLINE -s1 -m30
2023-11-17 17:11:47.047 30810-30814 bms_behavior            bms_behavior                         I  cpu info: 0.0 /vendor/bin/bms_behavior
2023-11-17 17:11:47.047 30810-30814 bms_behavior            bms_behavior                         I  proc vendor/bin/bms_behavior, usage 0
2023-11-17 17:11:47.047 30810-30814 bms_behavior            bms_behavior                         I  cpu info: 0.0 /vendor/bin/bms_auth
2023-11-17 17:11:47.047 30810-30814 bms_behavior            bms_behavior                         I  proc  /vendor/bin/bms_auth, usage 0
2023-11-17 17:11:47.047 30810-30814 bms_behavior            bms_behavior                         I  cpu info: 0.0 /vendor/bin/bms_soc
2023-11-17 17:11:47.047 30810-30814 bms_behavior            bms_behavior                         I  proc  /vendor/bin/bms_soc, usage 0
2023-11-17 17:11:47.053 30810-30814 bms_behavior            bms_behavior                         I  monitor interval count 889
2023-11-17 17:11:47.084  9490-15322 HnSearchService         com.hihonor.searchservice            I  [RemoteIndexServiceGuarderHandler]: IndexRAMMonitor: 19MB ram is used.
2023-11-17 17:11:47.208  1423-1423  aptouch_daemon          aptouch_daemon                       I  check_idle_status, idle in. 100
2023-11-17 17:11:47.517  1423-1423  aptouch_daemon          aptouch_daemon                       I  check_idle_status, idle out.
2023-11-17 17:11:47.519  1423-1423  aptouch_daemon          aptouch_daemon                       I  print_log, touch:1, down:1 (+0)
2023-11-17 17:11:47.519  1861-2792  fingersense_manager     system_server                        D  Calling fingersense_classify_touch()
2023-11-17 17:11:47.520  1861-2792  osfingersense           system_server                        I  fingersense_classify_touch: entrance, magic6.0 with 1.0 bin
2023-11-17 17:11:47.520  1861-2792  osfingersense           system_server                        I  touch down-id: 0
2023-11-17 17:11:47.520  1861-2792  osfingersense           system_server                        I  ---- load bin file already done ----
2023-11-17 17:11:47.520  1092-2609  sensors-hal             and....sensors@2.0-service.multihal  I  input_event_handler:328, input event type = 4
2023-11-17 17:11:47.520  1092-2609  sensors-hal             and....sensors@2.0-service.multihal  I  input_event_handler:330, type=4 4 1000
2023-11-17 17:11:47.520  1092-2609  sensors-hal             and....sensors@2.0-service.multihal  I  input_event_handler:335, Fs_data req data flag
2023-11-17 17:11:47.520  1092-2609  sensors-hal             and....sensors@2.0-service.multihal  I  input_event_handler:328, input event type = 0
2023-11-17 17:11:47.521  1092-2610  sensors-hal             and....sensors@2.0-service.multihal  I  data_thread_func:250, Sending request to get fs_data
2023-11-17 17:11:47.521  1092-2610  sensors-hal             and....sensors@2.0-service.multihal  I  send_finger_enable_req:117, send_finger_enable_req: start, req flag = 1000
2023-11-17 17:11:47.522  1092-2603  sensors-hal             and....sensors@2.0-service.multihal  E  fs_conn_enevt_cb:298, fs_conn_enevt_cb: start
2023-11-17 17:11:47.522  1092-2603  sensors-hal             and....sensors@2.0-service.multihal  E  HandleFingerEvent:284, HandleFingerEvent: recv data = 704.000000, dataSize = 128
2023-11-17 17:11:47.522  1092-2603  sensors-hal             and....sensors@2.0-service.multihal  I  HandleFingerEvent:293, HandleFingerEvent finger data = 2816,2820,2816,2804,2796,2796,2788,2784,2776,2768,2768,2760,2756,2748,2744,2736,2728,2720,2716,2708,2696,2688,2684,2684,2672,2668,2660,2652,2652,2636,2636,2628,2612,2604,2604,2596,2584,2584,2576,2568,2560,2560,2544,2528,2516,2504,2496,2484,2468,2460,2456,2452,2444,2436,2436,2440,2444,2428,2424,2420,2412,2408,2400,2396,2396,2392,2396,2396,2392,2384,2384,2392,2380,2376,2368,2364,2364,2368,2372,2368,2364,2368,2368,2372,2376,2380,2388,2396,2396,2412,2428,2440,2444,2456,2464,2476,2488,2504,2512,2516,2532,2536,2544,2548,2548,2552,2564,2564,2564,2568,2564,2564,2576,2576,2568,2572,2576,2580,2584,2584,2576,2580,2588,2600,2600,2548,2468,2380,
2023-11-17 17:11:47.522  1092-2610  sensors-hal             and....sensors@2.0-service.multihal  I  WaitForFingerDataReady:210, WaitForFingerDataReady:pthread_cond_timedwait is break.
2023-11-17 17:11:47.522  1092-2610  sensors-hal             and....sensors@2.0-service.multihal  I  data_thread_func:272, Sent data to fs module
2023-11-17 17:11:47.522  1861-19960 osfingersense           system_server                        I  Acc read ok
2023-11-17 17:11:47.522  1861-19960 osfingersense           system_server                        I  osf: wait tp event in
2023-11-17 17:11:47.522  1861-2792  osfingersense           system_server                        I  osf: acc1 0
2023-11-17 17:11:47.522  1861-2792  osfingersense           system_server                        I  Acc pack start2816 2820 2816 2804 2796 2796 2788 2784 2776 2768 2768 2760 2756 2748 2744 2736 2728 2720 2716 2708 2696 2688 2684 2684 2672 2668 2660 2652 2652 2636 2636 2628 2612 2604 2604 2596 2584 2584 2576 2568 2560 2560 2544 2528 2516 2504 2496 2484 2468 2460 2456 2452 2444 2436 2436 2440 2444 2428 2424 2420 2412 2408 2400 2396 2396 2392 2396 2396 2392 2384 2384 2392 2380 2376 2368 2364 2364 2368 2372 2368 2364 2368 2368 2372 2376 2380 2388 2396 2396 2412 2428 2440 2444 2456 2464 2476 2488 2504 2512 2516 2532 2536 2544 2548 2548 2552 2564 2564 2564 2568 2564 2564 2576 2576 2568 2572 2576 2580 2584 2584 2576 2580 2588 2600 2600 2548 2468 2380Acc pack end
2023-11-17 17:11:47.522  1861-2792  osfingersense           system_server                        I  fingersense_classify_touch: M F: 639.951843
2023-11-17 17:11:47.522  1861-2792  osfingersense           system_server                        I  fingersense_classify_touch: P M F: 422.375488
2023-11-17 17:11:47.522  1861-2792  osfingersense           system_server                        I  fingersense_classify_touch: P: 243.000000
2023-11-17 17:11:47.522  1861-2792  osfingersense           system_server                        I  fingersense_classify_touch: N A: 0.789474
2023-11-17 17:11:47.522  1861-2792  osfingersense           system_server                        I  fingersense_classify_touch: N S: 0.404199
2023-11-17 17:11:47.522  1861-2792  osfingersense           system_server                        I  fingersense_classify_touch: M U: 5362.125000
2023-11-17 17:11:47.522  1861-2792  osfingersense           system_server                        I  fingersense_classify_touch: G: 88.000000
2023-11-17 17:11:47.522  1861-2792  osfingersense           system_server                        I  fingersense_classify_touch: B--G
2023-11-17 17:11:47.522  1861-2792  osfingersense           system_server                        I  fingersense_classify_touch acc model off
2023-11-17 17:11:47.522  1861-2792  osfingersense           system_server                        I  fingersense_classify_touch: Part IV
2023-11-17 17:11:47.522  1861-2792  osfingersense           system_server                        I  Part IV B
2023-11-17 17:11:47.522  1861-2792  osfingersense           system_server                        I  fingersense_classify_touch: inference = 0
2023-11-17 17:11:47.522  1861-2792  fingersense_manager     system_server                        D  fingersense_classify_touch() finished
2023-11-17 17:11:47.523  1861-2792  HwFingersSnapshooter    system_server                        I  handleMotionEvent first finger(0) touch down at (361.25,1999.625,0.0 , 0.0 , 0.0)
2023-11-17 17:11:47.525  3424-3424  RMS.HwSysResManager     com.hihonor.android.launcher         I  preloadAppForLauncher packageName com.sincetimes.flurryisland preloadType 101
2023-11-17 17:11:47.525  1200-1569  VSyncReactor            surfaceflinger                       I  startPeriodTransitionInternal newPeriod:16666666
2023-11-17 17:11:47.527  1861-2731  HwActivity...rServiceEx system_server                        D  process has started com.sincetimes.flurryisland, proc:com.sincetimes.flurryisland
2023-11-17 17:11:47.528  1608-1619  AwareLog                hwpged                               E  iawared: ChangePropertyContent open /proc/sys/net/ipv4/netqos_limit fail errno(2)!
2023-11-17 17:11:47.528  3277-3457  PG_ash                  com.hihonor.iaware                   I  onInputHookEvent
2023-11-17 17:11:47.533  3424-3424  HnLauncher              com.hihonor.android.launcher         W  Icon.Badge drawUnReadMark: numBitmap is null, ComponentInfo{com.sincetimes.flurryisland/com.unity3d.player.UnityPlayerActivity}
2023-11-17 17:11:47.534  1200-1356  VSyncReactor            surfaceflinger                       I  addHwVsyncTimestamp periodConfirmed. hwcVsyncPeriod:16666666
2023-11-17 17:11:47.535  1200-1200  SurfaceFlinger          surfaceflinger                       E  checkContinuousFrameMiss ADD 2. reason:refreshNeed=false
2023-11-17 17:11:47.535  1200-1200  SurfaceFlinger          surfaceflinger                       I  refreshNeed=false
2023-11-17 17:11:47.535  1200-1200  SurfaceFlingerEx        surfaceflinger                       E  itouch VsyncOffsetInfo ERROR sfRefreshPoint is smaller than sfInvalidatPoint
2023-11-17 17:11:47.582  1423-1423  aptouch_daemon          aptouch_daemon                       I  print_log, touch:0, down:0 
2023-11-17 17:11:47.582  1861-2792  HwFingersSnapshooter    system_server                        I  handleMotionEvent last finger(0) up.
2023-11-17 17:11:47.583  1861-2792  HwFingersS...ionMotion] system_server                        I  reset mIsCollectionFinished:true, isNeedUpdate:false, mCollectionService:null
2023-11-17 17:11:47.583  1861-2791  InputDispatcher         system_server                        D  updateLastInputTimestamp - source=4098, eventTime=1136663779
2023-11-17 17:11:47.583  1861-2791  InputDispatcher         system_server                        D  updateLastInputTimestamp - source=4098, eventTime=1136663780
2023-11-17 17:11:47.583  1861-2791  InputDispatcher         system_server                        D  updateLastInputTimestamp - source=4098, eventTime=1136663780
2023-11-17 17:11:47.584  1861-2791  InputDispatcher         system_server                        D  updateLastInputTimestamp - source=4098, eventTime=1136663780
2023-11-17 17:11:47.584  1861-2791  InputDispatcher         system_server                        D  updateLastInputTimestamp - source=4098, eventTime=1136663780
2023-11-17 17:11:47.584  1861-2791  InputDispatcher         system_server                        D  updateLastInputTimestamp - source=4098, eventTime=1136663780
2023-11-17 17:11:47.585  3424-3424  HnLauncher              com.hihonor.android.launcher         W  Icon.Badge drawUnReadMark: numBitmap is null, ComponentInfo{com.sincetimes.flurryisland/com.unity3d.player.UnityPlayerActivity}
2023-11-17 17:11:47.585  3424-3424  AudioManager            com.hihonor.android.launcher         V  querySoundEffectsEnabled...
2023-11-17 17:11:47.586  1608-1619  AwareLog                hwpged                               I  IsSplashThread threadName[3174][ll.splashscreen]
2023-11-17 17:11:47.587  1608-1619  AwareLog                hwpged                               I  SetThreadToVipGroup:: iawared vipgroup set pid[3174] Success!
2023-11-17 17:11:47.587  3424-3424  HnLauncher              com.hihonor.android.launcher         W  YOYORecAnimatorManager not recommend app
2023-11-17 17:11:47.587  1608-1619  AwareLog                hwpged                               I  IsSplashThread threadName[3175][ll.splashworker]
2023-11-17 17:11:47.587  1608-1619  AwareLog                hwpged                               I  SetThreadToVipGroup:: iawared vipgroup set pid[3175] Success!
2023-11-17 17:11:47.590  1861-3541  SWAP_SCENE              system_server                        I  Entering notifySceneData notifySceneData. EventType:SWITCH_TO_FOREGROUND para:com.sincetimes.flurryisland
2023-11-17 17:11:47.590  1861-3541  ActivityTaskManager     system_server                        I  START u0 {act=android.intent.action.MAIN cat=[android.intent.category.LAUNCHER] flg=0x10200000 hwFlg=0x10 cmp=com.sincetimes.flurryisland/com.unity3d.player.UnityPlayerActivity bnds=[256,1893][488,2232] (has extras)} from uid 10084
2023-11-17 17:11:47.590  1861-4167  SWAP_BufferProc         system_server                        D  handle activity start, stop zswapd.
2023-11-17 17:11:47.590  1861-4167  SWAP_BufferProc         system_server                        D  closeZswapd now.
2023-11-17 17:11:47.590  1861-3541  PackageManager          system_server                        I  generatePackageInfo error, user not exists:128
2023-11-17 17:11:47.590  1861-3541  HwGameAssi...Controller system_server                        D  isGameForeground? false
2023-11-17 17:11:47.590  1861-3541  ActivityTaskManager     system_server                        I  ActivityRecord info: ActivityInfo{746a3be com.unity3d.player.UnityPlayerActivity}
2023-11-17 17:11:47.591  1861-3541  ActivityTaskManager     system_server                        D  TaskLaunchParamsModifier:task=null activity=ActivityRecord{8918b6c u0 com.sincetimes.flurryisland/com.unity3d.player.UnityPlayerActivity display-area-from-source=DefaultTaskDisplayArea@244641458 display-id=0 display-windowing-mode=1 suggested-display-area=DefaultTaskDisplayArea@244641458
2023-11-17 17:11:47.591  1861-3541  ActivityTaskManager     system_server                        D  TaskLaunchParamsModifier:task=Task{b80c851 #1935 type=standard A=10216:com.sincetimes.flurryisland U=0 visible=false mode=fullscreen bound=Rect(0, 0 - 1200, 2652) translucent=true sz=1 embedded=false} activity=ActivityRecord{8918b6c u0 com.sincetimes.flurryisland/com.unity3d.player.UnityPlayerActivity t-1 mode=undefined boundsRect(0, 0 - 0, 0)} display-area-from-source=DefaultTaskDisplayArea@244641458 display-id=0 display-windowing-mode=1 suggested-display-area=DefaultTaskDisplayArea@244641458 activity-options-fullscreen=Rect(0, 0 - 0, 0) non-freeform-display display-area=DefaultTaskDisplayArea@244641458
2023-11-17 17:11:47.592  1861-3541  HwActivityStarterEx     system_server                        E  This activity is not support split! packageName= com.sincetimes.flurryisland
2023-11-17 17:11:47.592  1861-2685  HwWindowMa...rServiceEx system_server                        I  set app win exit info, bundle = Bundle[{launcherPkgName=com.hihonor.android.launcher, iconWidth=188, pivotX=372.0, pivotY=2018.0, iconHeight=188, type=open, targetPackageName=com.sincetimes.flurryisland}], iconBitmap = android.graphics.Bitmap@ffb7535
2023-11-17 17:11:47.592  1861-2685  HwWindowMa...rServiceEx system_server                        D  set app win icon info, bundle = Bundle[{launcherPkgName=com.hihonor.android.launcher, iconWidth=188, pivotX=372.0, pivotY=2018.0, iconHeight=188, type=open, targetPackageName=com.sincetimes.flurryisland}], iconBitmap = android.graphics.Bitmap@ffb7535mExitPivotX =372.0mExitPivotY =2018.0mExitIconWidth =188mExitIconHeight =188mExitFlag =0callingUid10084
2023-11-17 17:11:47.592  3424-21239 ClientTran...ionHandler com.hihonor.android.launcher         I  send EXECUTE_TRANSACTION
2023-11-17 17:11:47.593  1861-3541  HwActivity...rServiceEx system_server                        W  appSwitch from: com.hihonor.android.launcher to: com.sincetimes.flurryisland
2023-11-17 17:11:47.593  1861-3541  WindowManager           system_server                        I  Changing focus from Window{a6d063a u0 com.hihonor.android.launcher/com.hihonor.android.launcher.unihome.UniHomeLauncher} to null mode 0 displayId=0
2023-11-17 17:11:47.593  1861-2934  WifiConnectivityMonitor system_server                        I  handleForegroundAppChanged, current package: com.sincetimes.flurryisland, signalLevel:4
2023-11-17 17:11:47.593  1861-2133  HwAftPolicyService      system_server                        I  Focus Change to null in middle state, ignore!
2023-11-17 17:11:47.593  1861-3541  HwDisplayContentEx      system_server                        I  currentFocus windowstate null
2023-11-17 17:11:47.593  1861-3541  ZrHung.App...ocusWindow system_server                        E  NFW check!
2023-11-17 17:11:47.593  1861-2231  SWAP_SCENE              system_server                        I  Entering notifySceneData notifySceneData. EventType:APP_SWITCH_TO para:com.sincetimes.flurryisland
2023-11-17 17:11:47.593  1861-2231  SWAP_SCENE              system_server                        I  Entering notifySceneData notifySceneData. EventType:APP_SWITCH_FROM para:com.hihonor.android.launcher
2023-11-17 17:11:47.593  5043-11505 HONOR_AWAR...msRegister com.hihonor.awareness                W  app switch from : com.hihonor.android.launcher to com.sincetimes.flurryisland as ComponentInfo{com.sincetimes.flurryisland/com.unity3d.player.UnityPlayerActivity} taskId : 1935  label:callingPackage:com.hihonor.android.launcherlaunchMode:101processUid:0
2023-11-17 17:11:47.593  5043-11505 HONOR_AWAR...yGCAbility com.hihonor.awareness                I  timeTask is cancel: com.sincetimes.flurryisland
2023-11-17 17:11:47.593  1861-3541  ZrHung.App...ocusWindow system_server                        D  FocusWindowErrorScene CheckFreezeScreen
2023-11-17 17:11:47.593  1861-3541  ZrHung.App...rentWindow system_server                        D  TransparentWindow cancelCheckFreezeScreen
2023-11-17 17:11:47.593  5043-11505 HONOR_AWAR...cleAbility com.hihonor.awareness                I  app exit : com.hihonor.android.launcher act : ComponentInfo{com.hihonor.android.launcher/com.hihonor.android.launcher.unihome.UniHomeLauncher} taskId : 1842
2023-11-17 17:11:47.593  5043-11505 HONOR_AWAR...cleAbility com.hihonor.awareness                I  begin publishAppExitData
2023-11-17 17:11:47.593  5043-11505 HONOR_AWAR...ityContext com.hihonor.awareness                I  [1700212308335] deliver to receiver AppLifeCycleSubscriber,key=com.hihonor.awareness.server.atomicability.AppLifeCycleSubscriber@ef9b61def9b61d
2023-11-17 17:11:47.594  5043-11505 HONOR_AWAR...ityContext com.hihonor.awareness                W  not temporal subscription, ignore try release provider
2023-11-17 17:11:47.594  5043-11505 HONOR_AWAR...ityContext com.hihonor.awareness                I  [1700212308336] deliver to receiver AppPageAnalysisHelper,key=com.hihonor.awareness.server.pageanalysis.PageAnalysisManager$AppPageAnalysisHelper@6d374fa6d374fa
2023-11-17 17:11:47.594  5043-11505 HONOR_AWAR...ityContext com.hihonor.awareness                W  not temporal subscription, ignore try release provider
2023-11-17 17:11:47.594  5043-11505 HONOR_AWAR...cleAbility com.hihonor.awareness                W  BlackMap is empty
2023-11-17 17:11:47.594  5043-11505 HONOR_AWAR...cleAbility com.hihonor.awareness                I  activity exit not published, to publish
2023-11-17 17:11:47.594  5043-11505 HONOR_AWAR...cleAbility com.hihonor.awareness                I  begin publishActivityExitData
2023-11-17 17:11:47.594  5043-11505 HONOR_AWAR...ityContext com.hihonor.awareness                I  [1700212308336] deliver to receiver AppletLifecycleFence,key=DikernelAsm_PoiMainTri_AppletLifecycleFence_FenceCommerceSubTri_enterAppletsFenceId_NONE
2023-11-17 17:11:47.594  5043-11505 HONOR_AWAR...ityContext com.hihonor.awareness                W  not temporal subscription, ignore try release provider
2023-11-17 17:11:47.594  5043-11505 HONOR_AWAR...ityContext com.hihonor.awareness                I  [1700212308336] deliver to receiver MovieStatusFence,key=MovieAsm_MovieAppOpenTrig_MovieStatusFence_movieAppletsFence_NONE
2023-11-17 17:11:47.594  5043-11505 HONOR_AWAR...ityContext com.hihonor.awareness                W  not temporal subscription, ignore try release provider
2023-11-17 17:11:47.594  5043-11505 HONOR_AWAR...ityContext com.hihonor.awareness                I  [1700212308336] deliver to receiver AppLifeCycleSubscriber,key=com.hihonor.awareness.server.atomicability.AppLifeCycleSubscriber@ef9b61def9b61d
2023-11-17 17:11:47.594  5043-11505 HONOR_AWAR...ityContext com.hihonor.awareness                W  not temporal subscription, ignore try release provider
2023-11-17 17:11:47.594  3230-11752 {Assistant...pkNotifier com.hihonor.systemserver             I  registerHwActivityNotifier call fromPackage:com.hihonor.android.launcher, toPackage:com.sincetimes.flurryisland
2023-11-17 17:11:47.594  5043-11505 HONOR_AWAR...ityContext com.hihonor.awareness                I  [1700212308336] deliver to receiver AppletLifecycleFence,key=DikernelAsm_PoiMainTri_AppletLifecycleFence_FenceCommerceSubTri_exitAppletsFenceId_NONE
2023-11-17 17:11:47.594  5043-11505 HONOR_AWAR...ityContext com.hihonor.awareness                W  not temporal subscription, ignore try release provider
2023-11-17 17:11:47.594  5043-11505 HONOR_AWAR...ityContext com.hihonor.awareness                I  [1700212308336] deliver to receiver MovieStatusFence,key=MovieAsm_MovieTicketPageReportTrig_MovieStatusFence_enterAppletsFence_NONE
2023-11-17 17:11:47.594  5043-11505 HONOR_AWAR...ityContext com.hihonor.awareness                W  not temporal subscription, ignore try release provider
2023-11-17 17:11:47.594  5043-11505 HONOR_AWAR...cleAbility com.hihonor.awareness                W  BlackMap is empty
2023-11-17 17:11:47.594  1861-3541  Compatibil...geReporter system_server                        D  Compat change id reported: 168419799; UID 10216; state: DISABLED
2023-11-17 17:11:47.594  5043-11505 HONOR_AWAR...cleAbility com.hihonor.awareness                I  app enter : com.sincetimes.flurryisland act : ComponentInfo{com.sincetimes.flurryisland/com.unity3d.player.UnityPlayerActivity} taskId : 1935
2023-11-17 17:11:47.594  5043-11505 HONOR_AWAR...cleAbility com.hihonor.awareness                I  begin publishAppEnterData
2023-11-17 17:11:47.594  5043-11505 HONOR_AWAR...ityContext com.hihonor.awareness                I  [1700212308336] deliver to receiver StartAppPointManager,key=com.hihonor.awareness.server.util.StartAppPointManager@fff3ab6fff3ab6
2023-11-17 17:11:47.594  5043-11505 HONOR_AWAR...ityContext com.hihonor.awareness                W  not temporal subscription, ignore try release provider
2023-11-17 17:11:47.594  1861-3541  ActivityTaskManager     system_server                        I  task snapshot clear window but ForceRotateState is true!
2023-11-17 17:11:47.594  5043-11505 HONOR_AWAR...ityContext com.hihonor.awareness                I  [1700212308336] deliver to receiver TimedAppFence,key=HyperholdAssembler_HyperholdPredictTrigger_TimedAppFence_APP_STARTUP_1
2023-11-17 17:11:47.594  5043-11505 HONOR_AWAR...ityContext com.hihonor.awareness                W  not temporal subscription, ignore try release provider
2023-11-17 17:11:47.594  1861-3541  TaskOrganizerController system_server                        D  addStartingWindow contains googlepatch
2023-11-17 17:11:47.594  5043-11505 HONOR_AWAR...ityContext com.hihonor.awareness                I  [1700212308336] deliver to receiver AppLifeCycleSubscriber,key=com.hihonor.awareness.server.atomicability.AppLifeCycleSubscriber@ef9b61def9b61d
2023-11-17 17:11:47.594  5043-11505 HONOR_AWAR...ityContext com.hihonor.awareness                W  not temporal subscription, ignore try release provider
2023-11-17 17:11:47.594  5043-11505 HONOR_AWAR...ityContext com.hihonor.awareness                I  [1700212308336] deliver to receiver AppPageAnalysisHelper,key=com.hihonor.awareness.server.pageanalysis.PageAnalysisManager$AppPageAnalysisHelper@6d374fa6d374fa
2023-11-17 17:11:47.594  5043-11505 HONOR_AWAR...ityContext com.hihonor.awareness                W  not temporal subscription, ignore try release provider
2023-11-17 17:11:47.594  5043-11505 HONOR_AWAR...cleAbility com.hihonor.awareness                W  BlackMap is empty
2023-11-17 17:11:47.594  5043-11505 HONOR_AWAR...cleAbility com.hihonor.awareness                I  begin publishActivityEnterData
2023-11-17 17:11:47.594  1861-3541  ActivityTaskManager     system_server                        I  setSideAndNotchFlagForSnapshot layoutInDisplaySideMode=0
2023-11-17 17:11:47.594  5043-11505 HONOR_AWAR...ityContext com.hihonor.awareness                I  [1700212308336] deliver to receiver AppletLifecycleFence,key=DikernelAsm_PoiMainTri_AppletLifecycleFence_FenceCommerceSubTri_enterAppletsFenceId_NONE
2023-11-17 17:11:47.594  5043-11505 HONOR_AWAR...ityContext com.hihonor.awareness                W  not temporal subscription, ignore try release provider
2023-11-17 17:11:47.594  5043-11505 HONOR_AWAR...ityContext com.hihonor.awareness                I  [1700212308336] deliver to receiver HealthCodeManager,key=com.hihonor.awareness.server.pageanalysis.HealthCodeManager@fcd5b4bfcd5b4b
2023-11-17 17:11:47.594  5043-11505 HONOR_AWAR...ityContext com.hihonor.awareness                W  not temporal subscription, ignore try release provider
2023-11-17 17:11:47.594  5043-11505 HONOR_AWAR...ityContext com.hihonor.awareness                I  [1700212308336] deliver to receiver CallChargesPageManager,key=com.hihonor.awareness.server.pageanalysis.pageCharacteristic.callCharges.CallChargesPageManager@d5559add5559ad
2023-11-17 17:11:47.594  5043-11505 HONOR_AWAR...ityContext com.hihonor.awareness                W  not temporal subscription, ignore try release provider
2023-11-17 17:11:47.594  5043-11505 HONOR_AWAR...ityContext com.hihonor.awareness                I  [1700212308336] deliver to receiver AppletLifecycleFence,key=DikernelAsm_PoiMainTri_AppletLifecycleFence_FenceCommerceSubTri_exitAppletsFenceId_NONE
2023-11-17 17:11:47.594  5043-11505 HONOR_AWAR...ityContext com.hihonor.awareness                W  not temporal subscription, ignore try release provider
2023-11-17 17:11:47.595  5043-11505 HONOR_AWAR...ityContext com.hihonor.awareness                I  [1700212308336] deliver to receiver AttendancePageManager,key=com.hihonor.awareness.server.attendanceplugin.manager.AttendancePageManager@2f85fa2f85fa
2023-11-17 17:11:47.595  5043-11505 HONOR_AWAR...ityContext com.hihonor.awareness                W  not temporal subscription, ignore try release provider
2023-11-17 17:11:47.595  5043-11505 HONOR_AWAR...ityContext com.hihonor.awareness                I  [1700212308337] deliver to receiver ScanCodePayInfoManager,key=com.hihonor.awareness.server.atomicability.scanandpay.ScanCodePayInfoManager@ef04b25ef04b25
2023-11-17 17:11:47.595  5043-11505 HONOR_AWAR...ityContext com.hihonor.awareness                W  not temporal subscription, ignore try release provider
2023-11-17 17:11:47.595  5043-11505 HONOR_AWAR...ityContext com.hihonor.awareness                I  [1700212308337] deliver to receiver MovieStatusFence,key=MovieAsm_MovieAppOpenTrig_MovieStatusFence_movieAppletsFence_NONE
2023-11-17 17:11:47.595  1861-4236  AdvancedKiller          system_server                        I  FG com.sincetimes.flurryisland
2023-11-17 17:11:47.595  1861-4236  AdvancedKiller          system_server                        E  AkUpdateModel Model not init
2023-11-17 17:11:47.595  3424-21239 ClientTran...ionHandler com.hihonor.android.launcher         I  send EXECUTE_TRANSACTION
2023-11-17 17:11:47.595  1861-4236  SWAP_AppModel           system_server                        I  setDailyUseCount pkgName:com.sincetimes.flurryisland dailyUseCount:3
2023-11-17 17:11:47.595  1861-4236  SWAP_AppModel           system_server                        I  getDailyUseCount. pkgName:com.sincetimes.flurryisland dailyUseCount:3
2023-11-17 17:11:47.595  1861-4236  SWAP_AppScore           system_server                        I  ParaConfig have no swapIndex parameters
2023-11-17 17:11:47.595  1861-2235  HwGameAssi...Controller system_server                        D  UPDATE: mCurFgPkg=com.sincetimes.flurryisland, mCurFgPid=16093, mIsCurGame=true
2023-11-17 17:11:47.595  1861-4236  SWAP_AppScore           system_server                        I  final ratio info: pkgName:com.sincetimes.flurryisland, reclaime ratio:0, swap ratio:0
2023-11-17 17:11:47.595  1861-4236  SWAP_AppScore           system_server                        I  setScoreAndRatioForeground::pkgName:com.sincetimes.flurryisland score:0  write r-Ratio:0 s-Ratio:0 refault:50
2023-11-17 17:11:47.595  1861-2235  HwGameAssi...Controller system_server                        D  dispatchGameStatusChanged, packageName=com.sincetimes.flurryisland, event=1, num=9
2023-11-17 17:11:47.595  1861-2235  HwAudioService          system_server                        D  onGameStatusChanged packageName = com.sincetimes.flurryisland, event = 1
2023-11-17 17:11:47.595  1861-2235  HwDisplayPolicyEx       system_server                        I  currentFgApp=com.sincetimes.flurryisland, mLastFgPackageName=com.hihonor.android.launcher
2023-11-17 17:11:47.595  1861-2235  HwDisplayPolicyEx       system_server                        I  setEnableSwipeInCurrentGameApp false
2023-11-17 17:11:47.595  1861-2235  HwDisplayPolicyEx       system_server                        I  currentFgApp=com.sincetimes.flurryisland, mLastFgPackageName=com.hihonor.android.launcher
2023-11-17 17:11:47.595  1861-2235  HwDisplayPolicyEx       system_server                        I  currentFgApp=com.sincetimes.flurryisland, mLastFgPackageName=com.hihonor.android.launcher
2023-11-17 17:11:47.596  1861-2235  HwAudioService          system_server                        D  onGameStatusChanged packageName = com.sincetimes.flurryisland, event = 1
2023-11-17 17:11:47.596  1861-2235  HnGestureActionListener system_server                        I  observe game status changed
2023-11-17 17:11:47.596  1861-2235  HnGestureActionListener system_server                        I  game_gesture_disabled_mode:1,game_gesture_event:1
2023-11-17 17:11:47.596  5043-12324 HONOR_AWAR...AppAbility com.hihonor.awareness                W   to com.sincetimes.flurryislandcallingPackage:com.hihonor.android.launcherlaunchMode:101 userId :0
2023-11-17 17:11:47.596  5043-12324 HONOR_AWAR...AppAbility com.hihonor.awareness                I  insertRecentList size is start startFrom is 101
2023-11-17 17:11:47.596  5043-12324 HONOR_AWAR...AppAbility com.hihonor.awareness                I  insertRecentList size is 5
2023-11-17 17:11:47.596  1861-2935  WiFi_PRO_W...ateMachine system_server                        I  current app com.sincetimes.flurryisland, has changed
2023-11-17 17:11:47.596  3230-7471  {Assistant...pkNotifier com.hihonor.systemserver             D  handleMessage app switch fromPackage:com.hihonor.android.launcher, toPackage:com.sincetimes.flurryisland
2023-11-17 17:11:47.596  5043-4544  HONOR_AWAR...Subscriber com.hihonor.awareness                I  receive:com.hihonor.android.launcher,app
2023-11-17 17:11:47.596  5043-4544  HONOR_AWAR...ysisHelper com.hihonor.awareness                I  AppPageAnalysisHelper setAppLifeInfo
2023-11-17 17:11:47.596  5043-4544  HONOR_AWAR...ysisHelper com.hihonor.awareness                I  newActivity : , newPkgName: com.hihonor.android.launcher, curPkgName:com.hihonor.android.launcher,appAction:exit
2023-11-17 17:11:47.596  5043-4544  HONOR_AWAR...cycleFence com.hihonor.awareness                I  receive data
2023-11-17 17:11:47.596  5043-4544  HONOR_AWAR...tatusFence com.hihonor.awareness                I  action:enter
2023-11-17 17:11:47.596  5043-4544  HONOR_AWAR...tatusFence com.hihonor.awareness                I  labels:[com.tencent.mm/猫眼]
2023-11-17 17:11:47.596  5043-4544  HONOR_AWAR...Subscriber com.hihonor.awareness                I  receive:com.hihonor.android.launcher,activity
2023-11-17 17:11:47.596  5043-4544  HONOR_AWAR...cycleFence com.hihonor.awareness                I  receive data
2023-11-17 17:11:47.596  5043-4544  HONOR_AWAR...tatusFence com.hihonor.awareness                I  action:enter
2023-11-17 17:11:47.596  5043-4544  HONOR_AWAR...tatusFence com.hihonor.awareness                I  labels:[com.tencent.mm/猫眼, com.tencent.mm/美团丨外卖美食买菜酒店电影购物]
2023-11-17 17:11:47.596  5043-4544  HONOR_AWAR...intManager com.hihonor.awareness                I  dataId = 9000
2023-11-17 17:11:47.596  5043-4544  HONOR_AWAR...SwitchUtil com.hihonor.awareness                I  user experience switch is %dtrue
2023-11-17 17:11:47.597  1861-29155 HwNormalizedSpline      system_server                        I  NewCurveMode setPersonalizedBrightnessCurveLevel curveLevel=27
2023-11-17 17:11:47.597  1861-29155 DE J HwBri...ecognition system_server                        I  [effect] setTopApkLevelToBlControllerIfNeeded, topApkState = 27
2023-11-17 17:11:47.597  5043-6270  HONOR_AWAR...Subscriber com.hihonor.awareness                I  receive:com.sincetimes.flurryisland,app
2023-11-17 17:11:47.597  1861-4236  system_server           system_server                        I  SWAP_CPU: get cpu number = 8
2023-11-17 17:11:47.597  1861-4236  system_server           system_server                        I  SWAP_CPU: set affinity to 4-7 success
2023-11-17 17:11:47.597  5043-6271  HONOR_AWAR...edAppFence com.hihonor.awareness                I  enter : com.sincetimes.flurryisland to replace : com.sincetimes.flurryisland
2023-11-17 17:11:47.597  5043-6271  HONOR_AWAR...kScheduler com.hihonor.awareness                I  subscribe {dataId=8005, mode=0,params=[time]} from TimedAppFence,key=HyperholdAssembler_HyperholdPredictTrigger_TimedAppFence_APP_STARTUP_1
2023-11-17 17:11:47.597  1861-4236  system_server           system_server                        I  SWAP_CPU: get cpu number = 8
2023-11-17 17:11:47.597  1861-4236  system_server           system_server                        I  SWAP_CPU: set affinity to 0-7 success
2023-11-17 17:11:47.597  1861-3541  ActivityTaskManager     system_server                        E  START {act=android.intent.action.MAIN cat=[android.intent.category.LAUNCHER] flg=0x10600000 hwFlg=0x10 cmp=com.sincetimes.flurryisland/com.unity3d.player.UnityPlayerActivity bnds=[256,1893][488,2232] (has extras)} result: 2
2023-11-17 17:11:47.597  5043-6271  HONOR_AWAR...imeAbility com.hihonor.awareness                I  TimeAbility onSubscribe
2023-11-17 17:11:47.597  1861-3541  ActivityTaskManager     system_server                        I  executeRequest result:2
2023-11-17 17:11:47.598  5043-6271  HONOR_AWAR...imeManager com.hihonor.awareness                I  setNext triggerTime: 1700212312597 for HyperholdAssembler_HyperholdPredictTrigger_TimedAppFence_APP_STARTUP_1
2023-11-17 17:11:47.598  5043-6271  HONOR_AWAR...imeManager com.hihonor.awareness                I  set new trigger time
2023-11-17 17:11:47.598  5043-6284  HONOR_AWAR...ysisHelper com.hihonor.awareness                I  AppPageAnalysisHelper setAppLifeInfo
2023-11-17 17:11:47.598  3033-18283 HwGameAssistImp         com.android.systemui                 I  onGameStatusChanged: 1
2023-11-17 17:11:47.598  5043-6284  HONOR_AWAR...ysisHelper com.hihonor.awareness                I  newActivity : , newPkgName: com.sincetimes.flurryisland, curPkgName:com.hihonor.android.launcher,appAction:enter
2023-11-17 17:11:47.598  1861-2685  AlarmManager            system_server                        I  remove alarm reason:1 alarms:[Alarm{ac6b99 type 0 origWhen 1700212474636 whenElapsed 1136830833 PendingIntent{984dae3: PendingIntentRecord{6d48ce0 com.hihonor.awareness broadcastIntent}} com.hihonor.awareness procName com.hihonor.awareness}]
2023-11-17 17:11:47.598  5043-6284  HONOR_AWAR...cycleFence com.hihonor.awareness                I  receive data
2023-11-17 17:11:47.598  5043-6284  HONOR_AWAR...adPoolUtil com.hihonor.awareness                I  work: 
2023-11-17 17:11:47.598  5043-6284  HONOR_AWAR...ageManager com.hihonor.awareness                I  setAppLifeInfo
2023-11-17 17:11:47.598  5043-6284  HONOR_AWAR...ageManager com.hihonor.awareness                I  newActivity : com.unity3d.player.UnityPlayerActivity, newPkgName: com.sincetimes.flurryisland, label:
2023-11-17 17:11:47.598  5043-6284  HONOR_AWAR...ageManager com.hihonor.awareness                I  begin check activity
2023-11-17 17:11:47.598  5043-6284  HONOR_AWAR...ageManager com.hihonor.awareness                I  packageName is not in whitePkgsList
2023-11-17 17:11:47.598  5043-6284  HONOR_AWAR...ageManager com.hihonor.awareness                I  begin check activity
2023-11-17 17:11:47.598  5043-6284  HONOR_AWAR...ageManager com.hihonor.awareness                I  packageName is not in whitePkgsList
2023-11-17 17:11:47.598  5043-6284  HONOR_AWAR...ageManager com.hihonor.awareness                I  begin check activity
2023-11-17 17:11:47.598  5043-6284  HONOR_AWAR...ageManager com.hihonor.awareness                I  packageName is not in whitePkgsList
2023-11-17 17:11:47.599  5043-6284  HONOR_AWAR...sisManager com.hihonor.awareness                I  begin check activity
2023-11-17 17:11:47.599  5043-6284  HONOR_AWAR...sisManager com.hihonor.awareness                I  packageName is not in whitePkgsList
2023-11-17 17:11:47.599  5043-6284  HONOR_AWAR...adPoolUtil com.hihonor.awareness                I  work: 
2023-11-17 17:11:47.599  5043-6284  HONOR_AWAR...tatusFence com.hihonor.awareness                I  action:enter
2023-11-17 17:11:47.599  5043-6284  HONOR_AWAR...tatusFence com.hihonor.awareness                I  labels:[com.tencent.mm/猫眼]
2023-11-17 17:11:47.599  5043-6284  HONOR_AWAR...odeManager com.hihonor.awareness                I  setAppLifeInfo
2023-11-17 17:11:47.599  5043-6284  HONOR_AWAR...odeManager com.hihonor.awareness                I  newActivity : com.unity3d.player.UnityPlayerActivity, newPkgName: com.sincetimes.flurryisland, label:
2023-11-17 17:11:47.599  5043-6284  HONOR_AWAR...odeManager com.hihonor.awareness                I  begin check activity
2023-11-17 17:11:47.599  5043-6294  HONOR_AWAR...cycleFence com.hihonor.awareness                I  receive data
2023-11-17 17:11:47.599  5043-6294  HONOR_AWAR...nfoManager com.hihonor.awareness                I  enter activity, check fail.
2023-11-17 17:11:47.599  5043-6270  HONOR_AWAR...oviderExec com.hihonor.awareness                I  arg: system pkg: com.hihonor.awareness
2023-11-17 17:11:47.599  5043-6270  HONOR_AWAR...nQueryExec com.hihonor.awareness                I  caller: hyperhold + null
2023-11-17 17:11:47.599  5043-6284  HONOR_AWAR...odeManager com.hihonor.awareness                I  packageName is not in whitePkgsList
2023-11-17 17:11:47.599  5043-6284  HONOR_AWAR...odeManager com.hihonor.awareness                I  begin check activity
2023-11-17 17:11:47.599  5043-6284  HONOR_AWAR...odeManager com.hihonor.awareness                I  packageName is not in whitePkgsList
2023-11-17 17:11:47.599  1861-4236  SWAP_AppModel           system_server                        I  app switch to foreground,true
2023-11-17 17:11:47.599  3424-3721  HiView.HiEvent          com.hihonor.android.launcher         I  Flatten done:990201056
2023-11-17 17:11:47.599  3424-3721  hievent_jni             com.hihonor.android.launcher         I  Write to dev len:153
2023-11-17 17:11:47.599  3230-15709 Hicom_Monitor           com.hihonor.systemserver             I  mAppSwitchNotifierEx, uid = 10216, packageName = com.sincetimes.flurryisland, classNamecom.unity3d.player.UnityPlayerActivity
2023-11-17 17:11:47.599  3230-15709 Hicom_Monitor           com.hihonor.systemserver             I  notifyForegroundAppChanged: pkg:com.sincetimes.flurryisland
2023-11-17 17:11:47.599  3424-3721  hievent_jni             com.hihonor.android.launcher         I  hievent_writer_write finish
2023-11-17 17:11:47.599  1861-4167  SWAP_BufferProc         system_server                        D  handle app start, stop zswapd.
2023-11-17 17:11:47.599  3424-3721  HiView.HiEvent          com.hihonor.android.launcher         I  Flatten done:990201045
2023-11-17 17:11:47.599  3424-3721  hievent_jni             com.hihonor.android.launcher         I  Write to dev len:250
2023-11-17 17:11:47.599  3424-3721  hievent_jni             com.hihonor.android.launcher         I  hievent_writer_write finish
2023-11-17 17:11:47.600  3230-11752 {Assistant...antService com.hihonor.systemserver             I  HwGameObserverEx onGameStatusChanged packageName = com.sincetimes.flurryisland, event = 1
2023-11-17 17:11:47.600  3424-3424  HnAppRec_1...ardManager com.hihonor.android.launcher         I  onActivityPaused UniHomeLauncher
2023-11-17 17:11:47.600  3424-3424  HnLauncher              com.hihonor.android.launcher         W  YOYOCardPopWindowHelper release
2023-11-17 17:11:47.600  3424-3424  HnLauncher              com.hihonor.android.launcher         W  YOYOCardPopWindowHelper  this pop not release 
2023-11-17 17:11:47.600  3424-3424  HnLauncher              com.hihonor.android.launcher         W  YOYOCardPopWindowHelper  this pop not release 
2023-11-17 17:11:47.600  3424-3646  CSM_YOYORecommend       com.hihonor.android.launcher         I  handleBusiness in:
2023-11-17 17:11:47.600  3424-3646  YOYOCardUtil            com.hihonor.android.launcher         I  isSignedWithPlatformKey:true
2023-11-17 17:11:47.599  1861-4167  SWAP_BufferProc         system_server                        D  closeZswapd now.
2023-11-17 17:11:47.600  3230-29161 {Assistant...antService com.hihonor.systemserver             D  handleMessage game switch mGamePackageName:com.sincetimes.flurryisland, mGameStatus:1
2023-11-17 17:11:47.601  1861-4167  SWAP_AppScore           system_server                        I  finish msg processing!
2023-11-17 17:11:47.601  5043-6270  HONOR_AWAR...oviderExec com.hihonor.awareness                I  arg: system pkg: com.hihonor.awareness
2023-11-17 17:11:47.601  5043-6270  HONOR_AWAR...nQueryExec com.hihonor.awareness                I  caller: hyperhold + null
2023-11-17 17:11:47.602  1200-1200  Layer                   surfaceflinger                       I  [setLayer] homeAnimationLayer#0 debug_AOD setlayer z = 1
2023-11-17 17:11:47.602  1200-1200  Layer                   surfaceflinger                       I  [setLayer] animationLayer#0 debug_AOD setlayer z = 2
2023-11-17 17:11:47.602  1200-1200  Layer                   surfaceflinger                       I  [setLayer] splitScreenDividerAnchor#0 debug_AOD setlayer z = 9
2023-11-17 17:11:47.602  1200-1200  Layer                   surfaceflinger                       I  [setLayer] boostedAnimationLayer#0 debug_AOD setlayer z = 10
2023-11-17 17:11:47.602  1200-1200  Layer                   surfaceflinger                       I  [setLayer] boostedHwFreeFormAnimationLayer#0 debug_AOD setlayer z = 10
2023-11-17 17:11:47.602 16093-16119 ClientTran...ionHandler com.sincetimes.flurryisland          I  send EXECUTE_TRANSACTION
2023-11-17 17:11:47.603  3230-15709 SmartcareProc           com.hihonor.systemserver             D  onForegroundAppChanged, pkgName:com.sincetimes.flurryisland, uid: 10216
2023-11-17 17:11:47.603  3230-15709 SmartcareProc           com.hihonor.systemserver             D  handlerAppForeground not match
2023-11-17 17:11:47.603  3230-3711  Hicom_XEngineProc       com.hihonor.systemserver             I  handleForegroundAppChanged pkgName = com.sincetimes.flurryisland
2023-11-17 17:11:47.603  1861-3541  HwPCUtils               system_server                        I  IS_PAD_ASYN_ASSIST_MODE is: false
2023-11-17 17:11:47.603  1861-3541  HwPCUtils               system_server                        I  IS_PAD_ASYN_ASSIST_MODE is: false
2023-11-17 17:11:47.603  1861-3541  HwPCUtils               system_server                        I  IS_PAD_ASYN_ASSIST_MODE is: false
2023-11-17 17:11:47.603  1861-3541  HwPCUtils               system_server                        I  IS_PAD_ASYN_ASSIST_MODE is: false
2023-11-17 17:11:47.603  1861-3541  HwPCUtils               system_server                        I  IS_PAD_ASYN_ASSIST_MODE is: false
2023-11-17 17:11:47.603  1861-3541  HwPCUtils               system_server                        I  IS_PAD_ASYN_ASSIST_MODE is: false
2023-11-17 17:11:47.603  1861-3541  HwPCUtils               system_server                        I  IS_PAD_ASYN_ASSIST_MODE is: false
2023-11-17 17:11:47.603  1861-3541  HwPCUtils               system_server                        I  IS_PAD_ASYN_ASSIST_MODE is: false
2023-11-17 17:11:47.603  1861-3541  HwPCUtils               system_server                        I  IS_PAD_ASYN_ASSIST_MODE is: false
2023-11-17 17:11:47.604  1861-3541  HwPCUtils               system_server                        I  IS_PAD_ASYN_ASSIST_MODE is: false
2023-11-17 17:11:47.604  1861-3541  HwPCUtils               system_server                        I  IS_PAD_ASYN_ASSIST_MODE is: false
2023-11-17 17:11:47.604  1861-3541  HwPCUtils               system_server                        I  IS_PAD_ASYN_ASSIST_MODE is: false
2023-11-17 17:11:47.604 16093-16093 ActivityThread          com.sincetimes.flurryisland          D  Won't deliver top position change in state=5
2023-11-17 17:11:47.605  1861-2963  DE J DES                system_server                        I  [effect] setScene(54, 15
2023-11-17 17:11:47.603  3230-11752 DollieActi...gerAdapter com.hihonor.systemserver             I  other state.
2023-11-17 17:11:47.605  5043-4544  HONOR_AWAR...adPoolUtil com.hihonor.awareness                I  work: 
2023-11-17 17:11:47.605  5043-6271  HONOR_AWAR...imeManager com.hihonor.awareness                I  reset trigger time to: 1700212312597 current time is : 1700212307605
2023-11-17 17:11:47.605 16093-16119 ClientTran...ionHandler com.sincetimes.flurryisland          I  send EXECUTE_TRANSACTION
2023-11-17 17:11:47.605  3230-3711  Hicom_XEngineProc       com.hihonor.systemserver             I  handleForegroundAppChanged. app is not in game space
2023-11-17 17:11:47.605  1183-1688  AudioPolicyService      audioserver                          D  getUidState(10069) cacheIter->second.first, return cacheIter->second.second(19)
2023-11-17 17:11:47.605  3230-15709 FiControl               com.hihonor.systemserver             W  Failed to find configuration for com.sincetimes.flurryisland
2023-11-17 17:11:47.605  7857-16626 HiAdKit.DC...sageCenter com.huawei.hwid.core                 I   notifyMessage com.huawei.hwid_app_switch_from_to_intent
2023-11-17 17:11:47.606  5043-4544  HONOR_AWAR...ticsReport com.hihonor.awareness                I  et:88****111
2023-11-17 17:11:47.606  3230-15709 Hicom_Monitor           com.hihonor.systemserver             I  notifyForegroundAppActivityChanged: className:com.unity3d.player.UnityPlayerActivity
2023-11-17 17:11:47.606  3230-29161 {Assistant...Dispatcher com.hihonor.systemserver             D  AppAssistant targetSDKVersion:30
2023-11-17 17:11:47.606  3230-29161 {Assistant...Dispatcher com.hihonor.systemserver             I  start bind appAssistant service:com.huawei.gameassistant
2023-11-17 17:11:47.606  5043-12324 HONOR_AWAR...msRegister com.hihonor.awareness                W  state : showStartingWindow comp : ComponentInfo{com.sincetimes.flurryisland/com.unity3d.player.UnityPlayerActivity} taskId : 1935callingPackage:launchMode:-1processUid_act:0
