2023-11-17 17:11:47.606  3230-29161 ContextImpl             com.hihonor.systemserver             W  Calling a method in the system process without a qualified user: android.app.ContextImpl.bindService:2026 android.content.ContextWrapper.bindService:812 com.huawei.appgallery.assistant.service.NotifySwitchDispatcher.startAppAssistantService:151 com.huawei.appgallery.assistant.service.NotifySwitchDispatcher.dispatchSwitchMessage:138 com.huawei.appgallery.assistant.service.AppGalleryAssistantService$2.run:171 
2023-11-17 17:11:47.607  3230-3349  DollieActi...gerAdapter com.hihonor.systemserver             D  [Paused] pid:3424 uid:10084 ComponentInfo{com.hihonor.android.launcher/com.hihonor.android.launcher.unihome.UniHomeLauncher} uidState:2
2023-11-17 17:11:47.607  5043-11505 HONOR_AWAR...ityContext com.hihonor.awareness                W  not temporal subscription, ignore try release provider
2023-11-17 17:11:47.607  5043-4544  HianalyticsSDK          com.hihonor.awareness                I  [2023-11-17 17:11:47.606 I/HiAnalytics/HianalyticsSDK 5043:1525 null:13] HiAnalyticsInstance.onEvent(int type, String eventId, Map<String, String> mapValue) is execute.TAG: default_config_tag,TYPE: 1
2023-11-17 17:11:47.608  5043-11505 HONOR_AWAR...ityContext com.hihonor.awareness                I  [1700212308349] deliver to receiver AppLifeCycleSubscriber,key=com.hihonor.awareness.server.atomicability.AppLifeCycleSubscriber@ef9b61def9b61d
2023-11-17 17:11:47.608  1861-2892  HwAudioServiceEx        system_server                        W  SoundEffectState bundle get reserved is invalid
2023-11-17 17:11:47.608  5043-11505 HONOR_AWAR...ityContext com.hihonor.awareness                W  not temporal subscription, ignore try release provider
2023-11-17 17:11:47.608  5043-11505 HONOR_AWAR...ityContext com.hihonor.awareness                I  [1700212308350] deliver to receiver MetroQrManager,key=com.hihonor.awareness.server.pageanalysis.MetroQrManager@63cbfb563cbfb5
2023-11-17 17:11:47.608  5043-11505 HONOR_AWAR...ityContext com.hihonor.awareness                W  not temporal subscription, ignore try release provider
2023-11-17 17:11:47.608  1861-2892  HwAudioServiceEx        system_server                        I  sendAppKilledIntentForKit, isKitPackageOnPause = false, isKitPackageKill = false, isKitPackageOnResume = false
2023-11-17 17:11:47.608  5043-11505 HONOR_AWAR...ityContext com.hihonor.awareness                I  [1700212308350] deliver to receiver PayAccessibilityManager,key=com.hihonor.awareness.server.atomicability.scanandpay.PayAccessibilityManager@42116d942116d9
2023-11-17 17:11:47.608  5043-11505 HONOR_AWAR...ityContext com.hihonor.awareness                W  not temporal subscription, ignore try release provider
2023-11-17 17:11:47.608  5043-11505 HONOR_AWAR...ityContext com.hihonor.awareness                I  [1700212308350] deliver to receiver MovieStatusFence,key=MovieAsm_MovieTicketPageReportTrig_MovieStatusFence_enterAppletsFence_NONE
2023-11-17 17:11:47.608  7857-16626 HiAdKit.DC.SystemUtil   com.huawei.hwid.core                 I   isDeviceProvisioned: true
2023-11-17 17:11:47.608  5043-11505 HONOR_AWAR...ityContext com.hihonor.awareness                W  not temporal subscription, ignore try release provider
2023-11-17 17:11:47.608  5043-11505 HONOR_AWAR...cleAbility com.hihonor.awareness                W  BlackMap is empty
2023-11-17 17:11:47.608  5043-12324 HONOR_AWAR...msRegister com.hihonor.awareness                W  state : onPause comp : ComponentInfo{com.hihonor.android.launcher/com.hihonor.android.launcher.unihome.UniHomeLauncher} taskId : 1842callingPackage:launchMode:-1processUid_act:0
2023-11-17 17:11:47.608  3230-3711  Hicom_AppLifeCycle      com.hihonor.systemserver             I  sAppAllSocketClosed NOT contain: 10084
2023-11-17 17:11:47.608  3230-3711  Hicom_PolicyCenter      com.hihonor.systemserver             D  last app not enabled
2023-11-17 17:11:47.608  3230-3711  Hicom_PolicyCenter      com.hihonor.systemserver             I  mCurrentForegroundUid is not policy exist
2023-11-17 17:11:47.608  3230-3711  Hicom_MpFlow            com.hihonor.systemserver             I  handleForegroundAppChanged curPkgName: com.sincetimes.flurryisland, lastPkgName:com.hihonor.android.launcher, curUid: 10216, lastPkgUid: 10084
2023-11-17 17:11:47.608  3230-3711  Hicom_NetworkQoeManager com.hihonor.systemserver             I  No Qoe bad, mBadTimeStamp is invalid
2023-11-17 17:11:47.608  3230-3711  Hicom_Near...sionSystem com.hihonor.systemserver             I  curApp and lastApp enabled status is the same
2023-11-17 17:11:47.608  3230-3711  Hicom_FIConfigManager   com.hihonor.systemserver             I  handleForegroundAppChanged curPkgName: com.sincetimes.flurryisland, lastPkgName:com.hihonor.android.launcher, curUid: 10216, lastPkgUid: 10084
2023-11-17 17:11:47.608  3230-3711  Hicom_FIConfigManager   com.hihonor.systemserver             I  startFi. pkgName: com.sincetimes.flurryisland, sourceMask: 8
2023-11-17 17:11:47.608  3230-3711  Hicom_FIConfigManager   com.hihonor.systemserver             I  startFi interrupt. mFiConfigInfoMap doesn't contain pkgName: com.sincetimes.flurryisland
2023-11-17 17:11:47.608  3230-3711  Hicom_MpHttp            com.hihonor.systemserver             I  handleForegroundActivityChanged : com.unity3d.player.UnityPlayerActivity, foreground app: com.sincetimes.flurryisland
2023-11-17 17:11:47.609  7857-16626 HiAdKit.DC.ACREntry     com.huawei.hwid.core                 I   oobe: false
2023-11-17 17:11:47.609  7857-16654 HiAdKit.DC...onProvider com.huawei.hwid.core                 I   execute cmd: 5
2023-11-17 17:11:47.609  7857-16654 HiAdKit.DC...ionManager com.huawei.hwid.core                 I   report third
2023-11-17 17:11:47.609  5043-4544  HianalyticsSDK          com.hihonor.awareness                I  [2023-11-17 17:11:47.607 I/HiAnalytics/HianalyticsSDK 5043:1525 null:72] HiAnalyticsEventServer onEvent function eventId :881605111,length=3
2023-11-17 17:11:47.609  5043-6284  HONOR_AWAR...Subscriber com.hihonor.awareness                I  receive:com.sincetimes.flurryisland,activity
2023-11-17 17:11:47.609  5043-6284  HONOR_AWAR...oQrManager com.hihonor.awareness                I  setAppLifeInfo
2023-11-17 17:11:47.609  5043-6284  HONOR_AWAR...oQrManager com.hihonor.awareness                I  newActivity : com.unity3d.player.UnityPlayerActivity, newPkgName: com.sincetimes.flurryisland, label:
2023-11-17 17:11:47.609  5043-6284  HONOR_AWAR...sisManager com.hihonor.awareness                I  begin check activity
2023-11-17 17:11:47.609  5043-6284  HONOR_AWAR...sisManager com.hihonor.awareness                I  packageName is not in whitePkgsList
2023-11-17 17:11:47.609  5043-6284  HONOR_AWAR...sisManager com.hihonor.awareness                I  begin check activity
2023-11-17 17:11:47.609  5043-6284  HONOR_AWAR...sisManager com.hihonor.awareness                I  packageName is not in whitePkgsList
2023-11-17 17:11:47.609  5043-6284  HONOR_AWAR...adPoolUtil com.hihonor.awareness                I  work: 
2023-11-17 17:11:47.609  5043-6284  HONOR_AWAR...tatusFence com.hihonor.awareness                I  action:enter
2023-11-17 17:11:47.609  5043-6284  HONOR_AWAR...tatusFence com.hihonor.awareness                I  labels:[com.tencent.mm/猫眼, com.tencent.mm/美团丨外卖美食买菜酒店电影购物]
2023-11-17 17:11:47.610  5043-6284  HONOR_AWAR...ityManager com.hihonor.awareness                I  setAppLifeInfo
2023-11-17 17:11:47.610  5043-6284  HONOR_AWAR...ityManager com.hihonor.awareness                I  removeAccessibilityEventHandler
2023-11-17 17:11:47.610  5043-4544  HiAnalytics             com.hihonor.awareness                I  [2023-11-17 17:11:47.609 I/HiAnalytics/HiAnalytics 5043:1525 null:2]
                                                                                                     
                                                                                                    ============================================================================
                                                                                                    ====== HiAnalytics-1.0.0.311
                                                                                                    ============================================================================
2023-11-17 17:11:47.610  5043-6284  HONOR_AWAR...ityManager com.hihonor.awareness                I  currentPkgName: com.sincetimes.flurryisland currentActivity: com.unity3d.player.UnityPlayerActivity
2023-11-17 17:11:47.610  5043-11505 HONOR_AWAR...perAbility com.hihonor.awareness                I  app exit toApp: com.sincetimes.flurryisland
2023-11-17 17:11:47.610  5043-11505 HONOR_AWAR...adPoolUtil com.hihonor.awareness                I  work: 
2023-11-17 17:11:47.610  5043-11505 HONOR_AWAR...ectAbility com.hihonor.awareness                E  contained in black list : com.hihonor.android.launcher
2023-11-17 17:11:47.610  5043-11505 HONOR_AWAR...ectAbility com.hihonor.awareness                I  lastPid:16093 change to pid:16093
2023-11-17 17:11:47.610  5043-11505 HONOR_AWAR...ityContext com.hihonor.awareness                I  [1700212308352] deliver to receiver AppPreloadAbility,key=com.hihonor.awareness.server.preload.atomicability.AppPreloadAbility@7c4da527c4da52
2023-11-17 17:11:47.610  5043-11505 HONOR_AWAR...ityContext com.hihonor.awareness                W  not temporal subscription, ignore try release provider
2023-11-17 17:11:47.610  5043-11505 HONOR_AWAR...ectAbility com.hihonor.awareness                I  publish result: true
2023-11-17 17:11:47.610  5043-11505 HONOR_AWAR...ectAbility com.hihonor.awareness                I  saveAppDataToDb app enter
2023-11-17 17:11:47.610  5043-16720 HianalyticsSDK          com.hihonor.awareness                I  [2023-11-17 17:11:47.610 I/HiAnalytics/HianalyticsSDK 5043:4327 null:13] event record task running, TAG: default_config_tag,TYPE: maint
2023-11-17 17:11:47.611 24961-16724 HiAdKit.Pp...ervice.Cmd com.huawei.hwid.persistent           I   isCmdAllowAccess rom: true permitRegion: 1
2023-11-17 17:11:47.611 24961-16724 HiAdKit.Pp...ervice.Cmd com.huawei.hwid.persistent           I   call method: reportConsent
2023-11-17 17:11:47.611 24961-16724 HiAdKit.Pp...ervice.Cmd com.huawei.hwid.persistent           I   callerPkg: com.huawei.hwid
2023-11-17 17:11:47.611  5043-16720 HiAnalytic...Preference com.hihonor.awareness                I  [2023-11-17 17:11:47.611 I/HiAnalytics/HiAnalyticsSharedPreference 5043:4327 null:35] check file size : 65 limitedSize : 5242880
2023-11-17 17:11:47.612  5043-6130  HONOR_AWAR...perAbility com.hihonor.awareness                I  addQureyQueue
2023-11-17 17:11:47.612  3277-22405 PGServer                com.hihonor.iaware                   I  android calls fast HApps
2023-11-17 17:11:47.612  3277-22405 AppFastHibernation      com.hihonor.iaware                   I  fast H duration: 1500 reason: start activity
2023-11-17 17:11:47.612  1861-2963  DE J DES                system_server                        I  [effect] set FreeForm Status:false
2023-11-17 17:11:47.612  3277-22405 AppFastHibernation      com.hihonor.iaware                   I  fastHibernation: the pkg: com.huawei.appmarket keep alive not F_Z
2023-11-17 17:11:47.612  5043-16720 HianalyticsSDK          com.hihonor.awareness                I  [2023-11-17 17:11:47.612 I/HiAnalytics/HianalyticsSDK 5043:4327 null:13] EventRecordTask recordEvent function eventId=881605111,contentSize=99
2023-11-17 17:11:47.612  1608-12694 Pged-IPgedBinderService hwpged                               I  ****action is 1, pid num is 2***
2023-11-17 17:11:47.612  1608-12694 Pged-Freezer            hwpged                               I  freezePids
2023-11-17 17:11:47.612  1608-12694 Pged-Freezer            hwpged                               I  Freeze process: 6055
2023-11-17 17:11:47.613  1861-2965  DE J DES                system_server                        I  [effect] set Split Screen Status:false
2023-11-17 17:11:47.613  3277-3843  PgedBinderAdapter       com.hihonor.iaware                   D  F_Z ok, pid: [6055]
2023-11-17 17:11:47.613  5043-6066  HONOR_AWAR...erInstance com.hihonor.awareness                I  getCurrentBatteryIntent: get cache batteryIntent
2023-11-17 17:11:47.613  5043-6066  HONOR_AWAR...reloadUtil com.hihonor.awareness                I  query battery status: 2, data: [1, 75]
2023-11-17 17:11:47.613  5043-16720 HianalyticsSDK          com.hihonor.awareness                I  [2023-11-17 17:11:47.613 I/HiAnalytics/HianalyticsSDK 5043:4327 null:114] AesCipher enCrypt function key=b052e5505f544bdc2daed482bdd9b312,spendTime=1,len1=99,len2=16,len3=128
2023-11-17 17:11:47.614  1861-2235  HwNotificationService   system_server                        D  onGameStatusChanged event=1,mGameDndStatus=true
2023-11-17 17:11:47.614  5043-16720 HianalyticsSDK          com.hihonor.awareness                I  [2023-11-17 17:11:47.613 I/HiAnalytics/HianalyticsSDK 5043:4327 null:123] EventRecord save saveInSp function isNewMode is false events : 0
2023-11-17 17:11:47.614  1861-2235  HwPhoneWindowManager    system_server                        I  currentFgApp=com.sincetimes.flurryisland, mLastFgPackageName=com.hihonor.android.launcher
2023-11-17 17:11:47.614  1861-2235  HwGameAssi...Controller system_server                        D  isGameForeground? true
2023-11-17 17:11:47.615  1861-3541  TaskOrganizerController system_server                        I  onTaskInfoChanged,task=Task{b80c851 #1935 type=standard A=10216:com.sincetimes.flurryisland U=0 visible=true mode=fullscreen bound=Rect(0, 0 - 1200, 2652) translucent=false sz=1 embedded=false}
2023-11-17 17:11:47.615  1861-3541  TaskOrganizerController system_server                        I  onTaskInfoChanged,task=Task{2195527 #1841 type=home ?? U=0 visible=false mode=fullscreen bound=Rect(0, 0 - 1200, 2652) translucent=true sz=1 embedded=false}
2023-11-17 17:11:47.615  3277-3457  ScenarioService         com.hihonor.iaware                   I  app focus change from: com.hihonor.android.launcher to:com.sincetimes.flurryisland
2023-11-17 17:11:47.615  3277-3457  ScenarioService         com.hihonor.iaware                   I  add focus on app:com.sincetimes.flurryisland to visiblePkgs
2023-11-17 17:11:47.615  1861-3541  HwWindowMa...rServiceEx system_server                        D  recompute display mode
2023-11-17 17:11:47.615  3277-3457  ScenarioService         com.hihonor.iaware                   D  front pkg : com.sincetimes.flurryisland launcher: false
2023-11-17 17:11:47.615  3277-3457  ScenarioService         com.hihonor.iaware                   D  new above launcher front pkgs: [com.sincetimes.flurryisland]
2023-11-17 17:11:47.615  5043-16720 HianalyticsSDK          com.hihonor.awareness                I  [2023-11-17 17:11:47.614 I/HiAnalytics/HianalyticsSDK 5043:4327 null:181] EventRecord save saveInSp function eventId=881605111,eventDataType=maint,content=b9454cf99688c499506b969437e61448e0bc8df14f2cd5591429d03381b97d2434b20ebcf76e6b081aac4545ca3f087c20c3e213d3435f05f08d1aa927bf8963fe1f22024c911e1c0d954bb7e744fbd051d436498747b023d3272f69d183190f1dd6b566b32515b006cd7a7043389ec2890876bfcb8aa078f53e196e43ab259a
2023-11-17 17:11:47.615  3277-3892  RxFallbackCtrl          com.hihonor.iaware                   D  handleAppFgchanged, type is : 9 pkg is : com.sincetimes.flurryisland policy is: 0
2023-11-17 17:11:47.616  3277-3892  RxFallbackCtrl          com.hihonor.iaware                   D  Already disable RxFallback feature, no need to change
2023-11-17 17:11:47.616  3277-4076  PGServer                com.hihonor.iaware                   I  report state:10010 event type:2 pid:0 uid:0 pkg:com.hihonor.android.launcher to pid: 1861
2023-11-17 17:11:47.616  3277-4076  PGServer                com.hihonor.iaware                   I  report state:10010 event type:2 pid:0 uid:0 pkg:com.hihonor.android.launcher to pid: 3277
2023-11-17 17:11:47.616  1183-1688  AudioFlinger            audioserver                          D  setParameters(): io 0, keyvalue SmartPA_lowpower=on, calling pid 3277 calling uid 1000
2023-11-17 17:11:47.616  3277-4076  PGServer                com.hihonor.iaware                   I  report state:10010 event type:2 pid:0 uid:0 pkg:com.hihonor.android.launcher to pid: 3230
2023-11-17 17:11:47.616  1861-2685  WindowManager           system_server                        D  construct win Window{ea5fb0f u0 SnapshotStartingWindow for taskId=1935},comp ComponentInfo{com.sincetimes.flurryisland/com.unity3d.player.UnityPlayerActivity},mLayoutInCutoutLandscape false
2023-11-17 17:11:47.617  1200-1569  SurfaceFlinger          surfaceflinger                       I  createLayer layername: ea5fb0f SnapshotStartingWindow for taskId=1935#0 type: ContainerLayer address = 0xb400007036d28dc0
2023-11-17 17:11:47.617  1861-4167  SWAP_SCENE              system_server                        I  resetZswapdCpuSet to 0-5, get pid of zswapd:193
2023-11-17 17:11:47.617  1861-4167  system_server           system_server                        I  SWAP_CPU: get cpu number = 8
2023-11-17 17:11:47.617  1861-4167  system_server           system_server                        I  SWAP_CPU: set affinity to 0-5 success
2023-11-17 17:11:47.617  1109-4000  uniperf server          ven...rdware.iawareperf@1.0-service  I  uniperf: SetScene: 9
2023-11-17 17:11:47.617  1074-2506  audio_hw_primary        honor.hardware.audio.service         D  adev_set_parameters: enter
2023-11-17 17:11:47.617  3277-3457  AppsUsage               com.hihonor.iaware                   I  scnOff:false fgAPP:com.sincetimes.flurryisland
2023-11-17 17:11:47.618  1861-2685  SurfaceControl          system_server                        I  SurfaceControl 0xb40000718fb8d730
2023-11-17 17:11:47.618  1074-2506  libc                    honor.hardware.audio.service         W  Access denied finding property "audio.offload.disable"
2023-11-17 17:11:47.618  1074-2506  audio_cust              honor.hardware.audio.service         I  set_speaker_lowpower_mode: speaker lowpower_state 1
2023-11-17 17:11:47.618  1074-2506  voice                   honor.hardware.audio.service         I  voice_set_parameters: enter
2023-11-17 17:11:47.618  1074-2506  voice                   honor.hardware.audio.service         I  voice_set_parameters: exit with code(0)
2023-11-17 17:11:47.618  1074-2506  msm8974_platform        honor.hardware.audio.service         V  platform_set_parameters: enter
2023-11-17 17:11:47.618  1200-1403  SurfaceControl          surfaceflinger                       I  SurfaceControl 0xb400006f48b6c2d0
2023-11-17 17:11:47.619  1074-2506  ultrasound_extn         honor.hardware.audio.service         D  ultrasound_extn_set_parameters: enter
2023-11-17 17:11:47.619  1200-1200  SurfaceFlinger          surfaceflinger                       I  handleLayerCreatedLocked layer update primary transform hint.
2023-11-17 17:11:47.619  1074-2506  ultrasound_extn         honor.hardware.audio.service         D  ultrasound_handle_screen_on_message: enter
2023-11-17 17:11:47.619  1074-2506  ultrasound_extn         honor.hardware.audio.service         D  ultrasound_handle_screen_on_message: exit
2023-11-17 17:11:47.619  1074-2506  ultrasound_extn         honor.hardware.audio.service         D  ultrasound_handle_sensor_fusion_message: enter
2023-11-17 17:11:47.619  1074-2506  ultrasound_extn         honor.hardware.audio.service         D  ultrasound_handle_sensor_fusion_message: exit
2023-11-17 17:11:47.619  1074-2506  ultrasound_extn         honor.hardware.audio.service         D  ultrasound_extn_set_parameters: enter
2023-11-17 17:11:47.619  1074-2506  audio_hw_primary        honor.hardware.audio.service         D  adev_set_parameters: exit with code(0)
2023-11-17 17:11:47.619  3277-4076  PGServer                com.hihonor.iaware                   I  report state:10000 event type:1 pid:0 uid:0 pkg:com.sincetimes.flurryisland to pid: 1861
2023-11-17 17:11:47.619  1200-1403  SurfaceFlinger          surfaceflinger                       I  createLayer layername: SnapshotStartingWindow for taskId=1935#0 type: BufferStateLayer address = 0xb400007044b5ce90
2023-11-17 17:11:47.620  1861-2685  SurfaceControl          system_server                        I  SurfaceControl 0xb40000718fa7eeb0
2023-11-17 17:11:47.620  3277-4076  PGServer                com.hihonor.iaware                   I  report state:10000 event type:1 pid:0 uid:0 pkg:com.sincetimes.flurryisland to pid: 3277
2023-11-17 17:11:47.621  3277-22405 PGServer                com.hihonor.iaware                   I  checkPkgType. calling pkg: android
2023-11-17 17:11:47.621  1861-6586  DE J DES                system_server                        I  [effect] Pg pkg:com.sincetimes.flurryisland
2023-11-17 17:11:47.621  5043-16720 HianalyticsSDK          com.hihonor.awareness                I  [2023-11-17 17:11:47.621 I/HiAnalytics/HianalyticsSDK 5043:4327 null:293] SPtils.putString function insert into sp success,size=539
2023-11-17 17:11:47.621  3277-22405 PGServer                com.hihonor.iaware                   I  checkPkgType. calling pkg: android
2023-11-17 17:11:47.621  3424-3424  HwViewRootImpl          com.hihonor.android.launcher         I  removeInvalidNode all the node in jank list is out of time
2023-11-17 17:11:47.622  5043-16720 HianalyticsSDK          com.hihonor.awareness                I  [2023-11-17 17:11:47.621 I/HiAnalytics/HianalyticsSDK 5043:4327 null:13] EventRecordTask recordEvent function eventLength=335,reportLimitSize=10,oldLen=99,encryptLen=256
2023-11-17 17:11:47.622  1861-2685  HwWindowMa...rServiceEx system_server                        D  recompute display mode
2023-11-17 17:11:47.622  1861-2685  HwWindowMa...rServiceEx system_server                        D  recompute display mode
2023-11-17 17:11:47.622  3277-4076  PGServer                com.hihonor.iaware                   I  report state:10000 event type:1 pid:0 uid:0 pkg:com.sincetimes.flurryisland to pid: 3230
2023-11-17 17:11:47.622  1861-2685  SurfaceControl          system_server                        I  nativeRelease 0xb40000718f9ce250 count: 2
2023-11-17 17:11:47.622  1861-2685  SurfaceControl          system_server                        I  ~SurfaceControl 0xb40000718f9ce250
2023-11-17 17:11:47.623  3033-3174  SurfaceControl          com.android.systemui                 I  SurfaceControl 0xb40000718faad320
2023-11-17 17:11:47.623  1200-1403  SurfaceFlinger          surfaceflinger                       I  createLayer layername: SnapshotStartingWindow for taskId=1935 - task-snapshot-surface#0 type: BufferStateLayer address = 0xb400007044b1e670
2023-11-17 17:11:47.624  3033-3174  SurfaceControl          com.android.systemui                 I  SurfaceControl 0xb40000718fb119d0
2023-11-17 17:11:47.627  1861-3432  HnAlarmManagerService   system_server                        I  SHB_ELAPSED, alarm: d10ad7a, pkg=com.hihonor.awareness, whenElapsed=1136668802, shbElapsed= 0
2023-11-17 17:11:47.627  1200-1403  SurfaceFlinger          surfaceflinger                       I  createLayer layername: com.sincetimes.flurryisland/com.unity3d.player.UnityPlayerActivity#0 type: BufferStateLayer address = 0xb400007044b75380
2023-11-17 17:11:47.628  5043-6271  HONOR_AWAR...imeManager com.hihonor.awareness                W   list : [1700212312597, 1700212474636, 1700212644616, 1700214840000, 1700215200000, 1700217360000, 1700217475044, 1700217695134, 1700220867986, 1700223090000, 1700223180000, 1700224164425, 1700225340000, 1700225986644, 1700229600000, 1700230395816, 1700235780000, 1700236420793, 1700236541000, 1700236740000, 1700236800000, 1700236860000, 1700238000000, 1700238644000, 1700240460911, 1700243843877, 1700247078000, 1700247600000, 1700251200000, 1700253535945, 1700255139697, 1700256644000, 1700258400000, 1700260980000, 1700262000000, 1700265600000, 1700265705000, 1700266632000, 1700271420000, 1700271780000, 1700272800000, 1700273576000, 1700278402000, 1700278539000, 1700281920000, 1700285378707, 1700286000000, 1700286053055, 1700288576014, 1700315938072, 1700323200000, 1700348400000, 1700436720000, 1700476560000, 1700523120000, 1700562960000, 1700656740000, 1700668800000, 1700743140000, 1701532800000, 1702224000000, 1702742400000, 1706630400000, 1730304000000, 1759247999000, 1761840000000, 1854720000000, 1854756536000, 1856102400000, 1856534400000, 1886774400000]
2023-11-17 17:11:47.628  5043-6271  HONOR_AWAR...imeManager com.hihonor.awareness                W   firstTriggerTime : 1700212312597
2023-11-17 17:11:47.628  5043-6271  HONOR_AWAR...imeManager com.hihonor.awareness                W  should not trigger because first trigger time is : 1700212312597
2023-11-17 17:11:47.629  1861-1861  HwCameraSceneDetection  system_server                        W  uid:10216, componentName:ComponentInfo{com.sincetimes.flurryisland/com.unity3d.player.UnityPlayerActivity}, flag:showStartingWindow
2023-11-17 17:11:47.629  1861-6586  SurfaceControl          system_server                        I  SurfaceControl 0xb40000718fa2c810
2023-11-17 17:11:47.630  5043-6066  HONOR_AWAR...reloadUtil com.hihonor.awareness                I  use last weather data.
2023-11-17 17:11:47.630  5043-6066  HONOR_AWAR...ReportUtil com.hihonor.awareness                I  report success!
2023-11-17 17:11:47.630  5043-9960  HONOR_AWAR...oviderExec com.hihonor.awareness                I  method: businessEventReport, arg: null, pkg: com.hihonor.awareness
2023-11-17 17:11:47.630 30077-30095 Assistant....rdProvider com.hihonor.assistant                I  call method: handleBusiness
2023-11-17 17:11:47.630 30077-30095 Assistant....rdProvider com.hihonor.assistant                I  handleBusiness in by : com.hihonor.android.launcher
2023-11-17 17:11:47.630 30077-30095 Assistant.....CardProxy com.hihonor.assistant                I  proxy in:$Proxy6 call handleBusiness 
2023-11-17 17:11:47.631 30077-30095 Assistant....ommendImpl com.hihonor.assistant                I  actionName:widgetExpose callPkg:com.hihonor.android.launcher
2023-11-17 17:11:47.631 30077-30095 Assistant....ommendImpl com.hihonor.assistant                I  exposeWidget brainParam:[],pageParam: [],widgetParam: [{"widgetPageId":0.0,"exposureCount":"0","widgetId":"12","channelID":"0004000200020000","exposureDuration":"0"}]
2023-11-17 17:11:47.631 30077-30095 BrainClient             com.hihonor.assistant                I  BrainClient: version is 6.0.0.204
2023-11-17 17:11:47.631 30077-30095 BrainClient             com.hihonor.assistant                D  BrainClient: call connect, caller is com.hihonor.assistant
2023-11-17 17:11:47.632  1861-6586  HwWindowMa...rServiceEx system_server                        D  recompute display mode
2023-11-17 17:11:47.632  1861-6586  WindowManager           system_server                        I  Changing focus from null to Window{8599dac u0 com.sincetimes.flurryisland/com.unity3d.player.UnityPlayerActivity} mode 0 displayId=0
2023-11-17 17:11:47.632  1861-6586  GestureNav_Strategy     system_server                        D  mIsScaledWindow = false
2023-11-17 17:11:47.632  1861-6586  GestureNav_Strategy     system_server                        D  mIsScaledWindow = false
2023-11-17 17:11:47.632  1861-6586  GestureNav_Strategy     system_server                        D  mIsScaledWindow = false
2023-11-17 17:11:47.633  1861-2782  InputManager-JNI        system_server                        I  nativeSetGuestureNavTouchEnable
2023-11-17 17:11:47.633  1861-2782  GestureNavManager       system_server                        I  update game status: false
2023-11-17 17:11:47.633  1861-2782  InputDispatcher         system_server                        I  IsGameDndOn is : 0
2023-11-17 17:11:47.633  1861-6586  HwPCUtils#...ayPolicyEx system_server                        I  RemoteException informAppFocusChangedListeners
2023-11-17 17:11:47.633  1861-6586  HwPCUtils#...ayPolicyEx system_server                        I  RemoteException informAppFocusChangedListeners
2023-11-17 17:11:47.633  1861-6586  HwPCUtils#...ayPolicyEx system_server                        I  RemoteException informAppFocusChangedListeners
2023-11-17 17:11:47.633  1861-6586  HwPCUtils#...ayPolicyEx system_server                        I  RemoteException informAppFocusChangedListeners
2023-11-17 17:11:47.633  1861-6586  HwPCUtils#...ayPolicyEx system_server                        I  RemoteException informAppFocusChangedListeners
2023-11-17 17:11:47.633  1861-6586  HwPCUtils#...ayPolicyEx system_server                        I  RemoteException informAppFocusChangedListeners
2023-11-17 17:11:47.633  1861-6586  HwPCUtils#...ayPolicyEx system_server                        I  RemoteException informAppFocusChangedListeners
2023-11-17 17:11:47.633  1861-6586  HwPCUtils#...ayPolicyEx system_server                        I  RemoteException informAppFocusChangedListeners
2023-11-17 17:11:47.633  1861-6586  HwPCUtils#...ayPolicyEx system_server                        I  RemoteException informAppFocusChangedListeners
2023-11-17 17:11:47.633  1861-6586  HwPCUtils#...ayPolicyEx system_server                        I  RemoteException informAppFocusChangedListeners
2023-11-17 17:11:47.633  1861-6586  HwPCUtils#...ayPolicyEx system_server                        I  RemoteException informAppFocusChangedListeners
2023-11-17 17:11:47.634  1861-6586  HwPCUtils#...ayPolicyEx system_server                        I  RemoteException informAppFocusChangedListeners
2023-11-17 17:11:47.634  1861-6586  HwPCUtils#...ayPolicyEx system_server                        I  RemoteException informAppFocusChangedListeners
2023-11-17 17:11:47.634  1861-6586  HwPCUtils#...ayPolicyEx system_server                        I  RemoteException informAppFocusChangedListeners
2023-11-17 17:11:47.634  1861-6586  HwPCUtils#...ayPolicyEx system_server                        I  RemoteException informAppFocusChangedListeners
2023-11-17 17:11:47.634  1861-6586  SurfaceControl          system_server                        I  nativeRelease 0xb40000718fc26970 count: 3
2023-11-17 17:11:47.634  1183-1688  AudioFlinger            audioserver                          D  setParameters(): io 0, keyvalue updateHistenParams=1, calling pid 3277 calling uid 1000
2023-11-17 17:11:47.634  1200-1403  SurfaceFlinger          surfaceflinger                       I  createLayer layername: Surface(name=1ba180b StatusBar)/@0xaaa1133 - animation-leash of insets_animation#0 type: EffectLayer address = 0xb400007036c177c0
2023-11-17 17:11:47.634  1183-1688  Histen_mobile           audioserver                          I  SwsParamsSetInt:918: Param 34 is set to 1
2023-11-17 17:11:47.634  1183-1688  SwsHandle               audioserver                          I  IAware setParameter to histen: 1
2023-11-17 17:11:47.634  1200-1200  Layer                   surfaceflinger                       I  [setLayer] ea5fb0f SnapshotStartingWindow for taskId=1935#0 debug_AOD setlayer z = 2
2023-11-17 17:11:47.634  1183-1688  audio_honor_mobile      audioserver                          I  LowlatencyParamsSetInt:612: LOWLATENCY: Param 13 is set to 1
2023-11-17 17:11:47.634  1200-1200  Layer                   surfaceflinger                       I  [setRelativeLayer] ImeContainer#0 debug_AOD setRelativeLayer z = 1, relativeZ = 1
2023-11-17 17:11:47.634  1183-1688  audio_honor_mobile      audioserver                          I  SetLowlatencyOtherParam:535: LOWLATENCY: OtherParam = LOWLATENCY_IAWARE_MODE, value = 1
2023-11-17 17:11:47.634  1200-1200  Layer                   surfaceflinger                       I  [setLayer] homeAnimationLayer#0 debug_AOD setlayer z = 1
2023-11-17 17:11:47.634  1200-1200  Layer                   surfaceflinger                       I  [setLayer] animationLayer#0 debug_AOD setlayer z = 9
2023-11-17 17:11:47.634  1183-1688  LowLatencyHandle        audioserver                          I  LOWLATENCY: IAware setParameter to histen: 1
2023-11-17 17:11:47.634  1200-1200  Layer                   surfaceflinger                       I  [setLayer] splitScreenDividerAnchor#0 debug_AOD setlayer z = 10
2023-11-17 17:11:47.634  1200-1200  Layer                   surfaceflinger                       I  [setLayer] boostedAnimationLayer#0 debug_AOD setlayer z = 11
2023-11-17 17:11:47.634  1200-1200  Layer                   surfaceflinger                       I  [setLayer] boostedHwFreeFormAnimationLayer#0 debug_AOD setlayer z = 11
2023-11-17 17:11:47.635  1200-1200  SurfaceFlinger          surfaceflinger                       I  handleLayerCreatedLocked layer update primary transform hint.
2023-11-17 17:11:47.635  1200-1200  SurfaceFlinger          surfaceflinger                       I  handleLayerCreatedLocked layer update primary transform hint.
2023-11-17 17:11:47.635  1200-1200  SurfaceFlinger          surfaceflinger                       I  handleLayerCreatedLocked layer update primary transform hint.
2023-11-17 17:11:47.635  1200-1200  Layer                   surfaceflinger                       I  [setLayer] homeAnimationLayer#0 debug_AOD setlayer z = 1
2023-11-17 17:11:47.635  1200-1200  Layer                   surfaceflinger                       I  [setLayer] animationLayer#0 debug_AOD setlayer z = 9
2023-11-17 17:11:47.635  1200-1200  Layer                   surfaceflinger                       I  [setLayer] splitScreenDividerAnchor#0 debug_AOD setlayer z = 10
2023-11-17 17:11:47.635  1200-1200  Layer                   surfaceflinger                       I  [setLayer] boostedAnimationLayer#0 debug_AOD setlayer z = 11
2023-11-17 17:11:47.635  1200-1200  Layer                   surfaceflinger                       I  [setLayer] boostedHwFreeFormAnimationLayer#0 debug_AOD setlayer z = 11
2023-11-17 17:11:47.635  1200-1200  SurfaceFlinger          surfaceflinger                       I  handleLayerCreatedLocked layer update primary transform hint.
2023-11-17 17:11:47.635  1200-1200  SurfaceControl          surfaceflinger                       I  ~SurfaceControl 0xb400006f48b6c2d0
2023-11-17 17:11:47.635  1861-2731  Process                 system_server                        W  Unable to open /proc/-1/status
2023-11-17 17:11:47.635  1608-1619  AwareLog                hwpged                               I  IsSplashThread threadName[16093][es.flurryisland]
2023-11-17 17:11:47.635  1608-1619  AwareLog                hwpged                               E  SetThreadToVipGroup:: iawared vipgroup set pid[16093] FAILED-NOT-TOP-APP!
2023-11-17 17:11:47.635  1608-1619  AwareLog                hwpged                               E  SetThreadToVipGroup:: iawared vipgroup set pid[0] FAILED-NOT-TOP-APP!
2023-11-17 17:11:47.635  1074-2506  audio_hw_primary        honor.hardware.audio.service         D  adev_set_parameters: enter
2023-11-17 17:11:47.635  1861-2731  HwActivity...rServiceEx system_server                        D  notifyAppToTop pid:3424, enable:0
2023-11-17 17:11:47.635  1074-2506  libc                    honor.hardware.audio.service         W  Access denied finding property "audio.offload.disable"
2023-11-17 17:11:47.635  1074-2506  audio_effect            honor.hardware.audio.service         I  honor_set_sound_effect_interface: current updateHistenParams[1]
2023-11-17 17:11:47.635  1074-2506  audio_effect            honor.hardware.audio.service         D  honor_update_sound_effect_param: effect set [scene] param
2023-11-17 17:11:47.635  1861-2731  ProcessInfoCollector    system_server                        E  getProcessInfo: proc should not less than zero.
2023-11-17 17:11:47.635  1074-2506  ACDB-LOADER             honor.hardware.audio.service         E  [acdb_loader_adsp_set_audio_cal] active device/stream not found (result=-100) for topology 0x10a50001 and apptype 0x11130
2023-11-17 17:11:47.635  1074-2506  ACDB-LOADER             honor.hardware.audio.service         E  [acdb_loader_adsp_set_audio_cal] set parameters failed with status -100
2023-11-17 17:11:47.635  1074-2506  ACDB-LOADER             honor.hardware.audio.service         E  [acdb_loader_adsp_set_audio_cal] active device/stream not found (result=-100) for topology 0x10a50001 and apptype 0x11130
2023-11-17 17:11:47.635  1861-2731  Process                 system_server                        W  Unable to open /proc/-1/status
2023-11-17 17:11:47.635  1074-2506  ACDB-LOADER             honor.hardware.audio.service         E  [acdb_loader_adsp_set_audio_cal] set parameters failed with status -100
2023-11-17 17:11:47.635  1074-2506  ACDB-LOADER             honor.hardware.audio.service         E  [acdb_loader_adsp_set_audio_cal] active device/stream not found (result=-100) for topology 0x10a50001 and apptype 0x11130
2023-11-17 17:11:47.635  1074-2506  ACDB-LOADER             honor.hardware.audio.service         E  [acdb_loader_adsp_set_audio_cal] set parameters failed with status -100
2023-11-17 17:11:47.635  1074-2506  ACDB-LOADER             honor.hardware.audio.service         E  [acdb_loader_adsp_set_audio_cal] active device/stream not found (result=-100) for topology 0x10a50001 and apptype 0x11130
2023-11-17 17:11:47.635  1074-2506  ACDB-LOADER             honor.hardware.audio.service         E  [acdb_loader_adsp_set_audio_cal] set parameters failed with status -100
2023-11-17 17:11:47.635  1074-2506  ACDB-LOADER             honor.hardware.audio.service         E  [acdb_loader_adsp_set_audio_cal] active device/stream not found (result=-100) for topology 0x10a50001 and apptype 0x11130
2023-11-17 17:11:47.635  1074-2506  ACDB-LOADER             honor.hardware.audio.service         E  [acdb_loader_adsp_set_audio_cal] set parameters failed with status -100
2023-11-17 17:11:47.635  1074-2506  voice                   honor.hardware.audio.service         I  voice_set_parameters: enter
2023-11-17 17:11:47.635  1074-2506  voice                   honor.hardware.audio.service         I  voice_set_parameters: exit with code(0)
2023-11-17 17:11:47.635  1074-2506  msm8974_platform        honor.hardware.audio.service         V  platform_set_parameters: enter
2023-11-17 17:11:47.635  1074-2506  ultrasound_extn         honor.hardware.audio.service         D  ultrasound_extn_set_parameters: enter
2023-11-17 17:11:47.635  1074-2506  ultrasound_extn         honor.hardware.audio.service         D  ultrasound_handle_screen_on_message: enter
2023-11-17 17:11:47.635  1074-2506  ultrasound_extn         honor.hardware.audio.service         D  ultrasound_handle_screen_on_message: exit
2023-11-17 17:11:47.635  1074-2506  ultrasound_extn         honor.hardware.audio.service         D  ultrasound_handle_sensor_fusion_message: enter
2023-11-17 17:11:47.635  1074-2506  ultrasound_extn         honor.hardware.audio.service         D  ultrasound_handle_sensor_fusion_message: exit
2023-11-17 17:11:47.635  1074-2506  ultrasound_extn         honor.hardware.audio.service         D  ultrasound_extn_set_parameters: enter
2023-11-17 17:11:47.635  1074-2506  audio_hw_primary        honor.hardware.audio.service         D  adev_set_parameters: exit with code(0)
2023-11-17 17:11:47.636  3424-3424  RmeSchedManager         com.hihonor.android.launcher         I  init Rme, version is: v1.0
2023-11-17 17:11:47.636  3424-3424  RtgSched                com.hihonor.android.launcher         D  resetRtgSchedHandle failed enable:0
2023-11-17 17:11:47.636  1861-6586  SurfaceControl          system_server                        I  SurfaceControl 0xb40000718fbcbed0
2023-11-17 17:11:47.636  1861-3539  InputDispatcher         system_server                        I  Focus left window: a6d063a com.hihonor.android.launcher/com.hihonor.android.launcher.unihome.UniHomeLauncher (server) in display 0
2023-11-17 17:11:47.636  1861-6586  SurfaceControl          system_server                        I  nativeRelease 0xb40000718fbc76a0 count: 3
2023-11-17 17:11:47.637  3424-3424  DecorView               com.hihonor.android.launcher         D  showOrHideHighlightView: hasFocus=false; winMode=1; isMrgNull=true
2023-11-17 17:11:47.637  1200-1403  SurfaceFlinger          surfaceflinger                       I  createLayer layername: Surface(name=3359e1a NavigationBar0)/@0xbcac4ee - animation-leash of insets_animation#0 type: EffectLayer address = 0xb400007036c2e440
2023-11-17 17:11:47.637  1608-1619  AwareLog                hwpged                               I  IsSplashThread threadName[3174][ll.splashscreen]
2023-11-17 17:11:47.638  1861-6586  SurfaceControl          system_server                        I  SurfaceControl 0xb40000718f9fa510
2023-11-17 17:11:47.638  1861-6586  HwDisplayPolicyEx       system_server                        I  setStickImmersiveMode isStickHideNav = false
2023-11-17 17:11:47.638  1861-6586  HwDisplayContentEx      system_server                        I  currentFocus windowstate not null
2023-11-17 17:11:47.638  1861-2134  StatusBarDisable        system_server                        I  setFlags what=0 which=1 pkg=Window{8599dac u0 com.sincetimes.flurryisland/com.unity3d.player.UnityPlayerActivity}
2023-11-17 17:11:47.638  1861-6586  ZrHung.App...ocusWindow system_server                        E  cancel check
2023-11-17 17:11:47.638  1861-6586  ZrHung.App...ocusWindow system_server                        D  FocusWindowErrorScene cancelCheckFreezeScreen
2023-11-17 17:11:47.638  1861-6586  HwDisplayContentEx      system_server                        I  trans currentFocus windowstate not null
2023-11-17 17:11:47.638  1861-6586  ZrHung.App...rentWindow system_server                        D  TransparentWindow mHungConfigStatus = 0,mHungConfigEnable = 1
2023-11-17 17:11:47.638  1861-6586  SurfaceControl          system_server                        I  nativeRelease 0xb40000718fabec50 count: 2
2023-11-17 17:11:47.639  1861-6586  SurfaceControl          system_server                        I  ~SurfaceControl 0xb40000718fabec50
2023-11-17 17:11:47.640  3033-3033  StatusBar               com.android.systemui                 W  Statusbar onSystemBarAttributesChanged appearance = 0 mTransientShown false displayId 0 mDisplayId 0 behavior 2 isFullscreen false
2023-11-17 17:11:47.640  1200-1403  SurfaceControl          surfaceflinger                       I  SurfaceControl 0xb400006f48b74af0
2023-11-17 17:11:47.640  1200-1403  SurfaceControl          surfaceflinger                       I  SurfaceControl 0xb400006f48b6c850
2023-11-17 17:11:47.641  1183-1688  AudioFlinger            audioserver                          D  setParameters(): io 0, keyvalue updateAppSilentUid=10216, calling pid 3277 calling uid 1000
2023-11-17 17:11:47.641  1861-2137  SurfaceControl          system_server                        I  ~SurfaceControl 0xb40000718fc26970
2023-11-17 17:11:47.641  1861-2137  SurfaceControl          system_server                        I  ~SurfaceControl 0xb40000718fbc76a0
2023-11-17 17:11:47.641  1608-1619  AwareLog                hwpged                               I  SetThreadToVipGroup:: iawared vipgroup set pid[3174] Success!
2023-11-17 17:11:47.641  1608-1619  AwareLog                hwpged                               I  IsSplashThread threadName[3175][ll.splashworker]
2023-11-17 17:11:47.641  1608-1619  AwareLog                hwpged                               I  SetThreadToVipGroup:: iawared vipgroup set pid[3175] Success!
2023-11-17 17:11:47.641  3424-21239 SurfaceControl          com.hihonor.android.launcher         I  SurfaceControl 0xb40000718fa53640
2023-11-17 17:11:47.642 16093-16119 SurfaceControl          com.sincetimes.flurryisland          I  SurfaceControl 0xb40000718f992fa0
2023-11-17 17:11:47.642  3424-3424  SurfaceControl          com.hihonor.android.launcher         I  nativeRelease 0xb40000718f9c3bf0 count: 2
2023-11-17 17:11:47.642  3424-3424  SurfaceControl          com.hihonor.android.launcher         I  ~SurfaceControl 0xb40000718f9c3bf0
2023-11-17 17:11:47.642  3424-3424  SurfaceControl          com.hihonor.android.launcher         I  nativeRelease 0xb40000718fa3e6c0 count: 2
2023-11-17 17:11:47.642  3424-3424  SurfaceControl          com.hihonor.android.launcher         I  ~SurfaceControl 0xb40000718fa3e6c0
2023-11-17 17:11:47.642  3424-3424  SurfaceControl          com.hihonor.android.launcher         I  nativeRelease 0xb40000718fa6eef0 count: 2
2023-11-17 17:11:47.642  3424-3424  SurfaceControl          com.hihonor.android.launcher         I  ~SurfaceControl 0xb40000718fa6eef0
2023-11-17 17:11:47.642 16093-16093 SurfaceControl          com.sincetimes.flurryisland          I  SurfaceControl 0xb40000718f9a2460
2023-11-17 17:11:47.642 16093-16119 SurfaceControl          com.sincetimes.flurryisland          I  SurfaceControl 0xb40000718f9a15f0
2023-11-17 17:11:47.643  1074-2374  audio_hw_primary        honor.hardware.audio.service         D  adev_set_parameters: enter
2023-11-17 17:11:47.643  1074-2374  libc                    honor.hardware.audio.service         W  Access denied finding property "audio.offload.disable"
2023-11-17 17:11:47.643 16093-16093 BufferQueueConsumer     com.sincetimes.flurryisland          I  [](id:3edd00000003,api:0,p:-1,c:16093) connect: controlledByApp=false
2023-11-17 17:11:47.643  1861-2137  Letterbox               system_server                        I  LetterboxSurface  remove com.android.server.wm.Letterbox$LetterboxSurface@3f1d7a2,  Surface: null, type: fullWindow
2023-11-17 17:11:47.643  1074-2374  voice                   honor.hardware.audio.service         I  voice_set_parameters: enter
2023-11-17 17:11:47.643  1074-2374  voice                   honor.hardware.audio.service         I  voice_set_parameters: exit with code(0)
2023-11-17 17:11:47.643  1074-2374  msm8974_platform        honor.hardware.audio.service         V  platform_set_parameters: enter
2023-11-17 17:11:47.643  1074-2374  ultrasound_extn         honor.hardware.audio.service         D  ultrasound_extn_set_parameters: enter
2023-11-17 17:11:47.643  1074-2374  ultrasound_extn         honor.hardware.audio.service         D  ultrasound_handle_screen_on_message: enter
2023-11-17 17:11:47.643  1074-2374  ultrasound_extn         honor.hardware.audio.service         D  ultrasound_handle_screen_on_message: exit
2023-11-17 17:11:47.643  1074-2374  ultrasound_extn         honor.hardware.audio.service         D  ultrasound_handle_sensor_fusion_message: enter
2023-11-17 17:11:47.643  1074-2374  ultrasound_extn         honor.hardware.audio.service         D  ultrasound_handle_sensor_fusion_message: exit
2023-11-17 17:11:47.643  1074-2374  ultrasound_extn         honor.hardware.audio.service         D  ultrasound_extn_set_parameters: enter
2023-11-17 17:11:47.643  1074-2374  audio_hw_primary        honor.hardware.audio.service         D  adev_set_parameters: exit with code(0)
2023-11-17 17:11:47.643  1861-2137  HwWindowMa...rServiceEx system_server                        D  recompute display mode
2023-11-17 17:11:47.643  1861-2137  HwWindowMa...rServiceEx system_server                        D  recompute display mode
2023-11-17 17:11:47.644  1200-1569  SurfaceFlinger          surfaceflinger                       I  createLayer layername: Surface(name=Task=1935)/@0xf117a53 - animation-leash of app_transition#0 type: EffectLayer address = 0xb400007036d232a0
2023-11-17 17:11:47.645  1861-2137  SurfaceControl          system_server                        I  SurfaceControl 0xb40000718fa70b20
2023-11-17 17:11:47.645  1861-2137  HwWindowMa...rServiceEx system_server                        I  closing apps count = 1
2023-11-17 17:11:47.645  1200-1569  SurfaceFlinger          surfaceflinger                       I  createLayer layername: Surface(name=ActivityRecord{3ca24a8 u0 com.hihonor.android.launcher/.unihome.UniHomeLauncher t1842 mode=fullscreen boundsRect(0, 0 - 1200, 2652)})/@0xfe7b7a3 - animation-leash of app_transition#0 type: EffectLayer address = 0xb400007036d26030
2023-11-17 17:11:47.646  1861-2137  SurfaceControl          system_server                        I  SurfaceControl 0xb40000718fb37af0
2023-11-17 17:11:47.646  1861-2137  WindowManager           system_server                        V  Loading animations: layout params pkg=com.sincetimes.flurryisland resId=0x10302ff
2023-11-17 17:11:47.646  1861-2137  WindowManager           system_server                        V  Loading animations: picked package=android
2023-11-17 17:11:47.646  1861-3539  HwInputMet...gerService system_server                        D  removeImeSurfaceFromWindowAsync.android.os.BinderProxy@4dbbf5f
2023-11-17 17:11:47.647  1200-1569  SurfaceFlinger          surfaceflinger                       I  createLayer layername: Surface(name=WallpaperWindowToken{2cab45f token=android.os.Binder@4ab04fe})/@0x3c7c6e5 - animation-leash of window_animation#0 type: EffectLayer address = 0xb400007036c6a110
2023-11-17 17:11:47.647  1861-2137  SurfaceControl          system_server                        I  SurfaceControl 0xb40000718fbf3540
2023-11-17 17:11:47.647  1861-2137  WindowManager           system_server                        I  topActivity: ActivityRecord{3ca24a8 u0 com.hihonor.android.launcher/.unihome.UniHomeLauncher t1842 mode=fullscreen boundsRect(0, 0 - 1200, 2652)} ,snapshotMode: SNAPSHOT_MODE_NONE
2023-11-17 17:11:47.649  1200-1569  SurfaceControl          surfaceflinger                       I  SurfaceControl 0xb400006f48b6ab70
2023-11-17 17:11:47.649  1200-1569  SurfaceControl          surfaceflinger                       I  SurfaceControl 0xb400006f48b640e0
2023-11-17 17:11:47.649  1200-1569  SurfaceControl          surfaceflinger                       I  SurfaceControl 0xb400006f48b6e060
2023-11-17 17:11:47.650  1861-2137  DebugKeepScreenOn       system_server                        I  setHoldScreenLocked newHoldScreen:Session{2aaa6ae 3033:u0a10056} currentHoldScreen:null wakeLockState:false
2023-11-17 17:11:47.650  3424-21239 SurfaceControl          com.hihonor.android.launcher         I  SurfaceControl 0xb40000718f9f5c30
