2023-11-17 17:11:48.236  3424-3636  BrainClient             com.hihonor.android.launcher         W  BrainClient: Brain service is not connecting with the current process in disconnect
2023-11-17 17:11:48.236  3424-3636  CardSortService         com.hihonor.android.launcher         I  try bind And connect
2023-11-17 17:11:48.236  3424-3636  BrainClient             com.hihonor.android.launcher         D  BrainClient: call connect, caller is com.hihonor.android.launcher
2023-11-17 17:11:48.236  1570-1592  AGPService              AGPService                           I  RefreshRateChangeDataCollection scenesCode 0 priority 8 forceFps 60
2023-11-17 17:11:48.236  1570-1592  AGPService              AGPService                           I  RefreshRateChangeDataCollection targetScenesCode 0 maxPriority 8
2023-11-17 17:11:48.236  1861-6586  SurfaceControl          system_server                        I  ~SurfaceControl 0xb40000718fb99020
2023-11-17 17:11:48.237  7857-13706 AccountInfoManager      com.huawei.hwid.core                 W  [HwJos_log[6.12.0.300_product] null:38] accountInfo is null, create empty object
2023-11-17 17:11:48.237 28943-28943 HMSSDK_AGCUtils         com.huawei.gameassistant             I  In getMetaDataCpId, Failed to read meta data for the CpId.
2023-11-17 17:11:48.237  7857-13706 AccountInfoManager      com.huawei.hwid.core                 I  [HwJos_log[6.12.0.300_product] null:48] getDeliveryCountry is countryCode
2023-11-17 17:11:48.237  7857-13706 JosSignInHAReporter     com.huawei.hwid.core                 W  [HwJos_log[6.12.0.300_product] null:16] onReportSignInTime not Allow Report
2023-11-17 17:11:48.237 28943-28943 HMSSDK_AGCUtils         com.huawei.gameassistant             E  Get client/cp_id failed: java.io.FileNotFoundException: agconnect-services.json
2023-11-17 17:11:48.237  7857-13706 AccountInfoManager      com.huawei.hwid.core                 W  [HwJos_log[6.12.0.300_product] null:38] accountInfo is null, create empty object
2023-11-17 17:11:48.237 28943-28943 HMSSDK_AGCUtils         com.huawei.gameassistant             E  The client/cp_id is null.
2023-11-17 17:11:48.237  7857-13706 AccountInfoManager      com.huawei.hwid.core                 W  [HwJos_log[6.12.0.300_product] null:38] accountInfo is null, create empty object
2023-11-17 17:11:48.237  7857-13706 AccountInfoManager      com.huawei.hwid.core                 I  [HwJos_log[6.12.0.300_product] null:48] getDeliveryCountry is countryCode
2023-11-17 17:11:48.237 28943-28943 HMSSDK_[HU...thMemCache com.huawei.gameassistant             I  HwID_SDK_Log[6.1.0.300]saveDefaultHuaweiIdSignInAccount start.
2023-11-17 17:11:48.238  7857-13706 AccountInfoManager      com.huawei.hwid.core                 W  [HwJos_log[6.12.0.300_product] null:38] accountInfo is null, create empty object
2023-11-17 17:11:48.238 28943-29019 HMSSDK_HMS...ageManager com.huawei.gameassistant             I  Enter getHMSPackageNameForMultiService
2023-11-17 17:11:48.238  7857-13706 AccountInfoManager      com.huawei.hwid.core                 W  [HwJos_log[6.12.0.300_product] null:38] accountInfo is null, create empty object
2023-11-17 17:11:48.238 28943-28943 HMSSDK_[HU...thMemCache com.huawei.gameassistant             I  HwID_SDK_Log[6.1.0.300]saveDefaultHuaweiIdSignInAccount start.
2023-11-17 17:11:48.238  7857-13706 AccountInfoManager      com.huawei.hwid.core                 I  [HwJos_log[6.12.0.300_product] null:48] getDeliveryCountry is countryCode
2023-11-17 17:11:48.238 28943-29019 HMSSDK_HuaweiApi        com.huawei.gameassistant             I  No setInnerHms, hms pkg name is com.huawei.hwid
2023-11-17 17:11:48.238  7857-13706 JosSignInHAReporter     com.huawei.hwid.core                 W  [HwJos_log[6.12.0.300_product] null:17] onReportLogin not Allow Report
2023-11-17 17:11:48.238 28943-28943 HMSSDK_HMS...ageManager com.huawei.gameassistant             I  Enter getHMSPackageNameForMultiService
2023-11-17 17:11:48.238 28943-29019 HMSSDK_HuaweiApi        com.huawei.gameassistant             I  sendRequest
2023-11-17 17:11:48.238 28943-29019 HMSSDK_HMS...ageManager com.huawei.gameassistant             I  Enter getHMSPackageName
2023-11-17 17:11:48.238 28943-29019 HMSSDK_HuaweiApi        com.huawei.gameassistant             I  isConnected:true.
2023-11-17 17:11:48.238 28943-28943 HMSSDK_[HU...askApiCall com.huawei.gameassistant             I  HwID_SDK_Log[6.1.0.300]report: api=hwid.silentSignInversion=60100302
2023-11-17 17:11:48.238 28943-29019 HMSSDK_BaseHmsClient    com.huawei.gameassistant             I  getAdapter:isInner:false, mInnerBinderAdapter:null, mOuterBinderAdapter:com.huawei.hms.adapter.OuterBinderAdapter@2b3e81e
2023-11-17 17:11:48.239 28943-28943 HMSSDK_RequestManager   com.huawei.gameassistant             I  removeReqByTransId
2023-11-17 17:11:48.239 28943-29019 HMSSDK_RequestManager   com.huawei.gameassistant             I  addToConnectedReqMap
2023-11-17 17:11:48.239 28943-28943 HwGameAssi...nInRequest com.huawei.gameassistant             I  signInHwAccount success
2023-11-17 17:11:48.239 28943-29019 HMSSDK_HmsClient        com.huawei.gameassistant             I  post msg api_name:core.getNoticeIntent, app_id:100170393|, pkg_name:com.huawei.gameassistant, sdk_version:61100302, session_id:*, transaction_id:100170393Intent20231117171148235019000, kitSdkVersion:0, apiLevel:1
2023-11-17 17:11:48.239 28943-28943 HwGameAssi...nInRequest com.huawei.gameassistant             I  notifyCallback cost:565
2023-11-17 17:11:48.239 28943-29019 HMSSDK_HmsClient        com.huawei.gameassistant             I  Activity is null for 100170393
2023-11-17 17:11:48.239  6141-6141  Brain_BrainService      com.hihonor.brain                    I  onCreated end
2023-11-17 17:11:48.239  6141-6141  Brain_BrainService      com.hihonor.brain                    I  onBind start
2023-11-17 17:11:48.239 28943-29019 HMSSDK_BaseAdapter      com.huawei.gameassistant             I  In constructor, WeakReference is java.lang.ref.WeakReference@b646b18
2023-11-17 17:11:48.239 28943-29019 HMSSDK_BaseAdapter      com.huawei.gameassistant             I  in baseRequest + uri is :core.getNoticeIntent, transactionId is : 100170393Intent20231117171148235019000
2023-11-17 17:11:48.239 28943-29166 HwGameAssi...untWrapper com.huawei.gameassistant             I  Sync requestAccessToken cost:565
2023-11-17 17:11:48.240 28943-29019 HMSSDK_Pen...ResultImpl com.huawei.gameassistant             I  init uri:core.getNoticeIntent
2023-11-17 17:11:48.240 28943-29019 HMSSDK_Pen...ResultImpl com.huawei.gameassistant             I  setResultCallback
2023-11-17 17:11:48.241  1861-2731  AwareLog                system_server                        E  CpuProcessInherit: files null 
2023-11-17 17:11:48.242  3424-3636  BrainClient             com.hihonor.android.launcher         I  BrainClient: ret = true
2023-11-17 17:11:48.242  1861-3606  ActivityManager         system_server                        W  Receiver with filter android.content.IntentFilter@8dc432e already registered for pid 28943, callerPackage is com.huawei.gameassistant
2023-11-17 17:11:48.243  3424-3424  BrainClient             com.hihonor.android.launcher         I  BrainClient: connected.
2023-11-17 17:11:48.243  3424-3636  BrainClient             com.hihonor.android.launcher         D  BrainClient: call executeTrigger 20000, caller is com.hihonor.android.launcher
2023-11-17 17:11:48.243  7857-16758 fwkit_date_utils        com.huawei.hwid.core                 I  [fwkit DateUtil.java:29] init threadLocal
2023-11-17 17:11:48.243  1861-3539  UsageStatsService       system_server                        D  User[0] SELECT * FROM 0 WHERE beginTime >= 1700208708243 AND endTime < 1700212308243
2023-11-17 17:11:48.243  1861-3539  UsageStatsService       system_server                        D  drop event
2023-11-17 17:11:48.243  1861-3539  UsageStatsService       system_server                        D  Got 0 results from disk
2023-11-17 17:11:48.243  1861-3539  UsageStatsService       system_server                        D  Current stats beginTime=1700150400000 endTime=1700212308237
2023-11-17 17:11:48.244  1861-3539  UsageStatsService       system_server                        I  User[0] Results: 118
2023-11-17 17:11:48.244  7857-16758 fwkit_HmsProfiler       com.huawei.hwid.core                 I  [fwkit HmsProfiler.java:618] traceApiEvent input : com.huawei.gameassistant
2023-11-17 17:11:48.244  6141-6717  Brain_BrainServiceImpl  com.hihonor.brain                    I  [ts]start execute callback.
2023-11-17 17:11:48.244  6141-6717  Brain_CardMgrAsm        com.hihonor.brain                    I  com.hihonor.android.launcher feed com.hihonor.assistant.UPDATE_CARDS_EXPOSURE
2023-11-17 17:11:48.245  3424-3636  YOYOCardUtil            com.hihonor.android.launcher         I  isSignedWithPlatformKey:true
2023-11-17 17:11:48.245  3424-3636  YOYOCardDisplay         com.hihonor.android.launcher         I  unregister receiver
2023-11-17 17:11:48.245  7857-29829 AIDLInvoke              com.huawei.hwid.core                 I  [HMSCore AIDLInvoke.java:7] <apirouter>Request, URI: core.getNoticeIntent
2023-11-17 17:11:48.245  7857-29829 PackageUtils            com.huawei.hwid.core                 I  [HMSCore PackageUtils.java:1] uid:10135, packageName:com.huawei.gameassistant
2023-11-17 17:11:48.245  6141-6755  Brain_CardMgrAsm        com.hihonor.brain                    I  dispatch com.hihonor.assistant.UPDATE_CARDS_EXPOSURE
2023-11-17 17:11:48.245  6141-7318  Brain_CardMgrAsm        com.hihonor.brain                    I  [ts]start tsk CardMgrAsm_CardMgrTrigger_com.hihonor.assistant.UPDATE_CARDS_EXPOSURE__NONE
2023-11-17 17:11:48.246  3424-3636  YOYOCardDisplay         com.hihonor.android.launcher         W  not register listener observer
2023-11-17 17:11:48.246  6141-7318  Brain_CardMgrTrigger    com.hihonor.brain                    I  fence type: com.hihonor.assistant.UPDATE_CARDS_EXPOSURE
2023-11-17 17:11:48.246  7857-16759 AppScope                com.huawei.hwid.core                 I  [HMSCore AppScope.java:6] permission not exist:100170393/com.huawei.hms.appservice.cps
2023-11-17 17:11:48.246  7857-16759 fwkit_ApiRuleEngine     com.huawei.hwid.core                 I  [fwkit ApiRuleEngine.java:222] bgRules, apiName: core.getNoticeIntent appId: 100170393 permission: null business:Default
2023-11-17 17:11:48.246  7857-16759 fwkit_coresm            com.huawei.hwid.core                 W  [fwkit CoreServiceManager.java:77] Get vr_system Service !but its binder is null!
2023-11-17 17:11:48.246  7857-16759 fwkit_sdk_apiRouter     com.huawei.hwid.core                 I  newApiName is core.getNoticeIntent
2023-11-17 17:11:48.246  7857-16759 RuleEngineService       com.huawei.hwid.core                 I  [HMSCore RuleEngineService.java:8] AIDLRequest modify route info,oldApiName:core.getNoticeIntent, newApiName:core.getNoticeIntent
2023-11-17 17:11:48.246  7857-16759 AIDLInvoke              com.huawei.hwid.core                 I  [HMSCore AIDLInvoke.java:7] core.getNoticeIntent->core.getNoticeIntent
2023-11-17 17:11:48.246  7857-16759 AIDLInvoke              com.huawei.hwid.core                 I  [HMSCore AIDLInvoke.java:4] core apiLvl:-1,1
2023-11-17 17:11:48.246  7857-16759 fwkit_sdk_fd            com.huawei.hwid.core                 I  createRequestFromMessageCenter uri: core.getNoticeIntent
2023-11-17 17:11:48.246  6141-7318  Brain_LocalCache        com.hihonor.brain                    I  update expoInfo: [{"business":"weather","businessId":"1000","detailType":"","endTime":-1,"exposure":810279,"packageName":"com.hihonor.android.launcher","perDayExposure":810279,"singleIncreaseExposure":0,"topDuration":25426290,"type":"normal"},{"business":"train","businessId":"train_cfb54fa0bc28676672edb8754ae112683f3b3f2eb6bb533f07c9dd963262fa2c","detailType":"","endTime":1700229600000,"exposure":32593,"packageName":"com.hihonor.android.launcher","perDayExposure":17214,"singleIncreaseExposure":0,"topDuration":74135580,"type":"travel24h"},{"business":"train","businessId":"train_39d22b7fdb74edd3251825feba35b3bff972000a3564b9904b152e43dee04813","detailType":"","endTime":1700286000000,"exposure":56520,"packageName":"com.hihonor.android.launcher","perDayExposure":56520,"singleIncreaseExposure":0,"topDuration":48331745,"type":"travel24h"},{"business":"calendar","businessId":"1001","detailType":"","endTime":1700228340000,"exposure":9036,"packageName":"com.hihonor.android.launcher","perDayExposure":9036,"singleIncreaseExposure":0,"topDuration":0,"type":"today"}]
2023-11-17 17:11:48.246  7857-16759 fwkit_kims...atcher_fdi com.huawei.hwid.core                 I  [fwkit DispatcherImpl.java:112] MessageCenter uri: core.getNoticeIntent appId: 100170393 hostAppId: 100170393 apiLevel: 1 runtime api level: 28
2023-11-17 17:11:48.246  6141-7318  Brain_Asse...entManager com.hihonor.brain                    I  isPluginAssembleEvent : truebusiness :trainbusinessId :train_cfb54fa0bc28676672edb8754ae112683f3b3f2eb6bb533f07c9dd963262fa2c
2023-11-17 17:11:48.246  6141-7318  Brain_Asse...entManager com.hihonor.brain                    I  collectAssembEventData  :1
2023-11-17 17:11:48.246  6141-7318  Brain_Asse...entManager com.hihonor.brain                    I  isPluginAssembleEvent : truebusiness :trainbusinessId :train_39d22b7fdb74edd3251825feba35b3bff972000a3564b9904b152e43dee04813
2023-11-17 17:11:48.246  6141-7318  Brain_Asse...entManager com.hihonor.brain                    I  collectAssembEventData  :1
2023-11-17 17:11:48.247  6141-7318  Brain_Asse...entManager com.hihonor.brain                    I  post :exposure
2023-11-17 17:11:48.247  6141-7318  Brain_Tota...osureEvent com.hihonor.brain                    I  cardEventName is exposure,perExposure,click
2023-11-17 17:11:48.247  7857-16759 fwkit_kit_breaker       com.huawei.hwid.core                 W  [fwkit KitBreaker.java:343] infos invalid
2023-11-17 17:11:48.247  6141-7318  Brain_Tota...osureEvent com.hihonor.brain                    W  checkIfMeetUpToReport true cause no conditions
2023-11-17 17:11:48.247  6141-7318  Brain_Tota...osureEvent com.hihonor.brain                    I  cardEventName is exposure,perExposure,click
2023-11-17 17:11:48.247  6141-7318  Brain_Tota...osureEvent com.hihonor.brain                    W  checkIfMeetUpToReport true cause no conditions
2023-11-17 17:11:48.247  6141-7318  Brain_Tota...osureEvent com.hihonor.brain                    I  exposureDurBeans is empty, no data provided
2023-11-17 17:11:48.247  6141-7318  Brain_Asse...entManager com.hihonor.brain                    W  result map contains no data{cardEventName=exposure, callingPackage=com.hihonor.android.launcher}
2023-11-17 17:11:48.247  6141-7318  Brain_Asse...entManager com.hihonor.brain                    I  post :perExposure
2023-11-17 17:11:48.247  7857-16759 fwkit_kims...estFactory com.huawei.hwid.core                 I  [fwkit RequestFactory.java:47] No uri matched, choose proxy request as default.
2023-11-17 17:11:48.247  7857-16759 KitMessageCenter        com.huawei.hwid.core                 I  [HMSCore KitMessageCenter.java:14] Find makeRequest uri:core.getNoticeIntent cost time: 1ms
2023-11-17 17:11:48.247  7857-16759 AIDLInvoke              com.huawei.hwid.core                 I  [HMSCore AIDLInvoke.java:8] Request, URI: core.getNoticeIntent, clientId: {appId: 100170393, hostAppID: 100170393, packageName: com.huawei.gameassistant, sdkVersion: 61100302, uid: 10135, transactionId: 100170393Intent20231117171148235019000, apiLevel: 1, uri: core.getNoticeIntent, kitSdkVersion: 0}
2023-11-17 17:11:48.247  6141-7318  Brain_Asse...entManager com.hihonor.brain                    I  yoyoCardMgr reportBrainTrigger in assembler:TrainBusinessAsm,map:{cardEventName=perExposure, callingPackage=com.hihonor.android.launcher, exposureDurArr=[{"business":"train","businessId":"train_cfb54fa0bc28676672edb8754ae112683f3b3f2eb6bb533f07c9dd963262fa2c","perExpDur":0,"pkgName":"com.hihonor.android.launcher","totalExpDur":0},{"business":"train","businessId":"train_39d22b7fdb74edd3251825feba35b3bff972000a3564b9904b152e43dee04813","perExpDur":0,"pkgName":"com.hihonor.android.launcher","totalExpDur":0}]},triggerEventType:TRAIN_CARD_OPERATE_EVENT_TYPE
2023-11-17 17:11:48.247  6141-7318  Brain_CardUtils         com.hihonor.brain                    I  businessType: train-travel24h-
2023-11-17 17:11:48.247  6141-7318  Brain_CardUtils         com.hihonor.brain                    I  businessType: weather-normal-
2023-11-17 17:11:48.247  6141-7318  Brain_CardUtils         com.hihonor.brain                    I  businessType: train-travel24h-
2023-11-17 17:11:48.247  7857-8481  FormalHASDK             com.huawei.hwid.core                 I  HAImpl==> onEvent. tag:HmsProfiler, type:0, eventId:HMS_API_CALLED
2023-11-17 17:11:48.247  6141-7318  Brain_CardUtils         com.hihonor.brain                    I  businessType: calendar-today-
2023-11-17 17:11:48.247  6141-7318  Brain_ReportHelper      com.hihonor.brain                    I  reportExposureToBrain in
2023-11-17 17:11:48.247  6141-7318  Brain_ReportHelper      com.hihonor.brain                    I  business: train,IncreasedDuration < 3 , do not reportExposureToBrain
2023-11-17 17:11:48.247  7857-16759 fwkit_kims              com.huawei.hwid.core                 I  [fwkit KIMSServiceController.java:725] getKitInfo S: :core
2023-11-17 17:11:48.247  1200-1200  Layer                   surfaceflinger                       I  [reparent] [com.hihonor.hiboard.Workspace#0] newParent is null [0xb400007044b48130]
2023-11-17 17:11:48.247  1200-1200  Layer                   surfaceflinger                       I  [reparent] [com.hihonor.android.launcher/com.hihonor.android.launcher.unihome.UniHomeLauncher#0] newParent is null [0xb400007044b449a0]
2023-11-17 17:11:48.247  1200-1200  SurfaceControl          surfaceflinger                       I  ~SurfaceControl 0xb400006f48b511b0
2023-11-17 17:11:48.247  7857-16759 fwkit_kams_stubmanager  com.huawei.hwid.core                 I  [fwkit StubManagerService.java:449] getSPNByComponent:com.huawei.hms.game, com.huawei.hms.game, false
2023-11-17 17:11:48.247  7857-16759 fwkit_kams_scheduler    com.huawei.hwid.core                 I  [fwkit ProcessScheduler.java:411] RC:com.huawei.hwid.core
2023-11-17 17:11:48.248  7857-16759 fwkit_kams              com.huawei.hwid.core                 I  [fwkit KAMSServiceController.java:1231] Assign com.huawei.hwid.core for core/com.huawei.hms.game/com.huawei.hms.game cost 0ms
2023-11-17 17:11:48.248  7857-16759 fwkit_kams_stubmanager  com.huawei.hwid.core                 I  [fwkit StubManagerService.java:449] getSPNByComponent:com.huawei.hms.game, com.huawei.hms.game, false
2023-11-17 17:11:48.248  7857-16759 fwkit_kams_scheduler    com.huawei.hwid.core                 I  [fwkit ProcessScheduler.java:411] RC:com.huawei.hwid.core
2023-11-17 17:11:48.247  6141-7318  Brain_ReportHelper      com.hihonor.brain                    I  business: weather,IncreasedDuration < 3 , do not reportExposureToBrain
2023-11-17 17:11:48.248  6141-7318  Brain_ReportHelper      com.hihonor.brain                    I  business: train,IncreasedDuration < 3 , do not reportExposureToBrain
2023-11-17 17:11:48.248  7857-16759 fwkit_msg_request_proxy com.huawei.hwid.core                 I  [fwkit AIDLRequestLocalProxy.java:171] request:12b66114-1197-422f-8bad-18834cf2a5c1/core.getNoticeIntent
2023-11-17 17:11:48.248  6141-7318  Brain_ReportHelper      com.hihonor.brain                    I  business: calendar,IncreasedDuration < 3 , do not reportExposureToBrain
2023-11-17 17:11:48.248  6141-7318  Brain_ReportHelper      com.hihonor.brain                    I  reportExposureToBrain needReportExposureCardInfos size : 0
2023-11-17 17:11:48.248  1861-2137  HWMW_HwMag...anagerImpl system_server                        E  check service failed
2023-11-17 17:11:48.248  1861-2137  HWMW_HwMwUtils          system_server                        E  getHwMagicWinEnabled error
2023-11-17 17:11:48.248  6141-7318  Brain_Card...ureHandler com.hihonor.brain                    I  reach to max exposure cardList size : 0
2023-11-17 17:11:48.248  6141-7318  Brain_CardMgrTrigger    com.hihonor.brain                    I  assistant Callback begin
2023-11-17 17:11:48.248  3424-7566  ProviderClientProxy     com.hihonor.android.launcher         I  dealExposureResult RequestId = 2e52352f-b742-4712-8e35-9a1d60527bb0
2023-11-17 17:11:48.249  1200-2828  SurfaceControl          surfaceflinger                       I  SurfaceControl 0xb400006f48b73ff0
2023-11-17 17:11:48.249  6141-7318  Brain_BrainServiceImpl  com.hihonor.brain                    I  [ts]end execute callback.
2023-11-17 17:11:48.249  6141-7318  Brain_HaRe...enceHelper com.hihonor.brain                    I  sendRegisterReportFence
2023-11-17 17:11:48.249  6141-7318  Brain_HaRe...enceHelper com.hihonor.brain                    I  getLastReportTime:20231117 18:37 key:HA_REPORT_TIME
2023-11-17 17:11:48.249  6141-7318  Brain_CardMgrAsm        com.hihonor.brain                    I  CardMgrTrigger result:KEEP:STOP, sink:1
2023-11-17 17:11:48.249  6141-7318  Brain_TrainBusinessAsm  com.hihonor.brain                    I  CardMgrAsm feed TRAIN_CARD_OPERATE_EVENT_TYPE
2023-11-17 17:11:48.249  6141-6755  Brain_TrainBusinessAsm  com.hihonor.brain                    I  dispatch TRAIN_CARD_OPERATE_EVENT_TYPE
2023-11-17 17:11:48.249  6141-7321  Brain_TrainBusinessAsm  com.hihonor.brain                    I  [ts]start tsk TrainBusinessAsm_TrainUnAuthTrig_TRAIN_CARD_OPERATE_EVENT_TYPE__NONE
2023-11-17 17:11:48.250  6141-7318  Brain_CardMgrAsm        com.hihonor.brain                    I  [ts]end tsk
2023-11-17 17:11:48.250  6141-7321  Brain_TrainUnAuthTrig   com.hihonor.brain                    I  lastGuideTime: 1700138661318
2023-11-17 17:11:48.250  6141-7321  Brain_TrainBusinessAsm  com.hihonor.brain                    I  TrainUnAuthTrig result:KEEP:CONTINUE, sink:0
2023-11-17 17:11:48.250  7857-16760 fwkit_msg_invoke_remote com.huawei.hwid.core                 I  [fwkit AIDLInvokeRemote.java:131] execute requestId:12b66114-1197-422f-8bad-18834cf2a5c1 uri:core.getNoticeIntent transactionId:100170393Intent20231117171148235019000
2023-11-17 17:11:48.250  6141-7321  Brain_TrainBusinessAsm  com.hihonor.brain                    I  [ts]end tsk
2023-11-17 17:11:48.250  6141-7321  Brain_TrainBusinessAsm  com.hihonor.brain                    I  join end.
2023-11-17 17:11:48.250  6141-7318  Brain_CardMgrAsm        com.hihonor.brain                    I  join end.
2023-11-17 17:11:48.250  7857-16760 fwkit_msg_fr            com.huawei.hwid.core                 I  [fwkit FinderRemote.java:93] findRequest uri: core.getNoticeIntent apiLevel: 1
2023-11-17 17:11:48.251 28943-29166 HwGameAssi...itchHelper com.huawei.gameassistant             W  Failed to create IAssistantGameNotify in [assistantbase]
2023-11-17 17:11:48.251  1200-1200  Layer                   surfaceflinger                       I  ~Layer layername: com.hihonor.hiboard.Workspace#0 address = 0xb400007044b48130
2023-11-17 17:11:48.251  1200-1200  SurfaceFlinger          surfaceflinger                       I  [onLayerDestroyed] [com.hihonor.hiboard.Workspace#0] address:0xb400007044b48130 has destroyed
2023-11-17 17:11:48.251  7857-16760 fwkit_kac_kitloader     com.huawei.hwid.core                 I  [fwkit KitLoaderManager.java:210] kit loaded core_61200300 already exits, cost :0 ms
2023-11-17 17:11:48.251 28943-29166 HwGameAssi...NotifyImpl com.huawei.gameassistant             I  notifyGameSwitch(com.sincetimes.flurryisland,1)
2023-11-17 17:11:48.251 28943-29166 HwGameAssi...itchHelper com.huawei.gameassistant             I  notifyHmfGameSwitch [com.sincetimes.flurryisland -> 1] cost:1 ms
2023-11-17 17:11:48.251  7857-16760 fwkit_msg_aidl_request  com.huawei.hwid.core                 I  [fwkit AIDLRequest.java:125] execute:100170393Intent20231117171148235019000
2023-11-17 17:11:48.251 28943-29166 HwGameAssi...nFwkHelper com.huawei.gameassistant             I  getSideTouchMode is not empty true
2023-11-17 17:11:48.251 28943-29166 HwGameAssi...hManagerEx com.huawei.gameassistant             I  instance execute success.
2023-11-17 17:11:48.252 28943-29166 HwGameAssi...nFwkHelper com.huawei.gameassistant             I  getSideTouchMode execute success. result = 0
2023-11-17 17:11:48.252 28943-29166 HwGameAssi...orModeImpl com.huawei.gameassistant             I  notifyGameStateChange pkgName: com.sincetimes.flurryisland, direction: 1
2023-11-17 17:11:48.252  7857-16760 ScopeManager            com.huawei.hwid.core                 I  [HMSCore ScopeManager.java:1] checkCF 100170393/com.huawei.gameassistant
2023-11-17 17:11:48.252  1861-3432  DE J DES                system_server                        I  [effect] Game enhancement is not Supported
2023-11-17 17:11:48.252  7857-16760 HC_PackageUtils         com.huawei.hwid.core                 I  [HMSCore PackageUtils.java:6] com.huawei.gameassistant is OHOS app: false
2023-11-17 17:11:48.252  7857-16760 fwkit_scope_mgr         com.huawei.hwid.core                 I  [fwkit ScopeManager.java:157] checkCertFingerprint result: 0
2023-11-17 17:11:48.253  7857-16760 BaseRequest             com.huawei.hwid.core                 I  [HwJos_log[6.12.0.300_product] null:25] onRequest BaseRequest.core.getNoticeIntent
2023-11-17 17:11:48.253  7857-16760 AuthService             com.huawei.hwid.core                 I  [HMSCore AuthService.java:1] checkPermission: 100170393
2023-11-17 17:11:48.253 28943-29166 HwGameAssi...odeManager com.huawei.gameassistant             I  isSupportColorMode rtnCode: 0
2023-11-17 17:11:48.253  7857-16760 AuthService             com.huawei.hwid.core                 I  [HMSCore AuthService.java:6] local check
2023-11-17 17:11:48.253 28943-29166 HwGameAssi...mePerfImpl com.huawei.gameassistant             I  notifyGameStateChange packageName = com.sincetimes.flurryisland, event = 1
2023-11-17 17:11:48.254  7857-16760 AuthServiceHelper       com.huawei.hwid.core                 I  [HwJos_log[6.12.0.300_product] null:39] query permission result:true
2023-11-17 17:11:48.254 28943-29166 HwGameAssi...istantImpl com.huawei.gameassistant             I  Support Assistant Buoy
2023-11-17 17:11:48.254  7857-16760 JointStateUtil          com.huawei.hwid.core                 I  [HwJos_log[6.12.0.300_product] null:27] update app state do not support jos: true, appId=100170393
2023-11-17 17:11:48.254 28943-29166 HwGameAssi...yCheckImpl com.huawei.gameassistant             I  notifyGameStateChange packageName = com.sincetimes.flurryisland, event = 1
2023-11-17 17:11:48.254  7857-16760 SharedPreferenceCache   com.huawei.hwid.core                 I  [HwJos_log[6.12.0.300_product] null:27] setDefaultValue, dataType: int, defaultValue: 0
2023-11-17 17:11:48.254 28943-29166 HwGameAssi...yCheckImpl com.huawei.gameassistant             I  pkgName is not Fusion package
2023-11-17 17:11:48.254 28943-29166 HwGameAssi...heckBiImpl com.huawei.gameassistant             I  notifyGameStateChange packageName = com.sincetimes.flurryisland, event = 1
2023-11-17 17:11:48.254  7857-16760 Jos.getNotice           com.huawei.hwid.core                 I  [HwJos_log[6.12.0.300_product] null:53] onRequest:1
2023-11-17 17:11:48.255  7857-16760 Jos.getNotice           com.huawei.hwid.core                 I  [HwJos_log[6.12.0.300_product] null:6] no need to report start
2023-11-17 17:11:48.255 28943-29166 HwGameAssi...heckBiImpl com.huawei.gameassistant             I  payActivityNames within the validity period
2023-11-17 17:11:48.255  7857-16760 AuthService             com.huawei.hwid.core                 I  [HMSCore AuthService.java:1] checkPermission: 100170393
2023-11-17 17:11:48.255  7857-16760 AuthService             com.huawei.hwid.core                 I  [HMSCore AuthService.java:6] local check
2023-11-17 17:11:48.255 28943-29166 HwGameAssi...sterNotify com.huawei.gameassistant             I  notifyTask:[com.sincetimes.flurryisland#1,]
2023-11-17 17:11:48.255 28943-29166 HwGameAssi...sterNotify com.huawei.gameassistant             I  Support third network booster:[com.sincetimes.flurryisland,direct:1]
2023-11-17 17:11:48.255  7857-16760 AuthServiceHelper       com.huawei.hwid.core                 I  [HwJos_log[6.12.0.300_product] null:39] query permission result:true
2023-11-17 17:11:48.255  7857-16760 JointStateUtil          com.huawei.hwid.core                 I  [HwJos_log[6.12.0.300_product] null:27] update app state do not support jos: true, appId=100170393
2023-11-17 17:11:48.256 28943-16761 HwGameAssi...meSwitcher com.huawei.gameassistant             I  async Task to check latest Protocol
2023-11-17 17:11:48.256  7857-16760 Jos.getNotice           com.huawei.hwid.core                 W  [HwJos_log[6.12.0.300_product] null:19] onRequestStop statusCode:8001
2023-11-17 17:11:48.256  7857-16760 fwkit_msg_request_proxy com.huawei.hwid.core                 I  [fwkit AIDLRequestLocalProxy.java:248] AidlCallback:12b66114-1197-422f-8bad-18834cf2a5c1/core.getNoticeIntent
2023-11-17 17:11:48.257  7857-16760 fwkit_msg_arw           com.huawei.hwid.core                 I  [fwkit AIDLResponseWrapper.java:61] callJson start
2023-11-17 17:11:48.257  7857-16760 fwkit_msg_arw           com.huawei.hwid.core                 E  [fwkit AIDLResponseWrapper.java:65] intent is null
2023-11-17 17:11:48.258  7857-16760 AIDLResponseImpl        com.huawei.hwid.core                 I  [HMSCore AIDLResponseImpl.java:10] Response, uri: core.getNoticeIntent, statusCode: 0, errorCode: 8001
2023-11-17 17:11:48.258  7857-16762 fwkit_date_utils        com.huawei.hwid.core                 I  [fwkit DateUtil.java:29] init threadLocal
2023-11-17 17:11:48.258  7857-16760 fwkit_msg_aidl_request  com.huawei.hwid.core                 I  [fwkit AIDLRequest.java:144] onRequest core.getNoticeIntent/100170393Intent20231117171148235019000 cost 6ms
2023-11-17 17:11:48.258 28943-28985 HMSSDK_Pen...ResultImpl com.huawei.gameassistant             I  setResult:0
2023-11-17 17:11:48.259  7857-16762 fwkit_HmsProfiler       com.huawei.hwid.core                 I  [fwkit HmsProfiler.java:618] traceApiEvent input : com.huawei.gameassistant
2023-11-17 17:11:48.259 28943-28943 HMSSDK_BaseAdapter      com.huawei.gameassistant             I  BaseRequestResultCallback onResult
2023-11-17 17:11:48.259 28943-28943 HMSSDK_BaseAdapter      com.huawei.gameassistant             I  api is: core.getNoticeIntent, resolution: null, status_code: 0
2023-11-17 17:11:48.259 28943-28943 HMSSDK_BaseAdapter      com.huawei.gameassistant             I  baseCallBack.onComplete
2023-11-17 17:11:48.260 28943-28943 HMSSDK_HmsClient        com.huawei.gameassistant             I  receive msg status_code:0, error_code:8001, api_name:core.getNoticeIntent, app_id:100170393|, pkg_name:com.huawei.gameassistant, session_id:*, transaction_id:100170393Intent20231117171148235019000, resolution:null
2023-11-17 17:11:48.260 28943-28943 HMSSDK_TaskApiCall      com.huawei.gameassistant             I  doExecute, uri:core.getNoticeIntent, errorCode:8001, transactionId:100170393Intent20231117171148235019000
2023-11-17 17:11:48.260 28943-28943 HMSSDK_Not...askApiCall com.huawei.gameassistant             W  HwID_SDK_Log[6.1.0.300]Jos Notice onResult failed:8001,ErrReason:
2023-11-17 17:11:48.260 28943-28943 HMSSDK_HMS...ageManager com.huawei.gameassistant             I  Enter getHMSPackageNameForMultiService
2023-11-17 17:11:48.261 28943-28943 HMSSDK_RequestManager   com.huawei.gameassistant             I  removeReqByTransId
2023-11-17 17:11:48.264  1200-1200  Layer                   surfaceflinger                       I  [setLayer] homeAnimationLayer#0 debug_AOD setlayer z = 1
2023-11-17 17:11:48.264  1200-1200  Layer                   surfaceflinger                       I  [setLayer] animationLayer#0 debug_AOD setlayer z = 2
2023-11-17 17:11:48.264  1200-1200  Layer                   surfaceflinger                       I  [setLayer] splitScreenDividerAnchor#0 debug_AOD setlayer z = 9
2023-11-17 17:11:48.264  1200-1200  Layer                   surfaceflinger                       I  [setLayer] boostedAnimationLayer#0 debug_AOD setlayer z = 10
2023-11-17 17:11:48.264  1200-1200  Layer                   surfaceflinger                       I  [setLayer] boostedHwFreeFormAnimationLayer#0 debug_AOD setlayer z = 10
2023-11-17 17:11:48.264  1200-1200  SurfaceControl          surfaceflinger                       I  ~SurfaceControl 0xb400006f48b73ff0
2023-11-17 17:11:48.274  1423-1423  aptouch_daemon          aptouch_daemon                       I  report_events, 4
2023-11-17 17:11:48.297 15484-16059 PandoraEx....orReporter com.tencent.mobileqq                 D  module[network], systemApi[NI#GET_EXT_INFO], scene[back], strategy[cache_only], isSystemCall[false
2023-11-17 17:11:48.376  1111-2768  ssc_motion              ven...r.hardware.motion@1.0-service  I  EventCb: start
2023-11-17 17:11:48.376  1111-2768  ssc_motion              ven...r.hardware.motion@1.0-service  I  EventCb: msgId=1024
2023-11-17 17:11:48.376  1111-2768  ssc_motion              ven...r.hardware.motion@1.0-service  I  HandleMotionEvent: get data
2023-11-17 17:11:48.376  1111-2768  ssc_motion              ven...r.hardware.motion@1.0-service  I  HandleMotionEvent: motion=7, motionCntValue[0]=1, motionValue[1]=0
2023-11-17 17:11:48.376  1111-2771  ssc_motion              ven...r.hardware.motion@1.0-service  I  MotionEventsPoll: end eventLen=2
2023-11-17 17:11:48.376  1111-2768  ssc_motion              ven...r.hardware.motion@1.0-service  I  EventCb: end
2023-11-17 17:11:48.376  1111-1128  motion@1.0-service      ven...r.hardware.motion@1.0-service  I  pollMotionResult g_pollResultReturn = 2
2023-11-17 17:11:48.376  1861-2772  system_server           system_server                        I  HWExtMotionService Motioncallback ret_cb:2 , motion_cb:7 , length_cb:2
2023-11-17 17:11:48.376  1861-2772  system_server           system_server                        I  HWExtMotionService valueSize:2 
2023-11-17 17:11:48.376  1861-2772  system_server           system_server                        D  HWExtDeviceService getActiveConnections 
2023-11-17 17:11:48.376  1861-2772  system_server           system_server                        D  HWExtDeviceService connSize:1 
2023-11-17 17:11:48.376  1861-2772  system_server           system_server                        D  ALOGD: HWExtDeviceManager::notifyDeviceData  type: 700 
2023-11-17 17:11:48.376  1861-2772  system_server           system_server                        D  HWExtDeviceManager::notifyDeviceData handleEvent uniqueId : 70001
2023-11-17 17:11:48.377  1861-2134  HWExtDeviceManager      system_server                        I  trigger onDeviceDataChanged : mListener : com.android.server.policy.HWExtMotionRotationProcessorEx$1@d563e04,type : 700
2023-11-17 17:11:48.377  1861-2134  HWEMRP                  system_server                        I  onDeviceDataChanged proposedRotation:0
2023-11-17 17:11:48.377  1861-2134  HWEMRP                  system_server                        I  onDeviceDataChanged oldProposedRotation:-1
2023-11-17 17:11:48.377  1861-2134  HWEMRP                  system_server                        I  notifyProposedRotation: 0
2023-11-17 17:11:48.380  1088-5897  StNfcHal                android.hardware.nfc@1.2-service.st  E  echo thread wakeup from chip...
2023-11-17 17:11:48.380  1861-2134  HWMW_HwMag...anagerImpl system_server                        E  check service failed
2023-11-17 17:11:48.382  1861-2134  HWMW_HwMwUtils          system_server                        E  getHwMagicWinEnabled error
2023-11-17 17:11:48.383  1200-1403  SurfaceControl          surfaceflinger                       I  SurfaceControl 0xb400006f48b6d2a0
2023-11-17 17:11:48.384  1861-2136  HwBrightne...eDetection system_server                        I  isHealthEyeWhenFlod() sIsContainsFoldPkgfalse
2023-11-17 17:11:48.385  1111-2771  motion@1.0-service      ven...r.hardware.motion@1.0-service  D  g_motionPollResultReady::unlock out
2023-11-17 17:11:48.385  1111-2771  motion@1.0-service      ven...r.hardware.motion@1.0-service  I  ActMotionCb motionClientVector.size = 0
2023-11-17 17:11:48.385  1111-2771  motion@1.0-service      ven...r.hardware.motion@1.0-service  I  ActMotionCb out
2023-11-17 17:11:48.385  1111-2771  ssc_motion              ven...r.hardware.motion@1.0-service  I  MotionEventsPoll: start
2023-11-17 17:11:48.396  1200-1200  SurfaceControl          surfaceflinger                       I  ~SurfaceControl 0xb400006f48b6d2a0
2023-11-17 17:11:48.397  1861-2137  HWMW_HwMag...anagerImpl system_server                        E  check service failed
2023-11-17 17:11:48.397  1861-2137  HWMW_HwMwUtils          system_server                        E  getHwMagicWinEnabled error
2023-11-17 17:11:48.398  1200-2828  SurfaceControl          surfaceflinger                       I  SurfaceControl 0xb400006f48b68440
2023-11-17 17:11:48.413  1200-1200  SurfaceControl          surfaceflinger                       I  ~SurfaceControl 0xb400006f48b68440
2023-11-17 17:11:48.436  1111-2768  ssc_motion              ven...r.hardware.motion@1.0-service  I  EventCb: start
2023-11-17 17:11:48.436  1111-2768  ssc_motion              ven...r.hardware.motion@1.0-service  I  EventCb: msgId=1024
2023-11-17 17:11:48.436  1111-2768  ssc_motion              ven...r.hardware.motion@1.0-service  I  HandleMotionEvent: get data
2023-11-17 17:11:48.436  1111-2768  ssc_motion              ven...r.hardware.motion@1.0-service  I  HandleMotionEvent: motion=7, motionCntValue[0]=1, motionValue[1]=-1
2023-11-17 17:11:48.436  1111-2771  ssc_motion              ven...r.hardware.motion@1.0-service  I  MotionEventsPoll: end eventLen=2
2023-11-17 17:11:48.436  1111-2768  ssc_motion              ven...r.hardware.motion@1.0-service  I  EventCb: end
2023-11-17 17:11:48.436  1111-1128  motion@1.0-service      ven...r.hardware.motion@1.0-service  I  pollMotionResult g_pollResultReturn = 2
2023-11-17 17:11:48.436  1861-2772  system_server           system_server                        I  HWExtMotionService Motioncallback ret_cb:2 , motion_cb:7 , length_cb:2
2023-11-17 17:11:48.436  1861-2772  system_server           system_server                        I  HWExtMotionService valueSize:2 
2023-11-17 17:11:48.436  1861-2772  system_server           system_server                        D  HWExtDeviceService getActiveConnections 
2023-11-17 17:11:48.436  1861-2772  system_server           system_server                        D  HWExtDeviceService connSize:1 
2023-11-17 17:11:48.436  1861-2772  system_server           system_server                        D  ALOGD: HWExtDeviceManager::notifyDeviceData  type: 700 
2023-11-17 17:11:48.436  1861-2772  system_server           system_server                        D  HWExtDeviceManager::notifyDeviceData handleEvent uniqueId : 70001
2023-11-17 17:11:48.437  1861-2134  HWExtDeviceManager      system_server                        I  trigger onDeviceDataChanged : mListener : com.android.server.policy.HWExtMotionRotationProcessorEx$1@d563e04,type : 700
2023-11-17 17:11:48.437  1861-2134  HWEMRP                  system_server                        I  onDeviceDataChanged proposedRotation:-1
2023-11-17 17:11:48.437  1861-2134  HWEMRP                  system_server                        I  onDeviceDataChanged oldProposedRotation:0
2023-11-17 17:11:48.437  1111-2771  motion@1.0-service      ven...r.hardware.motion@1.0-service  D  g_motionPollResultReady::unlock out
2023-11-17 17:11:48.437  1111-2771  motion@1.0-service      ven...r.hardware.motion@1.0-service  I  ActMotionCb motionClientVector.size = 0
2023-11-17 17:11:48.437  1111-2771  motion@1.0-service      ven...r.hardware.motion@1.0-service  I  ActMotionCb out
2023-11-17 17:11:48.437  1111-2771  ssc_motion              ven...r.hardware.motion@1.0-service  I  MotionEventsPoll: start
2023-11-17 17:11:48.449  3277-3892  ScalingFre...terUniPerf com.hihonor.iaware                   I  ===success setFreq:  lcpumax:1->1804800
2023-11-17 17:11:48.449  1109-1180  uniperf server          ven...rdware.iawareperf@1.0-service  I  setConfig clientId=1, tagLen=1, tags[0]=1, configs[0]=1804800
2023-11-17 17:11:48.449  3277-3892  ScalingFre...terUniPerf com.hihonor.iaware                   I  ===success setFreq:  gpumax:10->608000000
2023-11-17 17:11:48.449  3277-3892  ScalingFre...terUniPerf com.hihonor.iaware                   I  ===success setFreq:  mcpumax:4->2400000
2023-11-17 17:11:48.449  3277-3892  ScalingFre...terUniPerf com.hihonor.iaware                   I  ===success setFreq:  bcpumax:7->2515200
2023-11-17 17:11:48.449  1109-1180  vendor.hon....0-service ven...rdware.iawareperf@1.0-service  I  uniperf: write node ret = 7, node = /sys/devices/system/cpu/cpu0/cpufreq/scaling_max_freq, config = 1804800
2023-11-17 17:11:48.449  1109-1180  vendor.hon....0-service ven...rdware.iawareperf@1.0-service  I  uniperf: tagMax = 1, setMaxCpuFreq = 1804800.
2023-11-17 17:11:48.451  1109-1180  vendor.hon....0-service ven...rdware.iawareperf@1.0-service  I  uniperf: default cpu_max_freq is 0xffffffff, no need to modify!
2023-11-17 17:11:48.451  1109-4000  uniperf server          ven...rdware.iawareperf@1.0-service  I  setConfig clientId=1, tagLen=1, tags[0]=10, configs[0]=608000000
2023-11-17 17:11:48.451  1109-4000  vendor.hon....0-service ven...rdware.iawareperf@1.0-service  E  uniperf: write node open /sys/class/kgsl/kgsl-3d0/devfreq/max_freq error: no node/permission
2023-11-17 17:11:48.451  1109-4000  vendor.hon....0-service ven...rdware.iawareperf@1.0-service  I  uniperf: tagMax = 10, setMaxCpuFreq = 608000000.
2023-11-17 17:11:48.452  1109-4000  vendor.hon....0-service ven...rdware.iawareperf@1.0-service  I  uniperf: default cpu_max_freq is 0xffffffff, no need to modify!
2023-11-17 17:11:48.452  1109-4000  uniperf server          ven...rdware.iawareperf@1.0-service  I  setConfig clientId=1, tagLen=1, tags[0]=4, configs[0]=2400000
2023-11-17 17:11:48.452  1109-4000  vendor.hon....0-service ven...rdware.iawareperf@1.0-service  I  uniperf: write node ret = 7, node = /sys/devices/system/cpu/cpu4/cpufreq/scaling_max_freq, config = 2400000
2023-11-17 17:11:48.452  1109-4000  vendor.hon....0-service ven...rdware.iawareperf@1.0-service  I  uniperf: tagMax = 4, setMaxCpuFreq = 2400000.
2023-11-17 17:11:48.452  1109-4000  vendor.hon....0-service ven...rdware.iawareperf@1.0-service  I  uniperf: default cpu_max_freq is 0xffffffff, no need to modify!
2023-11-17 17:11:48.452  1109-4000  uniperf server          ven...rdware.iawareperf@1.0-service  I  setConfig clientId=1, tagLen=1, tags[0]=7, configs[0]=2515200
2023-11-17 17:11:48.453  1109-4000  vendor.hon....0-service ven...rdware.iawareperf@1.0-service  I  uniperf: write node ret = 7, node = /sys/devices/system/cpu/cpu7/cpufreq/scaling_max_freq, config = 2515200
2023-11-17 17:11:48.453  1109-4000  vendor.hon....0-service ven...rdware.iawareperf@1.0-service  I  uniperf: tagMax = 7, setMaxCpuFreq = 2515200.
2023-11-17 17:11:48.453  1109-4000  vendor.hon....0-service ven...rdware.iawareperf@1.0-service  I  uniperf: default cpu_max_freq is 0xffffffff, no need to modify!
2023-11-17 17:11:48.500  1861-2424  HwPowerManagerServiceEx system_server                        I  no need to notifyScreenState, not registered
2023-11-17 17:11:48.565  1861-3432  NetworkStatsFactory     system_server                        W  mTunAnd464xlatAdjustedStats size: 483,delta:483
2023-11-17 17:11:48.570 16093-16169 SurfaceControl          com.sincetimes.flurryisland          I  nativeRelease 0xb40000718f9ad880 count: 2
2023-11-17 17:11:48.570 16093-16169 SurfaceControl          com.sincetimes.flurryisland          I  ~SurfaceControl 0xb40000718f9ad880
2023-11-17 17:11:48.613  1109-4000  uniperf server          ven...rdware.iawareperf@1.0-service  I  setConfig clientId=2, tagLen=1, tags[0]=57, configs[0]=2
2023-11-17 17:11:48.613  1109-4000  vendor.hon....0-service ven...rdware.iawareperf@1.0-service  E  uniperf: not in WriteConfigSet...
2023-11-17 17:11:48.613  1109-4000  vendor.hon....0-service ven...rdware.iawareperf@1.0-service  I  uniperf: SetControlType config 2, mEnableBoost 1
2023-11-17 17:11:48.613  3277-3912  ApsAGPAdapter           com.hihonor.iaware                   I  APS: APK: ApsAGPAdapter: change game fps
2023-11-17 17:11:48.613  3277-3912  ApsFpsManager           com.hihonor.iaware                   I  APS: APK: ApsFpsManager: startFpsByPkgName: type = thermal_control; fps = 120
2023-11-17 17:11:48.613  3277-3912  ApsFpsManager           com.hihonor.iaware                   I  APS: APK: ApsFpsManager: reducedFpsByFrameFlow: fps = 120
2023-11-17 17:11:48.614  1861-10157 HwApsManagerConfig      system_server                        I  APSLog, setDynamicFpsLocked: pkg:com.sincetimes.flurryisland,fps:120,retCode:0 
2023-11-17 17:11:48.614  1861-10157 HwApsManagerConfig      system_server                        D  notifyApsManagerServiceCallback, pkgName:com.sincetimes.flurryisland , callback is not found.
2023-11-17 17:11:48.614  3277-3912  ApsAGPAdapter           com.hihonor.iaware                   I  APS: APK: ApsAGPAdapter: setGameFpsByTemp: result:-1, targetFps:120, fpsToAgp:-1
2023-11-17 17:11:48.639  1088-5897  StNfcHal                android.hardware.nfc@1.2-service.st  E  echo thread wakeup from chip...
2023-11-17 17:11:48.648  1088-5897  StNfcHal                android.hardware.nfc@1.2-service.st  E  echo thread wakeup from chip...
2023-11-17 17:11:48.658  1088-5897  StNfcHal                android.hardware.nfc@1.2-service.st  E  echo thread wakeup from chip...
2023-11-17 17:11:48.668  1088-5897  StNfcHal                android.hardware.nfc@1.2-service.st  E  echo thread wakeup from chip...
2023-11-17 17:11:48.670  3230-29165 {Assistant...Dispatcher com.hihonor.systemserver             I  unbind appassistant Service
2023-11-17 17:11:48.671 28943-28943 HwGameAssi...tchService com.huawei.gameassistant             I  onDestroy
2023-11-17 17:11:48.678  1088-5897  StNfcHal                android.hardware.nfc@1.2-service.st  E  echo thread wakeup from chip...
2023-11-17 17:11:48.688  1088-5897  StNfcHal                android.hardware.nfc@1.2-service.st  E  echo thread wakeup from chip...
2023-11-17 17:11:48.689  3230-3349  HwPacketFilterBypass    com.hihonor.systemserver             I  getNetworkPolicyFlag flagStr null
2023-11-17 17:11:48.690  3230-3349  HwPacketFilterBypass    com.hihonor.systemserver             I  kernelAddTrackUid uid:10216 allowed:true
2023-11-17 17:11:48.690  3230-3349  HwPacketFilterBypass    com.hihonor.systemserver             E  sendRequestToKernel ADD_UID [10216]
2023-11-17 17:11:48.693 28943-28943 HwGameAssi...ndowsUtils com.huawei.gameassistant             I  Start fix WH: [1200, 2652] by DisplayMetrics: 1200, 2538
2023-11-17 17:11:48.694 28943-28943 WindowManagerEx         com.huawei.gameassistant             D  isTopIsFullscreen: ret: 1
2023-11-17 17:11:48.694 28943-28943 HwGameAssi...sureHelper com.huawei.gameassistant             I  isTopFullscreen: true
2023-11-17 17:11:48.695 28943-28943 HwGameAssi...ndowsUtils com.huawei.gameassistant             I  Start fix WH: [1200, 2652] by DisplayMetrics: 1200, 2538
2023-11-17 17:11:48.697 28943-28943 HwGameAssi...ndowsUtils com.huawei.gameassistant             I  Start fix WH: [1200, 2652] by DisplayMetrics: 1200, 2538
2023-11-17 17:11:48.698 28943-28943 HwGameAssi...ndowsUtils com.huawei.gameassistant             I  Start fix WH: [1200, 2652] by DisplayMetrics: 1200, 2538
2023-11-17 17:11:48.699 28943-28943 HwGameAssi...ndowsUtils com.huawei.gameassistant             I  Start fix WH: [1200, 2652] by DisplayMetrics: 1200, 2538
2023-11-17 17:11:48.699 28943-28943 HwGameAssi...sureHelper com.huawei.gameassistant             I  updateHintWidth1: 485
2023-11-17 17:11:48.700 28943-28943 HwGameAssi...ndowsUtils com.huawei.gameassistant             I  Start fix WH: [1200, 2652] by DisplayMetrics: 1200, 2538
2023-11-17 17:11:48.700 28943-28943 HwGameAssi...sureHelper com.huawei.gameassistant             I  updateHintX2: 357
2023-11-17 17:11:48.701 28943-16763 HwGameAssi...uoyManager com.huawei.gameassistant             I  timeDel : 1
2023-11-17 17:11:48.701 28943-16763 HwGameAssi...uoyManager com.huawei.gameassistant             I  isCountryEquals : false
2023-11-17 17:11:48.702 28943-16763 HwGameAssi...uoyManager com.huawei.gameassistant             I  isAgree : true
2023-11-17 17:11:48.702 28943-16763 HwGameAssi...tocolUtils com.huawei.gameassistant             I  setIsAgreeProtocol true
2023-11-17 17:11:48.703 28943-16726 HwGameAssi...Controller com.huawei.gameassistant             I  UD KEY NOT ENABLE
2023-11-17 17:11:48.703 28943-16764 HwGameAssi...ttpManager com.huawei.gameassistant             I  requestBuoyData packageName: com.sincetimes.flurryisland
2023-11-17 17:11:48.704 28943-16764 HwGameAssi...ionIdProxy com.huawei.gameassistant             I  start notifyResultCallback
2023-11-17 17:11:48.707 28943-16766 NetworkKit...RestClient com.huawei.gameassistant             W  pool-9-thread-54|null|com.huawei.hms.network.restclient.e$b|build|8|may be you need a baseUrl
2023-11-17 17:11:48.710 28943-16774 NetworkKit...ationModel com.huawei.gameassistant             I  NetworkKit_request_14 -->NetworkKit_AIModel_Execute_41|null|com.huawei.hms.network.ai.domainrelation.b|c|97|prefetch size:1
2023-11-17 17:11:48.711 28943-16772 HwGameAssi...uestHelper com.huawei.gameassistant             I  http req method:client.assistant.gs.getAppBuoyEntryInfo, host:gs-drcn.game.dbankcloud.cn
2023-11-17 17:11:48.713 28943-16772 NetworkKit...equestTask com.huawei.gameassistant             I  NetworkKit_request_14|null|com.huawei.hms.network.httpclient.okhttp.g|execute|295|the request has used the okhttp! 
