2023-11-17 17:11:47.774  7857-16740 ATTokenDS               com.huawei.hwid.core                 I  [HwID_APK_log[6.12.2.302|6.12.0.301]core ATTokenDS.java:59] getSavedAuthorizationInfoByAppId start.
2023-11-17 17:11:47.774  7857-16740 AuthService             com.huawei.hwid.core                 I  [HMSCore AuthService.java:1] Enter queryAuthInfo
2023-11-17 17:11:47.774  7857-16740 AuthService             com.huawei.hwid.core                 I  [HMSCore AuthService.java:3] queryAuthInfo: 100170393,false,null
2023-11-17 17:11:47.774  7857-16740 InnerBindManager        com.huawei.hwid.core                 I  [HMSCore InnerBindManager.java:1] inner connect:3
2023-11-17 17:11:47.775  7857-16744 InnerBindManager        com.huawei.hwid.core                 I  [HMSCore InnerBindManager.java:2] invoke lock
2023-11-17 17:11:47.775  7857-16744 InnerBindManager        com.huawei.hwid.core                 I  [HMSCore InnerBindManager.java:12] invoke unlock
2023-11-17 17:11:47.775  7857-16744 AppScope                com.huawei.hwid.core                 I  [HMSCore AppScope.java:3] getAuthInfo, appId: 100170393, applied: false, accountIndex:null
2023-11-17 17:11:47.775  1111-2768  ssc_motion              ven...r.hardware.motion@1.0-service  I  EventCb: start
2023-11-17 17:11:47.775  1111-2768  ssc_motion              ven...r.hardware.motion@1.0-service  I  EventCb: msgId=1024
2023-11-17 17:11:47.775  1111-2768  ssc_motion              ven...r.hardware.motion@1.0-service  I  HandleMotionEvent: get data
2023-11-17 17:11:47.775  1111-2768  ssc_motion              ven...r.hardware.motion@1.0-service  I  HandleMotionEvent: motion=7, motionCntValue[0]=1, motionValue[1]=0
2023-11-17 17:11:47.775  7857-16744 ATTokenDS               com.huawei.hwid.core                 I  [HwID_APK_log[6.12.2.302|6.12.0.301]core ATTokenDS.java:76] queryAuthInfo appId:100170393 code:0
2023-11-17 17:11:47.775  1111-2771  ssc_motion              ven...r.hardware.motion@1.0-service  I  MotionEventsPoll: end eventLen=2
2023-11-17 17:11:47.775  1111-2768  ssc_motion              ven...r.hardware.motion@1.0-service  I  EventCb: end
2023-11-17 17:11:47.775  1111-1128  motion@1.0-service      ven...r.hardware.motion@1.0-service  I  pollMotionResult g_pollResultReturn = 2
2023-11-17 17:11:47.776  1861-2772  system_server           system_server                        I  HWExtMotionService Motioncallback ret_cb:2 , motion_cb:7 , length_cb:2
2023-11-17 17:11:47.776  1861-2772  system_server           system_server                        I  HWExtMotionService valueSize:2 
2023-11-17 17:11:47.776  1861-2772  system_server           system_server                        D  HWExtDeviceService getActiveConnections 
2023-11-17 17:11:47.776  1861-2772  system_server           system_server                        D  HWExtDeviceService connSize:1 
2023-11-17 17:11:47.776  1861-2772  system_server           system_server                        D  ALOGD: HWExtDeviceManager::notifyDeviceData  type: 700 
2023-11-17 17:11:47.776  1861-2772  system_server           system_server                        D  HWExtDeviceManager::notifyDeviceData handleEvent uniqueId : 70001
2023-11-17 17:11:47.776  1861-2134  HWExtDeviceManager      system_server                        I  trigger onDeviceDataChanged : mListener : com.android.server.policy.HWExtMotionRotationProcessorEx$1@d563e04,type : 700
2023-11-17 17:11:47.776  1861-2134  HWEMRP                  system_server                        I  onDeviceDataChanged proposedRotation:0
2023-11-17 17:11:47.776  1861-2134  HWEMRP                  system_server                        I  onDeviceDataChanged oldProposedRotation:-1
2023-11-17 17:11:47.776  1861-2134  HWEMRP                  system_server                        I  notifyProposedRotation: 0
2023-11-17 17:11:47.775  7857-16743 FormalHASDK             com.huawei.hwid.core                 I  HAImpl==> onEvent. tag:HmsProfiler, type:1, eventId:907114401
2023-11-17 17:11:47.776  1111-2771  motion@1.0-service      ven...r.hardware.motion@1.0-service  D  g_motionPollResultReady::unlock out
2023-11-17 17:11:47.776  1111-2771  motion@1.0-service      ven...r.hardware.motion@1.0-service  I  ActMotionCb motionClientVector.size = 0
2023-11-17 17:11:47.776  1111-2771  motion@1.0-service      ven...r.hardware.motion@1.0-service  I  ActMotionCb out
2023-11-17 17:11:47.776  1111-2771  ssc_motion              ven...r.hardware.motion@1.0-service  I  MotionEventsPoll: start
2023-11-17 17:11:47.776  7857-16744 ATTokenDS               com.huawei.hwid.core                 I  [HwID_APK_log[6.12.2.302|6.12.0.301]core ATTokenDS.java:417] isScopeMatched start.
2023-11-17 17:11:47.776  7857-16744 ATTokenDS               com.huawei.hwid.core                 I  [HwID_APK_log[6.12.2.302|6.12.0.301]core ATTokenDS.java:424] scopeSavedArr.length: 5
2023-11-17 17:11:47.776  7857-16744 ATTokenDS               com.huawei.hwid.core                 I  [HwID_APK_log[6.12.2.302|6.12.0.301]core ATTokenDS.java:464] isIncludeGranted:true
2023-11-17 17:11:47.777  7857-16744 ATTokenDS               com.huawei.hwid.core                 I  [HwID_APK_log[6.12.2.302|6.12.0.301]core ATTokenDS.java:432] containsAll true
2023-11-17 17:11:47.777  7857-16744 ATTokenDS               com.huawei.hwid.core                 I  [HwID_APK_log[6.12.2.302|6.12.0.301]core ATTokenDS.java:209] id_token_expired_OneDay=1700297935981,now=1700212307777
2023-11-17 17:11:47.777  7857-16744 ATTokenDS               com.huawei.hwid.core                 I  [HwID_APK_log[6.12.2.302|6.12.0.301]core ATTokenDS.java:129] expireTime=1700215135981,now=1700212307777
2023-11-17 17:11:47.778  7857-16744 ATTokenDS               com.huawei.hwid.core                 I  [HwID_APK_log[6.12.2.302|6.12.0.301]core ATTokenDS.java:176] idTokenGeneratedTime=1700212134,ExpireTime=1700215734
2023-11-17 17:11:47.778  7857-16744 ATTokenDS               com.huawei.hwid.core                 I  [HwID_APK_log[6.12.2.302|6.12.0.301]core ATTokenDS.java:178] id_token_expired_time=1700215135981,now=1700212307778
2023-11-17 17:11:47.778  7857-16744 SignHuaweiIDImpl        com.huawei.hwid.core                 I  [HwID_APK_log[6.12.2.302|6.12.0.301]core SignHuaweiIDImpl.java:726] hasIdToken|needCountryCode|homeZone|Email|Profile|AddOpenId is: false|true|false|false|true|false
2023-11-17 17:11:47.778  7857-16744 SignHuaweiIDImpl        com.huawei.hwid.core                 I  [HwID_APK_log[6.12.2.302|6.12.0.301]core SignHuaweiIDImpl.java:605] needAddOpenIdScope: false
2023-11-17 17:11:47.778  7857-16744 ATTokenDS               com.huawei.hwid.core                 I  [HwID_APK_log[6.12.2.302|6.12.0.301]core ATTokenDS.java:129] expireTime=1700215135981,now=1700212307778
2023-11-17 17:11:47.779  7857-16744 ATTokenDS               com.huawei.hwid.core                 I  [HwID_APK_log[6.12.2.302|6.12.0.301]core ATTokenDS.java:176] idTokenGeneratedTime=1700212134,ExpireTime=1700215734
2023-11-17 17:11:47.779  7857-16744 ATTokenDS               com.huawei.hwid.core                 I  [HwID_APK_log[6.12.2.302|6.12.0.301]core ATTokenDS.java:178] id_token_expired_time=1700215135981,now=1700212307779
2023-11-17 17:11:47.779  7857-16744 ATTokenDS               com.huawei.hwid.core                 I  [HwID_APK_log[6.12.2.302|6.12.0.301]core ATTokenDS.java:209] id_token_expired_OneDay=1700297935981,now=1700212307779
2023-11-17 17:11:47.779  7857-16744 SignHuaweiIDImpl        com.huawei.hwid.core                 I  [HwID_APK_log[6.12.2.302|6.12.0.301]core SignHuaweiIDImpl.java:611] mIsGetServerAuthCode: true
2023-11-17 17:11:47.779  7857-16744 SignHuaweiIDImpl        com.huawei.hwid.core                 I  [HwID_APK_log[6.12.2.302|6.12.0.301]core SignHuaweiIDImpl.java:822] signInSilent
2023-11-17 17:11:47.779  7857-16744 SignInSilentManager     com.huawei.hwid.core                 I  [HwID_APK_log[6.12.2.302|6.12.0.301]core SignInSilentManager.java:254] enter signIn
2023-11-17 17:11:47.779  7857-16744 UPUtils                 com.huawei.hwid.core                 I  [HwID_APK_log[6.12.2.302|6.12.0.301]core UPUtils.java:34] getCloudServiceToken init.
2023-11-17 17:11:47.780  7857-16744 SignInSilentHelper      com.huawei.hwid.core                 I  [HwID_APK_log[6.12.2.302|6.12.0.301]core SignInSilentHelper.java:241] sendSilentRequest mIsFromForeground:false
2023-11-17 17:11:47.780  1103-1103  DE H XP                 ven...lay.displayengine@1.2-service  W  getXmlParamtree:97: load xml(xmlfile=displayengine/engine_ltm.xml feature=LTM mode=MODE_DEFAULT) failed, ErrorID: 3
2023-11-17 17:11:47.780  1103-1103  DE H =KI                ven...lay.displayengine@1.2-service  E  setDDICCABC:1411:  KernelInterfaceImpl::setDDICCABC   m_cabcMode =22   command = foss:set:mode;3, gl_current_command =0, command = 3   gl_command_set_first = 1
2023-11-17 17:11:47.780  1124-2785  Dpps                    ven...ware.display.composer-service  I  DppsServer::AddNewDppsClient():531 New DPPS client accepted, client fd = -1, poll idx 2
2023-11-17 17:11:47.781  1124-2785  Dpps                    ven...ware.display.composer-service  I  DppsServer::HandleDppsClientEvent():1185 Incoming message on client fd 36: 'foss:set:mode;3'
2023-11-17 17:11:47.781  1124-2798  Dpps                    ven...ware.display.composer-service  I  AbaContext::ProcessAbaCommands():259 command recieved kFossSetModeCmd, display 0
2023-11-17 17:11:47.781  1124-2798  Dpps                    ven...ware.display.composer-service  I  AbaFeatureBase::PopulateDynamicConfig():654 Dumping the dynamic configuration for mode:3
2023-11-17 17:11:47.781  1124-2798  Dpps                    ven...ware.display.composer-service  I  AbaFeatureBase::PopulateDynamicConfig():655 eOpMode:1
2023-11-17 17:11:47.781  1124-2798  Dpps                    ven...ware.display.composer-service  I  AbaFeatureBase::PopulateDynamicConfig():656 uContrastStrength:16
2023-11-17 17:11:47.781  1124-2798  Dpps                    ven...ware.display.composer-service  I  AbaFeatureBase::PopulateDynamicConfig():657 uLutUpdateDelayCount:5
2023-11-17 17:11:47.781  1124-2798  Dpps                    ven...ware.display.composer-service  I  AbaFeatureBase::PopulateDynamicConfig():658 uStaticSceneThreshold:10
2023-11-17 17:11:47.781  1124-2798  Dpps                    ven...ware.display.composer-service  I  AbaFeatureBase::PopulateDynamicConfig():659 uPowerSaveRatioTableLength:6
2023-11-17 17:11:47.781  1124-2798  Dpps                    ven...ware.display.composer-service  I  AbaFeatureBase::PopulateDynamicConfig():660 PowerSaveRatioInput: 
2023-11-17 17:11:47.781  1124-2798  Dpps                    ven...ware.display.composer-service  I  AbaFeatureBase::PopulateDynamicConfig():662 	40 
2023-11-17 17:11:47.781  1124-2798  Dpps                    ven...ware.display.composer-service  I  AbaFeatureBase::PopulateDynamicConfig():662 	290 
2023-11-17 17:11:47.781  1124-2798  Dpps                    ven...ware.display.composer-service  I  AbaFeatureBase::PopulateDynamicConfig():662 	310 
2023-11-17 17:11:47.781  1124-2798  Dpps                    ven...ware.display.composer-service  I  AbaFeatureBase::PopulateDynamicConfig():662 	350 
2023-11-17 17:11:47.781  1124-2798  Dpps                    ven...ware.display.composer-service  I  AbaFeatureBase::PopulateDynamicConfig():662 	950 
2023-11-17 17:11:47.781  1124-2798  Dpps                    ven...ware.display.composer-service  I  AbaFeatureBase::PopulateDynamicConfig():662 	1000 
2023-11-17 17:11:47.781  1124-2798  Dpps                    ven...ware.display.composer-service  I  AbaFeatureBase::PopulateDynamicConfig():663 uPowerSaveRatioOutput: 
2023-11-17 17:11:47.781  1124-2798  Dpps                    ven...ware.display.composer-service  I  AbaFeatureBase::PopulateDynamicConfig():665 	255 
2023-11-17 17:11:47.781  1124-2798  Dpps                    ven...ware.display.composer-service  I  AbaFeatureBase::PopulateDynamicConfig():665 	255 
2023-11-17 17:11:47.781  1124-2798  Dpps                    ven...ware.display.composer-service  I  AbaFeatureBase::PopulateDynamicConfig():665 	250 
2023-11-17 17:11:47.781  1124-2798  Dpps                    ven...ware.display.composer-service  I  AbaFeatureBase::PopulateDynamicConfig():665 	242 
2023-11-17 17:11:47.781  1124-2798  Dpps                    ven...ware.display.composer-service  I  AbaFeatureBase::PopulateDynamicConfig():665 	242 
2023-11-17 17:11:47.781  1124-2798  Dpps                    ven...ware.display.composer-service  I  AbaFeatureBase::PopulateDynamicConfig():665 	255 
2023-11-17 17:11:47.781  1124-2798  Dpps                    ven...ware.display.composer-service  I  AbaFeatureBase::PopulateDynamicConfig():666 bGradientDetection:0
2023-11-17 17:11:47.781  1124-2798  Dpps                    ven...ware.display.composer-service  I  AbaFeatureBase::PopulateDynamicConfig():667 uGradientThreshold:80
2023-11-17 17:11:47.781  1124-2785  Dpps                    ven...ware.display.composer-service  I  DppsServer::HandleDppsClientEvent():1167 Client connection 36 has closed
2023-11-17 17:11:47.781  1124-2785  Dpps                    ven...ware.display.composer-service  I  DppsServer::RemoveServerClient():397 closed fd 36 poll_idx 2
2023-11-17 17:11:47.781  7857-16744 NetUtil                 com.huawei.hwid.core                 I  [HwID_APK_log[6.12.2.302|6.12.0.301]core NetUtil.java:29] enter networkIsAvaiable
2023-11-17 17:11:47.782  7857-16744 SignInSilentHelper      com.huawei.hwid.core                 I  [HwID_APK_log[6.12.2.302|6.12.0.301]core SignInSilentHelper.java:428] OpenIdScope : false
2023-11-17 17:11:47.783  7857-16744 SiteCountryDataManager  com.huawei.hwid.core                 I  [HwID_APK_log[6.12.2.302|6.12.0.301]core SiteCountryDataManager.java:2992] isSupportTransferKey: true
2023-11-17 17:11:47.784  7857-8356  ThreadPool              com.huawei.hwid.core                 I  [HwID_APK_log[6.12.2.302|6.12.0.301]core CustomThreadPoolExecutor.java:140] thread dump:poolName:Hwid-Core-Pool activeCount:1 completedTaskCount:221 taskCount:222 corePoolSize:14 largestPoolSize:14 maxPoolSize:14 queueSize:0 
2023-11-17 17:11:47.786  7857-8356  GwRequest               com.huawei.hwid.core                 I  [HwID_APK_log[6.12.2.302|6.12.0.301]core GwRequest.java:60] mGwHttpRequest start.
2023-11-17 17:11:47.788  7857-8356  HwIDRestClientCall      com.huawei.hwid.core                 I  [HwID_APK_log[6.12.2.302|6.12.0.301]core HwIDRestClientCall.java:103] GwHttpRequest execute start.
2023-11-17 17:11:47.788  7857-8356  HwIDRestClientCall      com.huawei.hwid.core                 I  [HwID_APK_log[6.12.2.302|6.12.0.301]core HwIDRestClientCall.java:136] realCall host:********************tform.dbankcloud.com
2023-11-17 17:11:47.790  7857-8356  fwkit_NetInitThread     com.huawei.hwid.core                 I  [fwkit ShareNetworkKit.java:50] The context of network sdk register successfully
2023-11-17 17:11:47.790  7857-8356  fwkit_NetInitThread     com.huawei.hwid.core                 I  [fwkit ShareNetworkKit.java:50] The context of network sdk register successfully
2023-11-17 17:11:47.792  7857-8356  NetworkSdk...equestTask com.huawei.hwid.core                 I  [HMSCore NetworkLog.java:1] Hwid-Core-Pool5|null|com.huawei.hms.network.embedded.e3|execute|295|the request has used the okhttp! 
2023-11-17 17:11:47.793  7857-8356  NetworkSdk_DNManager    com.huawei.hwid.core                 I  [HMSCore NetworkLog.java:1] Hwid-Core-Pool5|null|com.huawei.hms.network.embedded.t|c|53|oauth-login-drcn.platform.dbankcloud.com dns resolve source is DNKeeper first
2023-11-17 17:11:47.793  7857-8356  NetworkSdk...perManager com.huawei.hwid.core                 I  [HMSCore NetworkLog.java:1] Hwid-Core-Pool5|null|com.huawei.hms.framework.network.restclient.dnkeeper.DNKeeperManager|queryIpsSync|31|oauth-login-drcn.platform.dbankcloud.com query mode is single
2023-11-17 17:11:47.793  7857-8356  NetworkSdk...perManager com.huawei.hwid.core                 I  [HMSCore NetworkLog.java:1] Hwid-Core-Pool5|null|com.huawei.hms.framework.network.restclient.dnkeeper.DNKeeperManager|queryIpsSync|126|oauth-login-drcn.platform.dbankcloud.com queryIps from Map
2023-11-17 17:11:47.794  7857-8356  NetworkSdk...verManager com.huawei.hwid.core                 I  [HMSCore NetworkLog.java:1] Hwid-Core-Pool5|null|com.huawei.hms.network.embedded.g0|a|38|oauth-login-drcn.platform.dbankcloud.com from server result is: DomainResult{type='ALL', addressList is not Empty, createTime=1699855316046, source=DNKeeper, cache=1}
2023-11-17 17:11:47.796  7857-16747 OkHttp                  com.huawei.hwid.core                 D  address /2407:c080:1400:32:637f:e0fc:271d:f2ab:443 connect failed
2023-11-17 17:11:47.796  7857-16747 OkHttp                  com.huawei.hwid.core                 D  java.net.ConnectException: f*i*e* *o*c*n*e*t*t* *2*0*:*0*0*1*0*:*2*6*7*:*0*c*2*1*:*2*b*(*o*t*4*3* *r*m*/*:*(*o*t*0* *f*e* *0*0*s* *o*n*c* *a*l*d* *N*T*N*E*C* *N*t*o*k*i* *n*e*c*a*l*)
2023-11-17 17:11:47.796  7857-16747 OkHttp                  com.huawei.hwid.core                 D  	at libcore.io.IoBridge.connect(IoBridge.java:188)
2023-11-17 17:11:47.796  7857-16747 OkHttp                  com.huawei.hwid.core                 D  	at java.net.PlainSocketImpl.socketConnect(PlainSocketImpl.java:142)
2023-11-17 17:11:47.796  7857-16747 OkHttp                  com.huawei.hwid.core                 D  	at java.net.AbstractPlainSocketImpl.doConnect(AbstractPlainSocketImpl.java:390)
2023-11-17 17:11:47.796  7857-16747 OkHttp                  com.huawei.hwid.core                 D  	at java.net.AbstractPlainSocketImpl.connectToAddress(AbstractPlainSocketImpl.java:230)
2023-11-17 17:11:47.796  7857-16747 OkHttp                  com.huawei.hwid.core                 D  	at java.net.AbstractPlainSocketImpl.connect(AbstractPlainSocketImpl.java:212)
2023-11-17 17:11:47.796  7857-16747 OkHttp                  com.huawei.hwid.core                 D  	at java.net.SocksSocketImpl.connect(SocksSocketImpl.java:436)
2023-11-17 17:11:47.796  7857-16747 OkHttp                  com.huawei.hwid.core                 D  	at java.net.Socket.connect(Socket.java:621)
2023-11-17 17:11:47.796  7857-16747 OkHttp                  com.huawei.hwid.core                 D  	at com.huawei.hms.network.embedded.l8$b.call(Unknown Source:91)
2023-11-17 17:11:47.796  7857-16747 OkHttp                  com.huawei.hwid.core                 D  Caused by: android.system.ErrnoException: c*n*e*t*f*i*e*:*E*E*U*R*A*H*(*e*w*r* *s*u*r*a*h*b*e*
2023-11-17 17:11:47.796  7857-16747 OkHttp                  com.huawei.hwid.core                 D  	at libcore.io.Linux.connect(Native Method)
2023-11-17 17:11:47.796  7857-16747 OkHttp                  com.huawei.hwid.core                 D  	at libcore.io.ForwardingOs.connect(ForwardingOs.java:204)
2023-11-17 17:11:47.796  7857-16747 OkHttp                  com.huawei.hwid.core                 D  	at libcore.io.BlockGuardOs.connect(BlockGuardOs.java:157)
2023-11-17 17:11:47.796  7857-16747 OkHttp                  com.huawei.hwid.core                 D  	at libcore.io.ForwardingOs.connect(ForwardingOs.java:204)
2023-11-17 17:11:47.796  7857-16747 OkHttp                  com.huawei.hwid.core                 D  	at libcore.io.IoBridge.connectErrno(IoBridge.java:219)
2023-11-17 17:11:47.796  7857-16747 OkHttp                  com.huawei.hwid.core                 D  	at libcore.io.IoBridge.connect(IoBridge.java:180)
2023-11-17 17:11:47.796  7857-16747 OkHttp                  com.huawei.hwid.core                 D  	at java.net.PlainSocketImpl.socketConnect(PlainSocketImpl.java:142)
2023-11-17 17:11:47.796  7857-16747 OkHttp                  com.huawei.hwid.core                 D  	at java.net.AbstractPlainSocketImpl.doConnect(AbstractPlainSocketImpl.java:390)
2023-11-17 17:11:47.796  7857-16747 OkHttp                  com.huawei.hwid.core                 D  	at java.net.AbstractPlainSocketImpl.connectToAddress(AbstractPlainSocketImpl.java:230)
2023-11-17 17:11:47.796  7857-16747 OkHttp                  com.huawei.hwid.core                 D  	at java.net.AbstractPlainSocketImpl.connect(AbstractPlainSocketImpl.java:212)
2023-11-17 17:11:47.796  7857-16747 OkHttp                  com.huawei.hwid.core                 D  	at java.net.SocksSocketImpl.connect(SocksSocketImpl.java:436)
2023-11-17 17:11:47.796  7857-16747 OkHttp                  com.huawei.hwid.core                 D  	at java.net.Socket.connect(Socket.java:621)
2023-11-17 17:11:47.796  7857-16747 OkHttp                  com.huawei.hwid.core                 D  	at com.huawei.hms.network.embedded.l8$b.call(Unknown Source:91)
2023-11-17 17:11:47.796  7857-16747 OkHttp                  com.huawei.hwid.core                 D  	at com.huawei.hms.network.embedded.l8$b.call(Unknown Source:0)
2023-11-17 17:11:47.796  7857-16747 OkHttp                  com.huawei.hwid.core                 D  	at java.util.concurrent.FutureTask.run(FutureTask.java:266)
2023-11-17 17:11:47.796  7857-16747 OkHttp                  com.huawei.hwid.core                 D  	at java.util.concurrent.ThreadPoolExecutor.runWorker(ThreadPoolExecutor.java:1167)
2023-11-17 17:11:47.796  7857-16747 OkHttp                  com.huawei.hwid.core                 D  	at java.util.concurrent.ThreadPoolExecutor$Worker.run(ThreadPoolExecutor.java:641)
2023-11-17 17:11:47.796  7857-16747 OkHttp                  com.huawei.hwid.core                 D  	at java.lang.Thread.run(Thread.java:930)
2023-11-17 17:11:47.797  1861-4167  SWAP_AppModel           system_server                        I  finish msg processing!
2023-11-17 17:11:47.797  1861-7546  HiView.HiEvent          system_server                        I  Flatten done:990028997
2023-11-17 17:11:47.798  1861-7546  hievent_jni             system_server                        I  Write to dev len:81
2023-11-17 17:11:47.798  1861-7546  hievent_jni             system_server                        I  hievent_writer_write finish
2023-11-17 17:11:47.798  1861-2731  CollectDataProc         system_server                        I  [activity restore] procUserAction com.sincetimes.flurryisland uid 10216 action hotStart isLastKilled:true
2023-11-17 17:11:47.825   961-961   HiPush8.0.11.306        com...droid.pushagent.HiPushService  W  [PGManager ] Current is not within controlled state
2023-11-17 17:11:47.845  3424-3621  BrainClient             com.hihonor.android.launcher         D  BrainClient: call disconnect, caller is com.hihonor.android.launcher
2023-11-17 17:11:47.846  6141-6141  Brain_BrainService      com.hihonor.brain                    I  onDestroy end
2023-11-17 17:11:47.847  3424-3621  HnAppRec_1...ainService com.hihonor.android.launcher         I  brainClient disconnect
2023-11-17 17:11:47.851  1200-1200  CompositionEngine       surfaceflinger                       I  [isClientCompositionForced] Rounded Corners layer [Letterbox - top#0] client compose
2023-11-17 17:11:47.854  3277-3457  SrManager               com.hihonor.iaware                   D  front pkgs: [com.sincetimes.flurryisland]
2023-11-17 17:11:47.861  1861-2861  TrafficMonitor          system_server                        I  expired arrive. level:-1
2023-11-17 17:11:47.861  1861-2861  TrafficMonitor          system_server                        I  during_ms:2003,period_ms:2000
2023-11-17 17:11:47.861  1861-2861  TrafficMonitor          system_server                        I  count:7,rx_sum:38,tx_sum:38,rxBytes:12458,during_ms:2003,rx_speed:6219.670494258612,tx_speed:3143.784323514728,rto:1.0
2023-11-17 17:11:47.861  1861-2861  HihonorWif...ateMachine system_server                        I  Get speed information rx_speed = 6219 ,tx_speed = 3143 ,isSpeedOk = false ,mBestSpeedInPeriod = 6219
2023-11-17 17:11:47.864  1574-2750  dubaid                  dubaid                               E  [DeviceOperations.h] ControlDevice# Failed to ioctl: -1(Invalid argument)
2023-11-17 17:11:47.864  1574-2750  dubaid                  dubaid                               E  [DubaiDevice.cpp] TransData# Failed to control dubai driver device: 3
2023-11-17 17:11:47.864  1574-2750  dubaid                  dubaid                               E  [PowerStats.cpp] UpdateQcomSysmonStats# Fail to request qcom sysmon stats
2023-11-17 17:11:47.864  1574-2744  dubaid                  dubaid                               I  [GpuAccounter.cpp] GetPower# Invalid gpu frequency: 608, find best power
2023-11-17 17:11:47.865  1861-10157 NetworkStatsFactory     system_server                        W  mTunAnd464xlatAdjustedStats size: 483,delta:483
2023-11-17 17:11:47.868  1861-1909  NetworkStatsFactory     system_server                        W  mTunAnd464xlatAdjustedStats size: 483,delta:483
2023-11-17 17:11:47.873  1574-2752  dubaid                  dubaid                               E  [WifiStats.cpp] ReadWifiSleepStats# Failed to open wifi power stats: No such file or directory
2023-11-17 17:11:47.873  1574-2752  dubaid                  dubaid                               E  [WifiStats.cpp] BalanceWifiSleepTime# Failed to read wifi sleep data
2023-11-17 17:11:47.950  1861-2137  SurfaceControl          system_server                        I  nativeRelease 0xb40000718fb0ee80 count: 4
2023-11-17 17:11:47.966  1861-2137  HWMW_HwMag...anagerImpl system_server                        E  check service failed
2023-11-17 17:11:47.966  1861-2137  HWMW_HwMwUtils          system_server                        E  getHwMagicWinEnabled error
2023-11-17 17:11:47.967  1200-2828  SurfaceControl          surfaceflinger                       I  SurfaceControl 0xb400006f48b54b70
2023-11-17 17:11:47.967  1200-2828  SurfaceControl          surfaceflinger                       I  SurfaceControl 0xb400006f48b437c0
2023-11-17 17:11:47.967  1861-2137  SurfaceControl          system_server                        I  ~SurfaceControl 0xb40000718fb0ee80
2023-11-17 17:11:47.972  5043-5774  HONOR_AWAR...ClientImpl com.hihonor.awareness                I  key:HyperholdAssembler_HyperholdPredictTrigger_DeviceStatusFence_SCREEN_ON_1 triggerByIntent delay:5000, Caller [packageName=com.hihonor.brain, uid=10066, pid=6141, nameForUid=com.hihonor.brain, callback=Intent { act=com.hihonor.brain.action.BIND_AWARENESS_START }]
2023-11-17 17:11:47.972  5043-5774  HONOR_AWAR...nceManager com.hihonor.awareness                E  sendTriggerMsg action : com.hihonor.brain.action.BIND_AWARENESS_START, packageName : com.hihonor.brain, awarenessFence : AwarenessFence{key='HyperholdAssembler_HyperholdPredictTrigger_DeviceStatusFence_SCREEN_ON_1', type='DeviceStatusFence}
2023-11-17 17:11:47.972  5043-5967  HONOR_AWAR...nceManager com.hihonor.awareness                E  triggerByMessager isConnected : true
2023-11-17 17:11:47.973  5043-5967  HONOR_AWAR...nceManager com.hihonor.awareness                I  sendMessageToBrain key = HyperholdAssembler_HyperholdPredictTrigger_DeviceStatusFence_SCREEN_ON_1
2023-11-17 17:11:47.973  5043-5967  HiView.HiEvent          com.hihonor.awareness                I  Flatten done:991621019
2023-11-17 17:11:47.973  5043-5967  hievent_jni             com.hihonor.awareness                I  Write to dev len:272
2023-11-17 17:11:47.973  5043-5967  hievent_jni             com.hihonor.awareness                I  hievent_writer_write finish
2023-11-17 17:11:47.973  6141-6807  Brain_Hype...dAssembler com.hihonor.brain                    I  Aw feed DeviceStatusFence#HyperholdAssembler_HyperholdPredictTrigger_DeviceStatusFence_SCREEN_ON_1
2023-11-17 17:11:47.974  6141-6755  Brain_Hype...dAssembler com.hihonor.brain                    I  dispatch DeviceStatusFence#HyperholdAssembler_HyperholdPredictTrigger_DeviceStatusFence_SCREEN_ON_1
2023-11-17 17:11:47.974  6141-7320  Brain_Hype...dAssembler com.hihonor.brain                    I  [ts]start tsk HyperholdAssembler_HyperholdPredictTrigger_DeviceStatusFence_SCREEN_ON_1
2023-11-17 17:11:47.974  6141-7320  Brain_Hype...ictTrigger com.hihonor.brain                    I  screen on event
2023-11-17 17:11:47.974  6141-7320  Brain_Hype...ictTrigger com.hihonor.brain                    I  last screen on event time:1700212061576, this screen on event time:1700212307974
2023-11-17 17:11:47.974  6141-7320  Brain_Hype...ictTrigger com.hihonor.brain                    I  invoke prediction abandoned because lesson than 5 min from last screen on event
2023-11-17 17:11:47.974  6141-7320  Brain_Hype...dAssembler com.hihonor.brain                    I  HyperholdPredictTrigger result:KEEP:PAUSE, sink:0
2023-11-17 17:11:47.974  6141-7320  Brain_Hype...dAssembler com.hihonor.brain                    I  [ts]end tsk
2023-11-17 17:11:47.974  6141-7320  Brain_Hype...dAssembler com.hihonor.brain                    I  join end.
2023-11-17 17:11:47.982  1200-1200  Layer                   surfaceflinger                       I  [reparent] [Surface(name=Dim Layer for - Task=1935)/@0x4ef2ad0 - animation-leash of dimmer#0] newParent is null [0xb400007036ca8b70]
2023-11-17 17:11:47.982  1200-1200  SurfaceControl          surfaceflinger                       I  ~SurfaceControl 0xb400006f48b437c0
2023-11-17 17:11:47.982  1200-1200  SurfaceControl          surfaceflinger                       I  ~SurfaceControl 0xb400006f48b54b70
2023-11-17 17:11:47.982  1200-1200  Layer                   surfaceflinger                       I  ~Layer layername: Surface(name=Dim Layer for - Task=1935)/@0x4ef2ad0 - animation-leash of dimmer#0 address = 0xb400007036ca8b70
2023-11-17 17:11:47.982  1200-1200  SurfaceFlinger          surfaceflinger                       I  [onLayerDestroyed] [Surface(name=Dim Layer for - Task=1935)/@0x4ef2ad0 - animation-leash of dimmer#0] address:0xb400007036ca8b70 has destroyed
2023-11-17 17:11:48.037  1595-2848  Thermal-daemon:ambient  thermal-daemon                       E  GetTzTemp: fopen file failed
2023-11-17 17:11:48.075  1861-2136  HwWindowManagerService  system_server                        D  shouldDelayWhenUnlocking navigation bar mini
2023-11-17 17:11:48.075  1861-2136  TaskOrganizerController system_server                        D  removeStartingWindow contains googlepatch
2023-11-17 17:11:48.075  7857-8356  SecurityCo...3: SSLFNew com.huawei.hwid.core                 I  createSocket
2023-11-17 17:11:48.076  7857-8356  SecurityCo...3: SSLFNew com.huawei.hwid.core                 I  set default protocols
2023-11-17 17:11:48.076  1111-2768  ssc_motion              ven...r.hardware.motion@1.0-service  I  EventCb: start
2023-11-17 17:11:48.076  7857-8356  SecurityCo...3: SSLFNew com.huawei.hwid.core                 I  set default cipher
2023-11-17 17:11:48.076  1111-2768  ssc_motion              ven...r.hardware.motion@1.0-service  I  EventCb: msgId=1024
2023-11-17 17:11:48.076  1111-2768  ssc_motion              ven...r.hardware.motion@1.0-service  I  HandleMotionEvent: get data
2023-11-17 17:11:48.076  1111-2768  ssc_motion              ven...r.hardware.motion@1.0-service  I  HandleMotionEvent: motion=7, motionCntValue[0]=1, motionValue[1]=-1
2023-11-17 17:11:48.076  1111-2771  ssc_motion              ven...r.hardware.motion@1.0-service  I  MotionEventsPoll: end eventLen=2
2023-11-17 17:11:48.076  1111-2768  ssc_motion              ven...r.hardware.motion@1.0-service  I  EventCb: end
2023-11-17 17:11:48.077  1111-1128  motion@1.0-service      ven...r.hardware.motion@1.0-service  I  pollMotionResult g_pollResultReturn = 2
2023-11-17 17:11:48.077  1861-2772  system_server           system_server                        I  HWExtMotionService Motioncallback ret_cb:2 , motion_cb:7 , length_cb:2
2023-11-17 17:11:48.077  1861-1909  InputManager-JNI        system_server                        W  Input channel object 'ea5fb0f SnapshotStartingWindow for taskId=1935 (client)' was disposed without first being removed with the input manager!
2023-11-17 17:11:48.077  1861-2772  system_server           system_server                        I  HWExtMotionService valueSize:2 
2023-11-17 17:11:48.077  1861-2772  system_server           system_server                        D  HWExtDeviceService getActiveConnections 
2023-11-17 17:11:48.077  1861-2772  system_server           system_server                        D  HWExtDeviceService connSize:1 
2023-11-17 17:11:48.077  1861-2772  system_server           system_server                        D  ALOGD: HWExtDeviceManager::notifyDeviceData  type: 700 
2023-11-17 17:11:48.077  1861-2772  system_server           system_server                        D  HWExtDeviceManager::notifyDeviceData handleEvent uniqueId : 70001
2023-11-17 17:11:48.078  1861-2134  HWExtDeviceManager      system_server                        I  trigger onDeviceDataChanged : mListener : com.android.server.policy.HWExtMotionRotationProcessorEx$1@d563e04,type : 700
2023-11-17 17:11:48.078  1861-2134  HWEMRP                  system_server                        I  onDeviceDataChanged proposedRotation:-1
2023-11-17 17:11:48.078  1861-2134  HWEMRP                  system_server                        I  onDeviceDataChanged oldProposedRotation:0
2023-11-17 17:11:48.078  1111-2771  motion@1.0-service      ven...r.hardware.motion@1.0-service  D  g_motionPollResultReady::unlock out
2023-11-17 17:11:48.078  1111-2771  motion@1.0-service      ven...r.hardware.motion@1.0-service  I  ActMotionCb motionClientVector.size = 0
2023-11-17 17:11:48.078  1111-2771  motion@1.0-service      ven...r.hardware.motion@1.0-service  I  ActMotionCb out
2023-11-17 17:11:48.078  1111-2771  ssc_motion              ven...r.hardware.motion@1.0-service  I  MotionEventsPoll: start
2023-11-17 17:11:48.079  1200-1569  SurfaceFlinger          surfaceflinger                       I  createLayer layername: Surface(name=ea5fb0f SnapshotStartingWindow for taskId=1935)/@0xaeaf694 - animation-leash of window_animation#0 type: EffectLayer address = 0xb400007036ca8b70
2023-11-17 17:11:48.080  1861-1909  SurfaceControl          system_server                        I  SurfaceControl 0xb40000718fa1c0c0
2023-11-17 17:11:48.082  1200-1200  SurfaceFlinger          surfaceflinger                       I  handleLayerCreatedLocked layer update primary transform hint.
2023-11-17 17:11:48.083  1861-1909  HWMW_HwMag...anagerImpl system_server                        E  check service failed
2023-11-17 17:11:48.083  1861-1909  HWMW_HwMwUtils          system_server                        E  getHwMagicWinEnabled error
2023-11-17 17:11:48.084  1200-2828  SurfaceControl          surfaceflinger                       I  SurfaceControl 0xb400006f48b5e8e0
2023-11-17 17:11:48.084  1200-2828  SurfaceControl          surfaceflinger                       I  SurfaceControl 0xb400006f48b6bb40
2023-11-17 17:11:48.086  1861-2136  HwBrightne...eDetection system_server                        I  isHealthEyeWhenFlod() sIsContainsFoldPkgfalse
2023-11-17 17:11:48.086  1861-2137  HWMW_HwMag...anagerImpl system_server                        E  check service failed
2023-11-17 17:11:48.086  1861-2137  HWMW_HwMwUtils          system_server                        E  getHwMagicWinEnabled error
2023-11-17 17:11:48.087  1200-2828  SurfaceControl          surfaceflinger                       I  SurfaceControl 0xb400006f48b74200
2023-11-17 17:11:48.088  1861-2136  HwBrightne...eDetection system_server                        I  isHealthEyeWhenFlod() sIsContainsFoldPkgfalse
2023-11-17 17:11:48.089  7857-8356  SecurityCo...3: SX509TM com.huawei.hwid.core                 I  checkServerTrusted begin,size=2,authType=ECDHE_ECDSA
2023-11-17 17:11:48.090  1861-2137  HWMW_HwMag...anagerImpl system_server                        E  check service failed
2023-11-17 17:11:48.090  7857-8356  SecurityCo...3: SX509TM com.huawei.hwid.core                 I  check server i=0
2023-11-17 17:11:48.090  7857-8356  SecurityCo...3: SX509TM com.huawei.hwid.core                 I  client root ca size=31
2023-11-17 17:11:48.090  1861-2137  HWMW_HwMwUtils          system_server                        E  getHwMagicWinEnabled error
2023-11-17 17:11:48.091  1200-2828  SurfaceControl          surfaceflinger                       I  SurfaceControl 0xb400006f48b6f240
2023-11-17 17:11:48.094  7857-8356  SecurityCo...3: SX509TM com.huawei.hwid.core                 I  checkServerTrusted end, CN=GlobalSign Root CA, OU=Root CA, O=GlobalSign nv-sa, C=BE
2023-11-17 17:11:48.098  1200-1200  Layer                   surfaceflinger                       I  [setLayer] Surface(name=ea5fb0f SnapshotStartingWindow for taskId=1935)/@0xaeaf694 - animation-leash of window_animation#0 debug_AOD setlayer z = 2
2023-11-17 17:11:48.098  1200-1200  SurfaceControl          surfaceflinger                       I  ~SurfaceControl 0xb400006f48b6f240
2023-11-17 17:11:48.098  1200-1200  SurfaceControl          surfaceflinger                       I  ~SurfaceControl 0xb400006f48b74200
2023-11-17 17:11:48.098  1200-1200  SurfaceControl          surfaceflinger                       I  ~SurfaceControl 0xb400006f48b5e8e0
2023-11-17 17:11:48.098  1200-1200  SurfaceControl          surfaceflinger                       I  ~SurfaceControl 0xb400006f48b6bb40
2023-11-17 17:11:48.100  1861-2137  HWMW_HwMag...anagerImpl system_server                        E  check service failed
2023-11-17 17:11:48.100  1861-2137  HWMW_HwMwUtils          system_server                        E  getHwMagicWinEnabled error
2023-11-17 17:11:48.101  1200-2828  SurfaceControl          surfaceflinger                       I  SurfaceControl 0xb400006f48b6f9d0
2023-11-17 17:11:48.105  7857-8356  SecurityComp10200303:   com.huawei.hwid.core                 I  verify: certificate is : CN=avatar.id.huawei.com,O=Huawei Software Technologies Co.\, Ltd.,L=Nanjing,ST=Jiangsu,C=CN
2023-11-17 17:11:48.113  5043-8222  HONOR_AWAR...perAbility com.hihonor.awareness                I  collectLocation
2023-11-17 17:11:48.113  5043-8222  HONOR_AWAR...perAbility com.hihonor.awareness                I  no change location
2023-11-17 17:11:48.113  5043-8222  HONOR_AWAR...perAbility com.hihonor.awareness                E  cellTime is not valid
2023-11-17 17:11:48.113  5043-8222  HONOR_AWAR...perAbility com.hihonor.awareness                E  pushData envenType :5
2023-11-17 17:11:48.113  5043-8222  HONOR_AWAR...ityContext com.hihonor.awareness                I  [1700212308241] deliver to receiver CollectItem,key=522f3897-fc9d-40ca-8d39-8bafa3df1b6e
2023-11-17 17:11:48.114  5043-6270  HONOR_AWAR...ollectItem com.hihonor.awareness                I  receive data localCollectCount: 1
2023-11-17 17:11:48.114  5043-6270  HONOR_AWAR...tContainer com.hihonor.awareness                I  update id: 1010200012
2023-11-17 17:11:48.114  5043-6270  HONOR_AWAR...tContainer com.hihonor.awareness                W  (city、cityCode) is empty, supply old cityCode
2023-11-17 17:11:48.114  5043-6270  HONOR_AWAR...tContainer com.hihonor.awareness                I  current lat lon is invalid, supply old values
2023-11-17 17:11:48.115  5043-6130  HONOR_AWAR...oreService com.hihonor.awareness                I  start insert
2023-11-17 17:11:48.115  1200-1200  SurfaceControl          surfaceflinger                       I  ~SurfaceControl 0xb400006f48b6f9d0
2023-11-17 17:11:48.126  7857-16750 NetworkSdk...tAndPolicy com.huawei.hwid.core                 I  [HMSCore NetworkLog.java:1] Hwid-Core-Pool5 -->NetworkKit_netdiag_submit_task_142|null|com.huawei.hms.network.netdiag.tools.NetDetectAndPolicy|b|50|the time count will reset!
2023-11-17 17:11:48.127  7857-8356  HwIDRestClientCall      com.huawei.hwid.core                 I  [HwID_APK_log[6.12.2.302|6.12.0.301]core HwIDRestClientCall.java:168] realCall response code:200
2023-11-17 17:11:48.127  7857-8356  GwHttpRequest           com.huawei.hwid.core                 I  [HwID_APK_log[6.12.2.302|6.12.0.301]core GwHttpRequest.java:582] response contains valid transferID NeedEncrypt
2023-11-17 17:11:48.131  7857-8356  GwSilentTo...ttpRequest com.huawei.hwid.core                 I  [HwID_APK_log[6.12.2.302|6.12.0.301]core GwHttpRequest.java:435] oauth2/v3/silent_token request ctrID = 17002123077863151693965856581427
2023-11-17 17:11:48.133  7857-8356  AAIDUtils               com.huawei.hwid.core                 I  [HwID_APK_log[6.12.2.302|6.12.0.301]core AAIDUtils.java:49] queryAAID: 667d0
2023-11-17 17:11:48.134  7857-16751 Settings                com.huawei.hwid.core                 W  Setting adb_enabled has moved from android.provider.Settings.Secure to android.provider.Settings.Global.
2023-11-17 17:11:48.134  7857-16751 NetworkSdk...tAndPolicy com.huawei.hwid.core                 I  [HMSCore NetworkLog.java:1] Hwid-Core-Pool5 -->NetworkKit_report_ha_156|null|com.huawei.hms.network.netdiag.tools.NetDetectAndPolicy|netDetDiagInfo|139|the netdiag has collected;and the timeout = true
2023-11-17 17:11:48.135  7857-8356  OpLogItem               com.huawei.hwid.core                 I  [HwID_APK_log[6.12.2.302|6.12.0.301]core OpLogItem.java:222] networkType:1
2023-11-17 17:11:48.135  7857-7857  GwRequest               com.huawei.hwid.core                 I  [HwID_APK_log[6.12.2.302|6.12.0.301]core GwRequest.java:71] GwRequest: code=200
2023-11-17 17:11:48.135  7857-7857  GwHttpRequest           com.huawei.hwid.core                 I  [HwID_APK_log[6.12.2.302|6.12.0.301]core GwHttpRequest.java:582] response contains valid transferID NeedEncrypt
2023-11-17 17:11:48.136  5043-7184  HONOR_AWAR...eProcessor com.hihonor.awareness                I  insert db: olLmp, table: SubjectEventSet, itemTypeId: 1020100005!
2023-11-17 17:11:48.140  7857-7857  SignInSilentHelper      com.huawei.hwid.core                 I  [HwID_APK_log[6.12.2.302|6.12.0.301]core SignInSilentHelper.java:306] getSilentAuthToken response onSuccess
2023-11-17 17:11:48.140  7857-16745 HwidTimer               com.huawei.hwid.core                 I  [HwID_APK_log[6.12.2.302|6.12.0.301]core HwidTimer.java:57] serviceStartDownLatch InterruptedException
2023-11-17 17:11:48.141  7857-7857  SignInSilentHelper      com.huawei.hwid.core                 I  [HwID_APK_log[6.12.2.302|6.12.0.301]core SignInSilentHelper.java:463] needReqUserInfo=false
2023-11-17 17:11:48.141  7857-7857  SignInSilentHelper      com.huawei.hwid.core                 I  [HwID_APK_log[6.12.2.302|6.12.0.301]core SignInSilentHelper.java:504] updateAT
2023-11-17 17:11:48.142  7857-7857  ATTokenDS               com.huawei.hwid.core                 I  [HwID_APK_log[6.12.2.302|6.12.0.301]core ATTokenDS.java:257] updateAuthorizationInfo start.
2023-11-17 17:11:48.142  7857-7857  ATTokenDS               com.huawei.hwid.core                 I  [HwID_APK_log[6.12.2.302|6.12.0.301]core ATTokenDS.java:321] empty idtoken expire time
2023-11-17 17:11:48.142  7857-7857  ATTokenDS               com.huawei.hwid.core                 I  [HwID_APK_log[6.12.2.302|6.12.0.301]core ATTokenDS.java:324] new idtokenExpireTime = 1700215308142
2023-11-17 17:11:48.143  7857-7857  ATTokenDS               com.huawei.hwid.core                 I  [HwID_APK_log[6.12.2.302|6.12.0.301]core ATTokenDS.java:59] getSavedAuthorizationInfoByAppId start.
2023-11-17 17:11:48.143  7857-7857  AuthService             com.huawei.hwid.core                 I  [HMSCore AuthService.java:1] Enter queryAuthInfo
2023-11-17 17:11:48.143  7857-7857  AuthService             com.huawei.hwid.core                 I  [HMSCore AuthService.java:3] queryAuthInfo: 100170393,false,null
2023-11-17 17:11:48.143  7857-7857  InnerBindManager        com.huawei.hwid.core                 I  [HMSCore InnerBindManager.java:1] inner connect:3
2023-11-17 17:11:48.144  7857-16752 InnerBindManager        com.huawei.hwid.core                 I  [HMSCore InnerBindManager.java:2] invoke lock
2023-11-17 17:11:48.144  7857-7857  GetUserInfoUtils        com.huawei.hwid.core                 I  [HwID_APK_log[6.12.2.302|6.12.0.301]core GetUserInfoUtils.java:70] userInfo is not null.
2023-11-17 17:11:48.144  7857-16752 InnerBindManager        com.huawei.hwid.core                 I  [HMSCore InnerBindManager.java:12] invoke unlock
2023-11-17 17:11:48.144  7857-7857  GetUserInfoUtils        com.huawei.hwid.core                 I  [HwID_APK_log[6.12.2.302|6.12.0.301]core GetUserInfoUtils.java:71] flag result:0
2023-11-17 17:11:48.144  7857-16752 AppScope                com.huawei.hwid.core                 I  [HMSCore AppScope.java:3] getAuthInfo, appId: 100170393, applied: false, accountIndex:null
2023-11-17 17:11:48.144  7857-7857  SignInSilentHelper      com.huawei.hwid.core                 I  [HwID_APK_log[6.12.2.302|6.12.0.301]core SignInSilentHelper.java:485] mIsFromGetToken is : false
2023-11-17 17:11:48.144  7857-7857  SyscUserInfo            com.huawei.hwid.core                 I  [HwID_APK_log[6.12.2.302|6.12.0.301]core SyscUserInfo.java:46] startCheck syscUserInfo
2023-11-17 17:11:48.144  7857-16752 ATTokenDS               com.huawei.hwid.core                 I  [HwID_APK_log[6.12.2.302|6.12.0.301]core ATTokenDS.java:76] queryAuthInfo appId:100170393 code:0
2023-11-17 17:11:48.145  7857-16752 AuthService             com.huawei.hwid.core                 I  [HMSCore AuthService.java:1] Enter updateAuthInfo, appID: 100170393, accountIndex: null
2023-11-17 17:11:48.145  7857-7857  SyscUserInfoPreferences com.huawei.hwid.core                 I  [HwID_APK_log[6.12.2.302|6.12.0.301]core SyscUserInfoPreferences.java:94] result is false
2023-11-17 17:11:48.145  7857-7857  BroadcastUtil           com.huawei.hwid.core                 I  [HwID_APK_log[6.12.2.302|6.12.0.301]core BroadcastUtil.java:312] send inner sign in broadcast
2023-11-17 17:11:48.145  7857-16752 InnerBindManager        com.huawei.hwid.core                 I  [HMSCore InnerBindManager.java:1] inner connect:3
2023-11-17 17:11:48.145  7857-7857  SendInnerBrdUtil        com.huawei.hwid.core                 I  [HwID_APK_log[6.12.2.302|6.12.0.301]core SendInnerBrdUtil.java:103] Enter broadCastWithPermission
2023-11-17 17:11:48.145  7857-16752 InnerBindManager        com.huawei.hwid.core                 I  [HMSCore InnerBindManager.java:2] invoke lock
2023-11-17 17:11:48.145  7857-16752 InnerBindManager        com.huawei.hwid.core                 I  [HMSCore InnerBindManager.java:12] invoke unlock
2023-11-17 17:11:48.146  7857-16752 ScopeCache              com.huawei.hwid.core                 I  [HMSCore ScopeCache.java:1] update Scope, appid:100170393
2023-11-17 17:11:48.146  7857-16752 AppScope                com.huawei.hwid.core                 I  [HMSCore AppScope.java:1] update Scope, appid:100170393
2023-11-17 17:11:48.146  7857-16752 ScopeAssistant          com.huawei.hwid.core                 I  [HMSCore ScopeAssistant.java:2] write scope in cache file. appid:100170393
2023-11-17 17:11:48.146  7857-16752 ScopeAssistant          com.huawei.hwid.core                 I  [HMSCore ScopeAssistant.java:1] write CE, fileName:/data/user/0/com.huawei.hwid/cache/scopecachece/MTAwMTcwMzkz
2023-11-17 17:11:48.147  7857-7857  fwkit_kit_breaker       com.huawei.hwid.core                 W  [fwkit KitBreaker.java:343] infos invalid
2023-11-17 17:11:48.147  7857-16752 KeyBuilderV2            com.huawei.hwid.core                 I  [HMSCore KeyBuilderV2.java:1] start to build keyV2
2023-11-17 17:11:48.147  7857-8041  fwkit_kams_stubmanager  com.huawei.hwid.core                 I  [fwkit StubManagerService.java:449] getSPNByComponent:com.huawei.hms.analytics, com.huawei.hms.analytics, true
2023-11-17 17:11:48.147  7857-7857  fwkit_kit_breaker       com.huawei.hwid.core                 W  [fwkit KitBreaker.java:343] infos invalid
2023-11-17 17:11:48.147  7857-16752 SecurityCo...aseKeyUtil com.huawei.hwid.core                 I  exportRootKey: sha256
2023-11-17 17:11:48.147  7857-8041  fwkit_kams_scheduler    com.huawei.hwid.core                 I  [fwkit ProcessScheduler.java:423] ProPre:com.huawei.hwid.container3
2023-11-17 17:11:48.147  7857-8041  fwkit_kbct_dsp          com.huawei.hwid.core                 I  [fwkit KitBroadcastDispatcher.java:640] action:com.huawei.hwid.inner.signin,receiver:com.huawei.hms.analytics.receiver.HiAnalyticsSvcEvtReceiver|com.huawei.hwid.container3
2023-11-17 17:11:48.147  7857-8041  fwkit_kbct_dsp          com.huawei.hwid.core                 I  [fwkit KitBroadcastDispatcher.java:703] proc not run
2023-11-17 17:11:48.148  7857-8041  fwkit_kams_stubmanager  com.huawei.hwid.core                 I  [fwkit StubManagerService.java:449] getSPNByComponent:com.huawei.hms.analytics, com.huawei.hms.analytics, true
2023-11-17 17:11:48.148  7857-8041  fwkit_kams_scheduler    com.huawei.hwid.core                 I  [fwkit ProcessScheduler.java:423] ProPre:com.huawei.hwid.container3
2023-11-17 17:11:48.148  7857-8041  fwkit_kbct_dsp          com.huawei.hwid.core                 I  [fwkit KitBroadcastDispatcher.java:640] action:com.huawei.hwid.inner.signin,receiver:com.huawei.hms.analytics.receiver.HiAnalyticsSvcEvtReceiverHonor|com.huawei.hwid.container3
2023-11-17 17:11:48.148  7857-8041  fwkit_kbct_dsp          com.huawei.hwid.core                 I  [fwkit KitBroadcastDispatcher.java:703] proc not run
2023-11-17 17:11:48.149 29712-30832 fwkit_kac_kitloader     com.huawei.hwid.container3           I  [fwkit KitLoaderManager.java:210] kit loaded hianalytics_61001303 already exits, cost :0 ms
2023-11-17 17:11:48.150 29712-30832 fwkit_kac_kitloader     com.huawei.hwid.container3           I  [fwkit KitLoaderManager.java:210] kit loaded hianalytics_61001303 already exits, cost :0 ms
2023-11-17 17:11:48.151 29712-29712 HiAnalyticsKit          com.huawei.hwid.container3           I  HiAnalyticsReceiver=> onReceive is running
2023-11-17 17:11:48.151 29712-29712 HiAnalyticsKit          com.huawei.hwid.container3           I  PrivacyClass=> is new honor true
2023-11-17 17:11:48.153 29712-29712 HiAnalyticsKit          com.huawei.hwid.container3           I  HiAnalyticsReceiverHonor=> onReceive is running
2023-11-17 17:11:48.153 29712-29712 HiAnalyticsKit          com.huawei.hwid.container3           I  PrivacyClass=> is new honor true
